 main

 Timestamp is 618ef59c (Sat Nov 13 01:15:40 2021)

 Preferred load address is 0000000140000000

 Start         Length     Name                   Class
 0001:00000000 00000630H .text$di                CODE
 0001:00000630 000638e0H .text$mn                CODE
 0001:00063f10 00000040H .text$mn$00             CODE
 0001:00063f50 00000fb0H .text$x                 CODE
 0001:00064f00 000000f5H .text$yd                CODE
 0002:00000000 000002c0H .idata$5                DATA
 0002:000002c0 00000028H .00cfg                  DATA
 0002:000002e8 00000008H .CRT$XCA                DATA
 0002:000002f0 00000008H .CRT$XCAA               DATA
 0002:000002f8 00000138H .CRT$XCC                DATA
 0002:00000430 00000038H .CRT$XCL                DATA
 0002:00000468 00000008H .CRT$XCZ                DATA
 0002:00000470 00000008H .CRT$XIA                DATA
 0002:00000478 00000008H .CRT$XIAA               DATA
 0002:00000480 00000008H .CRT$XIAC               DATA
 0002:00000488 00000030H .CRT$XIC                DATA
 0002:000004b8 00000008H .CRT$XIZ                DATA
 0002:000004c0 00000008H .CRT$XPA                DATA
 0002:000004c8 00000010H .CRT$XPX                DATA
 0002:000004d8 00000008H .CRT$XPXA               DATA
 0002:000004e0 00000008H .CRT$XPZ                DATA
 0002:000004e8 00000008H .CRT$XTA                DATA
 0002:000004f0 00000010H .CRT$XTZ                DATA
 0002:000004f8 00000000H .gehcont$y              DATA
 0002:000004f8 00000000H .gfids$y                DATA
 0002:00000500 0001c800H .rdata                  DATA
 0002:0001cd00 00000000H .rdata$CastGuardVftablesA DATA
 0002:0001cd00 00000000H .rdata$CastGuardVftablesC DATA
 0002:0001cd00 00001054H .rdata$r                DATA
 0002:0001dd54 00000044H .rdata$voltmd           DATA
 0002:0001dd98 000003a8H .rdata$zzzdbg           DATA
 0002:0001e140 00000008H .rtc$IAA                DATA
 0002:0001e148 00000008H .rtc$IZZ                DATA
 0002:0001e150 00000008H .rtc$TAA                DATA
 0002:0001e158 00000008H .rtc$TZZ                DATA
 0002:0001e160 000022a8H .xdata                  DATA
 0002:00020408 000003ccH .xdata$x                DATA
 0002:000207d4 00000000H .edata                  DATA
 0002:000207d4 00000014H .idata$2                DATA
 0002:000207e8 00000018H .idata$3                DATA
 0002:00020800 000002c0H .idata$4                DATA
 0002:00020ac0 0000066eH .idata$6                DATA
 0003:00000000 00000ca0H .data                   DATA
 0003:00000ca0 000001f0H .data$r                 DATA
 0003:00000e90 00000400H .data$rs                DATA
 0003:00001290 000027f8H .bss                    DATA
 0004:00000000 00004cc8H .pdata                  DATA
 0005:00000000 000000f4H _RDATA                  DATA

  Address         Publics by Value              Rva+Base               Lib:Object

 0000:00000000       __x64_code_ranges_to_entry_points_count 0000000000000000     <absolute>
 0000:00000000       __arm64x_redirection_metadata 0000000000000000     <absolute>
 0000:00000000       __guard_iat_table          0000000000000000     <absolute>
 0000:00000000       __guard_longjmp_table      0000000000000000     <absolute>
 0000:00000000       __guard_iat_count          0000000000000000     <absolute>
 0000:00000000       __guard_longjmp_count      0000000000000000     <absolute>
 0000:00000000       __x64_code_ranges_to_entry_points 0000000000000000     <absolute>
 0000:00000000       __dynamic_value_reloc_table 0000000000000000     <absolute>
 0000:00000000       __hybrid_auxiliary_iat     0000000000000000     <absolute>
 0000:00000000       __guard_fids_count         0000000000000000     <absolute>
 0000:00000000       __hybrid_auxiliary_iat_copy 0000000000000000     <absolute>
 0000:00000000       ___safe_se_handler_table   0000000000000000     <absolute>
 0000:00000000       __arm64x_extra_rfe_table   0000000000000000     <absolute>
 0000:00000000       __hybrid_code_map          0000000000000000     <absolute>
 0000:00000000       __arm64x_extra_rfe_table_size 0000000000000000     <absolute>
 0000:00000000       __AbsoluteZero             0000000000000000     <absolute>
 0000:00000000       ___safe_se_handler_count   0000000000000000     <absolute>
 0000:00000000       __guard_check_icall_a64n_fptr 0000000000000000     <absolute>
 0000:00000000       __guard_fids_table         0000000000000000     <absolute>
 0000:00000000       __guard_eh_cont_count      0000000000000000     <absolute>
 0000:00000000       __arm64x_redirection_metadata_count 0000000000000000     <absolute>
 0000:00000000       __enclave_config           0000000000000000     <absolute>
 0000:00000000       __guard_eh_cont_table      0000000000000000     <absolute>
 0000:00000000       __arm64x_native_entrypoint 0000000000000000     <absolute>
 0000:00000000       __hybrid_code_map_count    0000000000000000     <absolute>
 0000:00000100       __guard_flags              0000000000000100     <absolute>
 0000:00000000       __ImageBase                0000000140000000     <linker-defined>
 0001:00000630       __scrt_exe_initialize_mta  0000000140001630 f   LIBCMTD:utility_desktop.obj
 0001:00000630       __scrt_initialize_winrt    0000000140001630 f   LIBCMTD:utility_desktop.obj
 0001:00000630       _get_startup_commit_mode   0000000140001630 f   LIBCMTD:commit_mode.obj
 0001:00000630       ?vkGetInstanceProcAddrStub@@YAP6AXXZPEAUVkInstance_T@@PEBD@Z 0000000140001630 f   main.obj
 0001:00000630       _get_startup_new_mode      0000000140001630 f   LIBCMTD:new_mode.obj
 0001:00000630       ?get_invalid_value@__crt_hmodule_traits@@SAPEAUHINSTANCE__@@XZ 0000000140001630 f   libucrtd:exit.obj
 0001:00000630       ?get_current_state_index@__crt_state_management@@YA_KXZ 0000000140001630 f   libucrtd:invalid_parameter.obj
 0001:00000630       __scrt_stub_for_initialize_mta 0000000140001630 f   LIBCMTD:utility_desktop.obj
 0001:00000630       _get_startup_thread_locale_mode 0000000140001630 f   LIBCMTD:thread_locale.obj
 0001:00000640       ??0id@locale@std@@QEAA@_K@Z 0000000140001640 f i main.obj
 0001:00000640       ??$?0U?$default_delete@V_Facet_base@std@@@std@@$0A@@?$unique_ptr@V_Facet_base@std@@U?$default_delete@V_Facet_base@std@@@2@@std@@QEAA@PEAV_Facet_base@1@@Z 0000000140001640 f i main.obj
 0001:00000650       ??$?6U?$char_traits@D@std@@@std@@YAAEAV?$basic_ostream@DU?$char_traits@D@std@@@0@AEAV10@PEBD@Z 0000000140001650 f i main.obj
 0001:00000910       ??$_Allocate@$0BA@U_Default_allocate_traits@std@@$0A@@std@@YAPEAX_K@Z 0000000140001910 f i main.obj
 0001:000009f0       ??$_Construct_in_place@PEADAEBQEAD@std@@YAXAEAPEADAEBQEAD@Z 00000001400019f0 f i main.obj
 0001:00000a00       ??$_Deallocate@$0BA@$0A@@std@@YAXPEAX_K@Z 0000000140001a00 f i main.obj
 0001:00000b30       ?_Getal@?$basic_string@DU?$char_traits@D@std@@V?$allocator@D@2@@std@@AEAAAEAV?$allocator@D@2@XZ 0000000140001b30 f i main.obj
 0001:00000b30       ??$_Unfancy@D@std@@YAPEADPEAD@Z 0000000140001b30 f i main.obj
 0001:00000b40       ??$_Verify_range@D@std@@YAXQEBD0@Z 0000000140001b40 f i main.obj
 0001:00000bb0       ??$endl@DU?$char_traits@D@std@@@std@@YAAEAV?$basic_ostream@DU?$char_traits@D@std@@@0@AEAV10@@Z 0000000140001bb0 f i main.obj
 0001:00000c50       ??$min@_K@std@@YAAEB_KAEB_K0@Z 0000000140001c50 f i main.obj
 0001:00000c60       ??$use_facet@V?$ctype@D@std@@@std@@YAAEBV?$ctype@D@0@AEBVlocale@0@@Z 0000000140001c60 f i main.obj
 0001:00000d70       ??$use_facet@V?$num_put@DV?$ostreambuf_iterator@DU?$char_traits@D@std@@@std@@@std@@@std@@YAAEBV?$num_put@DV?$ostreambuf_iterator@DU?$char_traits@D@std@@@std@@@0@AEBVlocale@0@@Z 0000000140001d70 f i main.obj
 0001:00000e80       ??$use_facet@V?$numpunct@D@std@@@std@@YAAEBV?$numpunct@D@0@AEBVlocale@0@@Z 0000000140001e80 f i main.obj
 0001:00000f90       ??0?$basic_string@DU?$char_traits@D@std@@V?$allocator@D@2@@std@@QEAA@$$QEAV01@@Z 0000000140001f90 f i main.obj
 0001:00001080       ??0?$basic_string@DU?$char_traits@D@std@@V?$allocator@D@2@@std@@QEAA@QEBD@Z 0000000140002080 f i main.obj
 0001:00001110       ??0?$basic_string@DU?$char_traits@D@std@@V?$allocator@D@2@@std@@QEAA@XZ 0000000140002110 f i main.obj
 0001:00001160       ??0?$basic_string@DU?$char_traits@D@std@@V?$allocator@D@2@@std@@QEAA@_KD@Z 0000000140002160 f i main.obj
 0001:000012b0       ??0?$numpunct@D@std@@QEAA@AEBV_Locinfo@1@_K_N@Z 00000001400022b0 f i main.obj
 0001:00001470       ??0_Locinfo@std@@QEAA@PEBD@Z 0000000140002470 f i main.obj
 0001:000014f0       ??0_System_error@std@@IEAA@Verror_code@1@AEBV?$basic_string@DU?$char_traits@D@std@@V?$allocator@D@2@@1@@Z 00000001400024f0 f i main.obj
 0001:00001750       ??0_System_error@std@@QEAA@AEBV01@@Z 0000000140002750 f i main.obj
 0001:000017a0       ??0bad_alloc@std@@QEAA@AEBV01@@Z 00000001400027a0 f i main.obj
 0001:000017e0       ??0bad_array_new_length@std@@QEAA@AEBV01@@Z 00000001400027e0 f i main.obj
 0001:00001820       ??0bad_array_new_length@std@@QEAA@XZ 0000000140002820 f i main.obj
 0001:00001850       ??0bad_cast@std@@QEAA@AEBV01@@Z 0000000140002850 f i main.obj
 0001:00001890       ??0bad_cast@std@@QEAA@XZ   0000000140002890 f i main.obj
 0001:000018c0       ??0exception@std@@QEAA@AEBV01@@Z 00000001400028c0 f i main.obj
 0001:00001900       ??0exception@std@@QEAA@QEBD@Z 0000000140002900 f i main.obj
 0001:00001940       ??0exception@std@@QEAA@QEBDH@Z 0000000140002940 f i main.obj
 0001:00001960       ??0facet@locale@std@@IEAA@_K@Z 0000000140002960 f i main.obj
 0001:00001980       ??0failure@ios_base@std@@QEAA@AEBV012@@Z 0000000140002980 f i main.obj
 0001:000019e0       ??0failure@ios_base@std@@QEAA@PEBDAEBVerror_code@2@@Z 00000001400029e0 f i main.obj
 0001:00001a20       ??0runtime_error@std@@QEAA@AEBV01@@Z 0000000140002a20 f i main.obj
 0001:00001a60       ??0sentry@?$basic_ostream@DU?$char_traits@D@std@@@std@@QEAA@AEAV12@@Z 0000000140002a60 f i main.obj
 0001:00001ae0       ??0system_error@std@@QEAA@AEBV01@@Z 0000000140002ae0 f i main.obj
 0001:00001b40       ??0system_error@std@@QEAA@Verror_code@1@PEBD@Z 0000000140002b40 f i main.obj
 0001:00001d90       ??1?$_Container_proxy_ptr12@V?$allocator@U_Container_proxy@std@@@std@@@std@@QEAA@XZ 0000000140002d90 f i main.obj
 0001:00001db0       ??1?$_Tidy_guard@V?$numpunct@D@std@@@std@@QEAA@XZ 0000000140002db0 f i main.obj
 0001:00001df0       ?_Tidy@?$_Yarn@D@std@@AEAAXXZ 0000000140002df0 f i main.obj
 0001:00001df0       ??1?$_Yarn@_W@std@@QEAA@XZ 0000000140002df0 f i main.obj
 0001:00001df0       ??1?$_Yarn@D@std@@QEAA@XZ  0000000140002df0 f i main.obj
 0001:00001e20       ??1?$basic_string@DU?$char_traits@D@std@@V?$allocator@D@2@@std@@QEAA@XZ 0000000140002e20 f i main.obj
 0001:00001e70       ??1?$unique_ptr@V_Facet_base@std@@U?$default_delete@V_Facet_base@std@@@2@@std@@QEAA@XZ 0000000140002e70 f i main.obj
 0001:00001e90       ??1_Locinfo@std@@QEAA@XZ   0000000140002e90 f i main.obj
 0001:00001f40       ??1_Sentry_base@?$basic_ostream@DU?$char_traits@D@std@@@std@@QEAA@XZ 0000000140002f40 f i main.obj
 0001:00001f70       ??1bad_array_new_length@std@@UEAA@XZ 0000000140002f70 f i main.obj
 0001:00001f70       ??1bad_alloc@std@@UEAA@XZ  0000000140002f70 f i main.obj
 0001:00001f70       ??1failure@ios_base@std@@UEAA@XZ 0000000140002f70 f i main.obj
 0001:00001f70       ??1runtime_error@std@@UEAA@XZ 0000000140002f70 f i main.obj
 0001:00001f70       ??1exception@std@@UEAA@XZ  0000000140002f70 f i main.obj
 0001:00001f70       ??1bad_cast@std@@UEAA@XZ   0000000140002f70 f i main.obj
 0001:00001f90       ??1facet@locale@std@@MEAA@XZ 0000000140002f90 f i main.obj
 0001:00001fa0       ??1locale@std@@QEAA@XZ     0000000140002fa0 f i main.obj
 0001:00001fd0       ??1sentry@?$basic_ostream@DU?$char_traits@D@std@@@std@@QEAA@XZ 0000000140002fd0 f i main.obj
 0001:00002010       ??2@YAPEAX_KPEAX@Z         0000000140003010 f i main.obj
 0001:00002020       ??2_Crt_new_delete@std@@SAPEAX_K@Z 0000000140003020 f i main.obj
 0001:00002060       ??3_Crt_new_delete@std@@SAXPEAX@Z 0000000140003060 f i main.obj
 0001:00002070       ??6?$basic_ostream@DU?$char_traits@D@std@@@std@@QEAAAEAV01@I@Z 0000000140003070 f i main.obj
 0001:00002280       ??6?$basic_ostream@DU?$char_traits@D@std@@@std@@QEAAAEAV01@M@Z 0000000140003280 f i main.obj
 0001:00002490       ??A?$basic_string@DU?$char_traits@D@std@@V?$allocator@D@2@@std@@QEAAAEAD_K@Z 0000000140003490 f i main.obj
 0001:00002540       ??Bid@locale@std@@QEAA_KXZ 0000000140003540 f i main.obj
 0001:00002590       ??_G?$ctype@D@std@@MEAAPEAXI@Z 0000000140003590 f i main.obj
 0001:00002590       ??_E?$ctype@D@std@@MEAAPEAXI@Z 0000000140003590 f i main.obj
 0001:00002620       ??_G?$num_put@DV?$ostreambuf_iterator@DU?$char_traits@D@std@@@std@@@std@@MEAAPEAXI@Z 0000000140003620 f i main.obj
 0001:00002620       ??_E?$num_put@DV?$ostreambuf_iterator@DU?$char_traits@D@std@@@std@@@std@@MEAAPEAXI@Z 0000000140003620 f i main.obj
 0001:00002620       ??_Gfacet@locale@std@@MEAAPEAXI@Z 0000000140003620 f i main.obj
 0001:00002620       ??_Efacet@locale@std@@MEAAPEAXI@Z 0000000140003620 f i main.obj
 0001:00002660       ??_G?$numpunct@D@std@@MEAAPEAXI@Z 0000000140003660 f i main.obj
 0001:00002660       ??_E?$numpunct@D@std@@MEAAPEAXI@Z 0000000140003660 f i main.obj
 0001:000026e0       ??_E_Facet_base@std@@UEAAPEAXI@Z 00000001400036e0 f i main.obj
 0001:000026e0       ??_G_Facet_base@std@@UEAAPEAXI@Z 00000001400036e0 f i main.obj
 0001:00002710       ??_G_Iostream_error_category2@std@@UEAAPEAXI@Z 0000000140003710 f i main.obj
 0001:00002710       ??_E_Iostream_error_category2@std@@UEAAPEAXI@Z 0000000140003710 f i main.obj
 0001:00002740       ??_Esystem_error@std@@UEAAPEAXI@Z 0000000140003740 f i main.obj
 0001:00002740       ??_Gfailure@ios_base@std@@UEAAPEAXI@Z 0000000140003740 f i main.obj
 0001:00002740       ??_E_System_error@std@@UEAAPEAXI@Z 0000000140003740 f i main.obj
 0001:00002740       ??_G_System_error@std@@UEAAPEAXI@Z 0000000140003740 f i main.obj
 0001:00002740       ??_Gsystem_error@std@@UEAAPEAXI@Z 0000000140003740 f i main.obj
 0001:00002740       ??_Efailure@ios_base@std@@UEAAPEAXI@Z 0000000140003740 f i main.obj
 0001:00002790       ??_Ebad_alloc@std@@UEAAPEAXI@Z 0000000140003790 f i main.obj
 0001:00002790       ??_Gbad_alloc@std@@UEAAPEAXI@Z 0000000140003790 f i main.obj
 0001:00002790       ??_Eruntime_error@std@@UEAAPEAXI@Z 0000000140003790 f i main.obj
 0001:00002790       ??_Gruntime_error@std@@UEAAPEAXI@Z 0000000140003790 f i main.obj
 0001:00002790       ??_Eexception@std@@UEAAPEAXI@Z 0000000140003790 f i main.obj
 0001:00002790       ??_Gbad_cast@std@@UEAAPEAXI@Z 0000000140003790 f i main.obj
 0001:00002790       ??_Gexception@std@@UEAAPEAXI@Z 0000000140003790 f i main.obj
 0001:00002790       ??_Gbad_array_new_length@std@@UEAAPEAXI@Z 0000000140003790 f i main.obj
 0001:00002790       ??_Ebad_array_new_length@std@@UEAAPEAXI@Z 0000000140003790 f i main.obj
 0001:00002790       ??_Ebad_cast@std@@UEAAPEAXI@Z 0000000140003790 f i main.obj
 0001:00004d50       ?_Calculate_growth@?$basic_string@DU?$char_traits@D@std@@V?$allocator@D@2@@std@@AEBA_K_K@Z 0000000140005d50 f i main.obj
 0001:00004d90       ?_Check_offset@?$_String_val@U?$_Simple_types@D@std@@@std@@QEBAX_K@Z 0000000140005d90 f i main.obj
 0001:00004db0       ?_Decref@facet@locale@std@@UEAAPEAV_Facet_base@3@XZ 0000000140005db0 f i main.obj
 0001:00004dc0       ?_Fput@?$num_put@DV?$ostreambuf_iterator@DU?$char_traits@D@std@@@std@@@std@@AEBA?AV?$ostreambuf_iterator@DU?$char_traits@D@std@@@2@V32@AEAVios_base@2@DPEBD_K@Z 0000000140005dc0 f i main.obj
 0001:000055d0       ?_Getcat@?$ctype@D@std@@SA_KPEAPEBVfacet@locale@2@PEBV42@@Z 00000001400065d0 f i main.obj
 0001:000057a0       ?_Getcat@?$num_put@DV?$ostreambuf_iterator@DU?$char_traits@D@std@@@std@@@std@@SA_KPEAPEBVfacet@locale@2@PEBV42@@Z 00000001400067a0 f i main.obj
 0001:00005950       ?_Getcat@?$numpunct@D@std@@SA_KPEAPEBVfacet@locale@2@PEBV42@@Z 0000000140006950 f i main.obj
 0001:00005b10       ?_Getfacet@locale@std@@QEBAPEBVfacet@12@_K@Z 0000000140006b10 f i main.obj
 0001:00005b60       ?_Incref@facet@locale@std@@UEAAXXZ 0000000140006b60 f i main.obj
 0001:00005b70       ?_Iput@?$num_put@DV?$ostreambuf_iterator@DU?$char_traits@D@std@@@std@@@std@@AEBA?AV?$ostreambuf_iterator@DU?$char_traits@D@std@@@2@V32@AEAVios_base@2@DPEAD_K@Z 0000000140006b70 f i main.obj
 0001:00006320       ?_Myptr@?$_String_val@U?$_Simple_types@D@std@@@std@@QEAAPEADXZ 0000000140007320 f i main.obj
 0001:00006330       ?_Orphan_all@_Container_base12@std@@QEAAXXZ 0000000140007330 f i main.obj
 0001:00006390       ?_Osfx@?$basic_ostream@DU?$char_traits@D@std@@@std@@QEAAXXZ 0000000140007390 f i main.obj
 0001:00006440       ?_Pnavail@?$basic_streambuf@DU?$char_traits@D@std@@@std@@IEBA_JXZ 0000000140007440 f i main.obj
 0001:00006460       ?_Pninc@?$basic_streambuf@DU?$char_traits@D@std@@@std@@IEAAPEADXZ 0000000140007460 f i main.obj
 0001:00006480       ?_Rep@?$num_put@DV?$ostreambuf_iterator@DU?$char_traits@D@std@@@std@@@std@@AEBA?AV?$ostreambuf_iterator@DU?$char_traits@D@std@@@2@V32@D_K@Z 0000000140007480 f i main.obj
 0001:00006530       ?_Throw_bad_array_new_length@std@@YAXXZ 0000000140007530 f i main.obj
 0001:00006550       ?_Throw_bad_cast@std@@YAXXZ 0000000140007550 f i main.obj
 0001:00006570       ?_Xlen_string@std@@YAXXZ   0000000140007570 f i main.obj
 0001:00006590       ?_Xran@?$_String_val@U?$_Simple_types@D@std@@@std@@SAXXZ 0000000140007590 f i main.obj
 0001:000065b0       ?__global_delete@@YAXPEAX_K@Z 00000001400075b0 f i main.obj
 0001:000065b0       _initialize_invalid_parameter_handler 00000001400075b0 f i LIBCMTD:invalid_parameter_handler.obj
 0001:000065b0       _initialize_denormal_control 00000001400075b0 f i LIBCMTD:denormal_control.obj
 0001:000065b0       ?__empty_global_delete@@YAXPEAX_K@Z 00000001400075b0 f i main.obj
 0001:000065c0       ?allocate@?$allocator@D@std@@QEAAPEAD_K@Z 00000001400075c0 f i main.obj
 0001:000065d0       ?append@?$basic_string@DU?$char_traits@D@std@@V?$allocator@D@2@@std@@QEAAAEAV12@QEBD_K@Z 00000001400075d0 f i main.obj
 0001:00006730       ?assign@?$_Narrow_char_traits@DH@std@@SAPEADQEAD_KD@Z 0000000140007730 f i main.obj
 0001:00006760       ?assign@?$_Narrow_char_traits@DH@std@@SAXAEADAEBD@Z 0000000140007760 f i main.obj
 0001:00006770       ?assign@?$basic_string@DU?$char_traits@D@std@@V?$allocator@D@2@@std@@QEAAAEAV12@QEBD_K@Z 0000000140007770 f i main.obj
 0001:00006860       ?c_str@locale@std@@QEBAPEBDXZ 0000000140007860 f i main.obj
 0001:00006890       ?clear@ios_base@std@@QEAAXH_N@Z 0000000140007890 f i main.obj
 0001:00006920       ?copy@?$_Char_traits@DH@std@@SAPEADQEADQEBD_K@Z 0000000140007920 f i main.obj
 0001:00006920       ?move@?$_Char_traits@DH@std@@SAPEADQEADQEBD_K@Z 0000000140007920 f i main.obj
 0001:00006940       ?deallocate@?$allocator@D@std@@QEAAXQEAD_K@Z 0000000140007940 f i main.obj
 0001:00006950       ?default_error_condition@error_category@std@@UEBA?AVerror_condition@2@H@Z 0000000140007950 f i main.obj
 0001:00006960       ?do_decimal_point@?$numpunct@D@std@@MEBADXZ 0000000140007960 f i main.obj
 0001:00006970       ?do_falsename@?$numpunct@D@std@@MEBA?AV?$basic_string@DU?$char_traits@D@std@@V?$allocator@D@2@@2@XZ 0000000140007970 f i main.obj
 0001:00006990       ?do_grouping@?$numpunct@D@std@@MEBA?AV?$basic_string@DU?$char_traits@D@std@@V?$allocator@D@2@@2@XZ 0000000140007990 f i main.obj
 0001:000069b0       ?do_narrow@?$ctype@D@std@@MEBADDD@Z 00000001400079b0 f i main.obj
 0001:000069b0       ?do_widen@?$ctype@D@std@@MEBADD@Z 00000001400079b0 f i main.obj
 0001:000069c0       ?do_narrow@?$ctype@D@std@@MEBAPEBDPEBD0DPEAD@Z 00000001400079c0 f i main.obj
 0001:00006a00       ?do_put@?$num_put@DV?$ostreambuf_iterator@DU?$char_traits@D@std@@@std@@@std@@MEBA?AV?$ostreambuf_iterator@DU?$char_traits@D@std@@@2@V32@AEAVios_base@2@DJ@Z 0000000140007a00 f i main.obj
 0001:00006b10       ?do_put@?$num_put@DV?$ostreambuf_iterator@DU?$char_traits@D@std@@@std@@@std@@MEBA?AV?$ostreambuf_iterator@DU?$char_traits@D@std@@@2@V32@AEAVios_base@2@DK@Z 0000000140007b10 f i main.obj
 0001:00006c20       ?do_put@?$num_put@DV?$ostreambuf_iterator@DU?$char_traits@D@std@@@std@@@std@@MEBA?AV?$ostreambuf_iterator@DU?$char_traits@D@std@@@2@V32@AEAVios_base@2@DN@Z 0000000140007c20 f i main.obj
 0001:00006fd0       ?do_put@?$num_put@DV?$ostreambuf_iterator@DU?$char_traits@D@std@@@std@@@std@@MEBA?AV?$ostreambuf_iterator@DU?$char_traits@D@std@@@2@V32@AEAVios_base@2@DO@Z 0000000140007fd0 f i main.obj
 0001:00007390       ?do_put@?$num_put@DV?$ostreambuf_iterator@DU?$char_traits@D@std@@@std@@@std@@MEBA?AV?$ostreambuf_iterator@DU?$char_traits@D@std@@@2@V32@AEAVios_base@2@DPEBX@Z 0000000140008390 f i main.obj
 0001:00007420       ?do_put@?$num_put@DV?$ostreambuf_iterator@DU?$char_traits@D@std@@@std@@@std@@MEBA?AV?$ostreambuf_iterator@DU?$char_traits@D@std@@@2@V32@AEAVios_base@2@D_J@Z 0000000140008420 f i main.obj
 0001:00007530       ?do_put@?$num_put@DV?$ostreambuf_iterator@DU?$char_traits@D@std@@@std@@@std@@MEBA?AV?$ostreambuf_iterator@DU?$char_traits@D@std@@@2@V32@AEAVios_base@2@D_K@Z 0000000140008530 f i main.obj
 0001:00007640       ?do_put@?$num_put@DV?$ostreambuf_iterator@DU?$char_traits@D@std@@@std@@@std@@MEBA?AV?$ostreambuf_iterator@DU?$char_traits@D@std@@@2@V32@AEAVios_base@2@D_N@Z 0000000140008640 f i main.obj
 0001:00007e50       ?do_thousands_sep@?$numpunct@D@std@@MEBADXZ 0000000140008e50 f i main.obj
 0001:00007e60       ?do_tolower@?$ctype@D@std@@MEBADD@Z 0000000140008e60 f i main.obj
 0001:00007e70       ?do_tolower@?$ctype@D@std@@MEBAPEBDPEADPEBD@Z 0000000140008e70 f i main.obj
 0001:00007ed0       ?do_toupper@?$ctype@D@std@@MEBADD@Z 0000000140008ed0 f i main.obj
 0001:00007ee0       ?do_toupper@?$ctype@D@std@@MEBAPEBDPEADPEBD@Z 0000000140008ee0 f i main.obj
 0001:00007f40       ?do_truename@?$numpunct@D@std@@MEBA?AV?$basic_string@DU?$char_traits@D@std@@V?$allocator@D@2@@2@XZ 0000000140008f40 f i main.obj
 0001:00007f60       ?do_widen@?$ctype@D@std@@MEBAPEBDPEBD0PEAD@Z 0000000140008f60 f i main.obj
 0001:00007fb0       ?eof@?$_Narrow_char_traits@DH@std@@SAHXZ 0000000140008fb0 f i main.obj
 0001:00007fc0       ?eq_int_type@?$_Narrow_char_traits@DH@std@@SA_NAEBH0@Z 0000000140008fc0 f i main.obj
 0001:00007fd0       ?equivalent@error_category@std@@UEBA_NAEBVerror_code@2@H@Z 0000000140008fd0 f i main.obj
 0001:00007ff0       ?equivalent@error_category@std@@UEBA_NHAEBVerror_condition@2@@Z 0000000140008ff0 f i main.obj
 0001:00008030       ?flush@?$basic_ostream@DU?$char_traits@D@std@@@std@@QEAAAEAV12@XZ 0000000140009030 f i main.obj
 0001:00008120       ?make_error_code@std@@YA?AVerror_code@1@W4io_errc@1@@Z 0000000140009120 f i main.obj
 0001:00008140       ?max_size@?$basic_string@DU?$char_traits@D@std@@V?$allocator@D@2@@std@@QEBA_KXZ 0000000140009140 f i main.obj
 0001:00008150       ?message@_Iostream_error_category2@std@@UEBA?AV?$basic_string@DU?$char_traits@D@std@@V?$allocator@D@2@@2@H@Z 0000000140009150 f i main.obj
 0001:00008280       ?name@_Iostream_error_category2@std@@UEBAPEBDXZ 0000000140009280 f i main.obj
 0001:00008290       ?put@?$basic_ostream@DU?$char_traits@D@std@@@std@@QEAAAEAV12@D@Z 0000000140009290 f i main.obj
 0001:00008430       ?release@?$unique_ptr@V_Facet_base@std@@U?$default_delete@V_Facet_base@std@@@2@@std@@QEAAPEAV_Facet_base@2@XZ 0000000140009430 f i main.obj
 0001:00008440       ?resize@?$basic_string@DU?$char_traits@D@std@@V?$allocator@D@2@@std@@QEAAX_KD@Z 0000000140009440 f i main.obj
 0001:000085c0       ?setstate@?$basic_ios@DU?$char_traits@D@std@@@std@@QEAAXH_N@Z 00000001400095c0 f i main.obj
 0001:000085e0       ?size@?$basic_string@DU?$char_traits@D@std@@V?$allocator@D@2@@std@@QEBA_KXZ 00000001400095e0 f i main.obj
 0001:000085f0       ?to_int_type@?$_Narrow_char_traits@DH@std@@SAHAEBD@Z 00000001400095f0 f i main.obj
 0001:00008600       ?what@exception@std@@UEBAPEBDXZ 0000000140009600 f i main.obj
 0001:00008620       ?widen@?$basic_ios@DU?$char_traits@D@std@@@std@@QEBADD@Z 0000000140009620 f i main.obj
 0001:00008690       __local_stdio_printf_options 0000000140009690 f i main.obj
 0001:000086a0       main                       00000001400096a0 f   main.obj
 0001:000087d0       sprintf_s                  00000001400097d0 f i main.obj
 0001:00008830       ??0_Init_locks@std@@QEAA@XZ 0000000140009830 f   libcpmtd:xlock.obj
 0001:000088c0       ??0_Lockit@std@@QEAA@H@Z   00000001400098c0 f   libcpmtd:xlock.obj
 0001:00008920       ??1_Init_locks@std@@QEAA@XZ 0000000140009920 f   libcpmtd:xlock.obj
 0001:000089a0       ??1_Lockit@std@@QEAA@XZ    00000001400099a0 f   libcpmtd:xlock.obj
 0001:000089f0       ??0bad_alloc@std@@QEAA@XZ  00000001400099f0 f i libcpmtd:xthrow.obj
 0001:00008a30       ??0length_error@std@@QEAA@AEBV01@@Z 0000000140009a30 f i libcpmtd:xthrow.obj
 0001:00008a70       ??0length_error@std@@QEAA@PEBD@Z 0000000140009a70 f i libcpmtd:xthrow.obj
 0001:00008ab0       ??0logic_error@std@@QEAA@AEBV01@@Z 0000000140009ab0 f i libcpmtd:xthrow.obj
 0001:00008af0       ??0logic_error@std@@QEAA@PEBD@Z 0000000140009af0 f i libcpmtd:xthrow.obj
 0001:00008b30       ??0out_of_range@std@@QEAA@AEBV01@@Z 0000000140009b30 f i libcpmtd:xthrow.obj
 0001:00008b70       ??0out_of_range@std@@QEAA@PEBD@Z 0000000140009b70 f i libcpmtd:xthrow.obj
 0001:00008bb0       ??0runtime_error@std@@QEAA@PEBD@Z 0000000140009bb0 f i libcpmtd:xthrow.obj
 0001:00008bf0       ??1out_of_range@std@@UEAA@XZ 0000000140009bf0 f i libcpmtd:xthrow.obj
 0001:00008bf0       ??1length_error@std@@UEAA@XZ 0000000140009bf0 f i libcpmtd:xthrow.obj
 0001:00008c10       ??1bad_exception@std@@UEAA@XZ 0000000140009c10 f i libvcruntimed:frame.obj
 0001:00008c10       ??1logic_error@std@@UEAA@XZ 0000000140009c10 f i libcpmtd:xthrow.obj
 0001:00008c30       ??_Eout_of_range@std@@UEAAPEAXI@Z 0000000140009c30 f i libcpmtd:xthrow.obj
 0001:00008c30       ??_Gout_of_range@std@@UEAAPEAXI@Z 0000000140009c30 f i libcpmtd:xthrow.obj
 0001:00008c30       ??_Glength_error@std@@UEAAPEAXI@Z 0000000140009c30 f i libcpmtd:xthrow.obj
 0001:00008c30       ??_Elength_error@std@@UEAAPEAXI@Z 0000000140009c30 f i libcpmtd:xthrow.obj
 0001:00008c70       ??_Gbad_exception@std@@UEAAPEAXI@Z 0000000140009c70 f i libvcruntimed:frame.obj
 0001:00008c70       ??_Elogic_error@std@@UEAAPEAXI@Z 0000000140009c70 f i libcpmtd:xthrow.obj
 0001:00008c70       ??_Glogic_error@std@@UEAAPEAXI@Z 0000000140009c70 f i libcpmtd:xthrow.obj
 0001:00008c70       ??_Ebad_exception@std@@UEAAPEAXI@Z 0000000140009c70 f i libvcruntimed:frame.obj
 0001:00008cb0       ?__scrt_throw_std_bad_alloc@@YAXXZ 0000000140009cb0 f   LIBCMTD:throw_bad_alloc.obj
 0001:00008cb0       ?_Xbad_alloc@std@@YAXXZ    0000000140009cb0 f   libcpmtd:xthrow.obj
 0001:00008ce0       ?_Xlength_error@std@@YAXPEBD@Z 0000000140009ce0 f   libcpmtd:xthrow.obj
 0001:00008d10       ?_Xout_of_range@std@@YAXPEBD@Z 0000000140009d10 f   libcpmtd:xthrow.obj
 0001:00008d40       ?_Xruntime_error@std@@YAXPEBD@Z 0000000140009d40 f   libcpmtd:xthrow.obj
 0001:00008d70       ?uncaught_exception@std@@YA_NXZ 0000000140009d70 f   libcpmtd:uncaught_exception.obj
 0001:00008d80       ?dangerous_get_state_array@?$dual_state_global@PEAPEAD@__crt_state_management@@QEAAPEAPEAPEADXZ 0000000140009d80 f i libucrtd:timeset.obj
 0001:00008d80       ?dangerous_get_state_array@?$dual_state_global@PEAPEA_W@__crt_state_management@@QEAAPEAPEAPEA_WXZ 0000000140009d80 f i libucrtd:timeset.obj
 0001:00008d80       ?debug_info@?$__crt_win32_buffer@_WU__crt_win32_buffer_internal_dynamic_resizing@@@@QEBAAEBV__crt_win32_buffer_empty_debug_info@@XZ 0000000140009d80 f i libucrtd:strftime.obj
 0001:00008d80       ?dangerous_get_state_array@?$dual_state_global@PEAU__crt_locale_data@@@__crt_state_management@@QEAAPEAPEAU__crt_locale_data@@XZ 0000000140009d80 f i libucrtd:per_thread_data.obj
 0001:00008d80       ?get_address_of@?$__crt_unique_handle_t@U__crt_hmodule_traits@@@@QEAAPEAPEAUHINSTANCE__@@XZ 0000000140009d80 f i libucrtd:exit.obj
 0001:00008d80       ?dangerous_get_state_array@?$dual_state_global@H@__crt_state_management@@QEAAPEAHXZ 0000000140009d80 f i libucrtd:txtmode.obj
 0001:00008d80       ?dangerous_get_state_array@?$dual_state_global@PEAU__crt_multibyte_data@@@__crt_state_management@@QEAAPEAPEAU__crt_multibyte_data@@XZ 0000000140009d80 f i libucrtd:mbctype.obj
 0001:00008d80       ??$forward@AEAViterator@TryBlockMap@__FrameHandler3@@@std@@YAAEAViterator@TryBlockMap@__FrameHandler3@@AEAV123@@Z 0000000140009d80 f i libvcruntimed:risctrnsctrl.obj
 0001:00008d80       ?get_address_of@?$__crt_unique_heap_ptr@PEADU__crt_internal_free_policy@@@@QEAAPEAPEAPEADXZ 0000000140009d80 f i libucrtd:argv_parsing.obj
 0001:00008d80       ?debug_info@?$__crt_win32_buffer@DU__crt_win32_buffer_no_resizing@@@@QEBAAEBV__crt_win32_buffer_empty_debug_info@@XZ 0000000140009d80 f i libucrtd:strftime.obj
 0001:00008d80       ??$_Atomic_address_as@_JU?$_Atomic_padded@_J@std@@@std@@YAPED_JAEBU?$_Atomic_padded@_J@0@@Z 0000000140009d80 f i libcpmtd:xtime.obj
 0001:00008d80       ??$_Atomic_address_as@_JU?$_Atomic_padded@_J@std@@@std@@YAPEC_JAEAU?$_Atomic_padded@_J@0@@Z 0000000140009d80 f i libcpmtd:xtime.obj
 0001:00008d80       ??$addressof@$$CBV?$codecvt@DDU_Mbstatet@@@std@@@std@@YAPEBV?$codecvt@DDU_Mbstatet@@@0@AEBV10@@Z 0000000140009d80 f i libcpmtd:cout.obj
 0001:00008d80       ?dangerous_get_state_array@?$dual_state_global@P6AXPEB_W00I_K@Z@__crt_state_management@@QEAAPEAP6AXPEB_W00I_K@ZXZ 0000000140009d80 f i libucrtd:invalid_parameter.obj
 0001:00008d80       ?dangerous_get_state_array@?$dual_state_global@PEAE@__crt_state_management@@QEAAPEAPEAEXZ 0000000140009d80 f i libucrtd:mbctype.obj
 0001:00008d80       ??$forward@AEAViterator@TryBlockMap4@FH4@@@std@@YAAEAViterator@TryBlockMap4@FH4@@AEAV123@@Z 0000000140009d80 f i libvcruntimed:risctrnsctrl.obj
 0001:00008d80       ?debug_info@?$__crt_win32_buffer@DU__crt_win32_buffer_internal_dynamic_resizing@@@@QEBAAEBV__crt_win32_buffer_empty_debug_info@@XZ 0000000140009d80 f i libucrtd:argv_wildcards.obj
 0001:00008d90       ?save_state@?$c_string_character_source@_W@__crt_strtox@@QEBAPEB_WXZ 0000000140009d90 f i libucrtd:strtod.obj
 0001:00008d90       ?get@?$__crt_unique_heap_ptr@PEADU__crt_internal_free_policy@@@@QEBAPEAPEADXZ 0000000140009d90 f i libucrtd:argv_parsing.obj
 0001:00008d90       ?get@?$__crt_unique_heap_ptr@U__acrt_ptd@@U__crt_internal_free_policy@@@@QEBAPEAU__acrt_ptd@@XZ 0000000140009d90 f i libucrtd:per_thread_data.obj
 0001:00008d90       ?get@?$__crt_unique_heap_ptr@_WU__crt_internal_free_policy@@@@QEBAPEA_WXZ 0000000140009d90 f i libucrtd:setlocale.obj
 0001:00008d90       ?get@?$__crt_unique_handle_t@U__crt_findfile_traits@@@@QEBAPEAXXZ 0000000140009d90 f i libucrtd:argv_wildcards.obj
 0001:00008d90       ??C__crt_stdio_stream@@QEBAPEAU__crt_stdio_stream_data@@XZ 0000000140009d90 f i libucrtd:fclose.obj
 0001:00008d90       ?get@?$__crt_unique_heap_ptr@U__vcrt_ptd@@U__crt_internal_free_policy@@@@QEBAPEAU__vcrt_ptd@@XZ 0000000140009d90 f i libvcruntimed:per_thread_data.obj
 0001:00008d90       ?public_stream@__crt_stdio_stream@@QEBAPEAU_iobuf@@XZ 0000000140009d90 f i libucrtd:fclose.obj
 0001:00008d90       ?get@?$__crt_scoped_stack_ptr@_W@@QEBAPEA_WXZ 0000000140009d90 f i libcpmtd:StlLCMapStringA.obj
 0001:00008d90       ?get@?$__crt_unique_heap_ptr@U__crt_lowio_handle_data@@U__crt_internal_free_policy@@@@QEBAPEAU__crt_lowio_handle_data@@XZ 0000000140009d90 f i libucrtd:osfinfo.obj
 0001:00008d90       ?get@?$__crt_unique_handle_t@U__crt_hmodule_traits@@@@QEBAPEAUHINSTANCE__@@XZ 0000000140009d90 f i libucrtd:exit.obj
 0001:00008d90       ?get@?$__crt_unique_heap_ptr@DU__crt_internal_free_policy@@@@QEBAPEADXZ 0000000140009d90 f i libvcruntimed:std_type_info.obj
 0001:00008d90       ??$_Atomic_reinterpret_as@_J_J@std@@YA_JAEB_J@Z 0000000140009d90 f i libcpmtd:xtime.obj
 0001:00008d90       ?get@?$__crt_unique_heap_ptr@U__crt_lc_time_data@@U__crt_internal_free_policy@@@@QEBAPEAU__crt_lc_time_data@@XZ 0000000140009d90 f i libucrtd:inittime.obj
 0001:00008d90       ?get@?$__crt_unique_heap_ptr@U__crt_multibyte_data@@U__crt_internal_free_policy@@@@QEBAPEAU__crt_multibyte_data@@XZ 0000000140009d90 f i libucrtd:wsetlocale.obj
 0001:00008d90       ?get@?$__crt_unique_heap_ptr@EU__crt_internal_free_policy@@@@QEBAPEAEXZ 0000000140009d90 f i libcpmtd:xwcsxfrm.obj
 0001:00008d90       ?get@?$__crt_unique_heap_ptr@DU__crt_public_free_policy@@@@QEBAPEADXZ 0000000140009d90 f i libvcruntimed:std_exception.obj
 0001:00008d90       ?save_state@?$c_string_character_source@D@__crt_strtox@@QEBAPEBDXZ 0000000140009d90 f i libucrtd:strtod.obj
 0001:00008da0       ?_Load_barrier@std@@YAXW4memory_order@1@@Z 0000000140009da0 f i libcpmtd:xtime.obj
 0001:00008e60       ?load@?$_Atomic_storage@_J$07@std@@QEBA_JW4memory_order@2@@Z 0000000140009e60 f i libcpmtd:xtime.obj
 0001:00008ea0       ?store@?$_Atomic_storage@_J$07@std@@QEAAX_J@Z 0000000140009ea0 f i libcpmtd:xtime.obj
 0001:00008ef0       ?store@?$_Atomic_storage@_J$07@std@@QEAAX_JW4memory_order@2@@Z 0000000140009ef0 f i libcpmtd:xtime.obj
 0001:00009010       _Query_perf_counter        000000014000a010 f   libcpmtd:xtime.obj
 0001:00009030       _Query_perf_frequency      000000014000a030 f   libcpmtd:xtime.obj
 0001:00009090       ?_Syserror_map@std@@YAPEBDH@Z 000000014000a090 f   libcpmtd:syserror.obj
 0001:00009110       ??0?$_Yarn@D@std@@QEAA@PEBD@Z 000000014000a110 f i libcpmtd:locale0.obj
 0001:00009150       ??0_Fac_node@std@@QEAA@PEAU01@PEAV_Facet_base@1@@Z 000000014000a150 f i libcpmtd:locale0.obj
 0001:00009150       ??0TryBlockMap@__FrameHandler3@@QEAA@PEBU_s_FuncInfo@@_K@Z 000000014000a150 f i libvcruntimed:frame.obj
 0001:00009150       ??0iterator@UWMap4@FH4@@QEAA@AEAV12@PEAE@Z 000000014000a150 f i libvcruntimed:frame.obj
 0001:00009180       ??0_Locimp@locale@std@@AEAA@_N@Z 000000014000a180 f i libcpmtd:locale0.obj
 0001:00009210       ??0locale@std@@AEAA@PEAV_Locimp@01@@Z 000000014000a210 f i libcpmtd:locale0.obj
 0001:00009230       ??0locale@std@@QEAA@W4_Uninitialized@1@@Z 000000014000a230 f i libcpmtd:locale0.obj
 0001:00009240       ??1_Fac_node@std@@QEAA@XZ  000000014000a240 f i libcpmtd:locale0.obj
 0001:000092d0       ??1_Fac_tidy_reg_t@std@@QEAA@XZ 000000014000a2d0 f i libcpmtd:locale0.obj
 0001:00009340       ??1_Locimp@locale@std@@MEAA@XZ 000000014000a340 f i libcpmtd:locale0.obj
 0001:00009390       ??2_Fac_node@std@@SAPEAX_K@Z 000000014000a390 f i libcpmtd:locale0.obj
 0001:000093f0       ??3_Fac_node@std@@SAXPEAX@Z 000000014000a3f0 f i libcpmtd:locale0.obj
 0001:00009410       ??4?$_Yarn@D@std@@QEAAAEAV01@PEBD@Z 000000014000a410 f i libcpmtd:locale0.obj
 0001:000094e0       ??_G_Fac_node@std@@QEAAPEAXI@Z 000000014000a4e0 f i libcpmtd:locale0.obj
 0001:00009540       ??_G_Locimp@locale@std@@MEAAPEAXI@Z 000000014000a540 f i libcpmtd:locale0.obj
 0001:00009540       ??_E_Locimp@locale@std@@MEAAPEAXI@Z 000000014000a540 f i libcpmtd:locale0.obj
 0001:000095a0       ?_C_str@?$_Yarn@D@std@@QEBAPEBDXZ 000000014000a5a0 f i libcpmtd:locale0.obj
 0001:000095e0       ?_Empty@?$_Yarn@D@std@@QEBA_NXZ 000000014000a5e0 f i libcpmtd:locale0.obj
 0001:00009610       ?_Facet_Register@std@@YAXPEAV_Facet_base@1@@Z 000000014000a610 f   libcpmtd:locale0.obj
 0001:00009680       ?_Getgloballocale@locale@std@@CAPEAV_Locimp@12@XZ 000000014000a680 f   libcpmtd:locale0.obj
 0001:00009690       ?_Init@locale@std@@CAPEAV_Locimp@12@_N@Z 000000014000a690 f   libcpmtd:locale0.obj
 0001:000097a0       ?_Locimp_dtor@_Locimp@locale@std@@CAXPEAV123@@Z 000000014000a7a0 f   libcpmtd:locale0.obj
 0001:000098a0       ?_Locinfo_ctor@_Locinfo@std@@SAXPEAV12@PEBD@Z 000000014000a8a0 f   libcpmtd:locale0.obj
 0001:00009950       ?_Locinfo_dtor@_Locinfo@std@@SAXPEAV12@@Z 000000014000a950 f   libcpmtd:locale0.obj
 0001:000099a0       ?_New_Locimp@_Locimp@locale@std@@CAPEAV123@_N@Z 000000014000a9a0 f   libcpmtd:locale0.obj
 0001:00009a00       ?_Setgloballocale@locale@std@@CAXPEAX@Z 000000014000aa00 f   libcpmtd:locale0.obj
 0001:00009a40       _Deletegloballocale        000000014000aa40 f   libcpmtd:locale0.obj
 0001:00009b10       _Getctype                  000000014000ab10 f   libcpmtd:_tolower.obj
 0001:00009bf0       _Tolower                   000000014000abf0 f   libcpmtd:_tolower.obj
 0001:00009e90       _Getcvt                    000000014000ae90 f   libcpmtd:xwctomb.obj
 0001:00009fc0       _Toupper                   000000014000afc0 f   libcpmtd:_toupper.obj
 0001:0000a260       ??$_Fgetc@D@std@@YA_NAEADPEAU_iobuf@@@Z 000000014000b260 f i libcpmtd:cout.obj
 0001:0000a2a0       ??$_Fputc@D@std@@YA_NDPEAU_iobuf@@@Z 000000014000b2a0 f i libcpmtd:cout.obj
 0001:0000a2e0       ??$_Reallocate_grow_by@V<lambda_1>@?1??push_back@?$basic_string@DU?$char_traits@D@std@@V?$allocator@D@2@@std@@QEAAXD@Z@D@?$basic_string@DU?$char_traits@D@std@@V?$allocator@D@2@@std@@AEAAAEAV01@_KV<lambda_1>@?1??push_back@01@QEAAXD@Z@D@Z 000000014000b2e0 f i libcpmtd:cout.obj
 0001:0000a4d0       ??$_Ungetc@D@std@@YA_NAEBDPEAU_iobuf@@@Z 000000014000b4d0 f i libcpmtd:cout.obj
 0001:0000a520       ??$min@_J@std@@YAAEB_JAEB_J0@Z 000000014000b520 f i libcpmtd:cout.obj
 0001:0000a570       ??$use_facet@V?$codecvt@DDU_Mbstatet@@@std@@@std@@YAAEBV?$codecvt@DDU_Mbstatet@@@0@AEBVlocale@0@@Z 000000014000b570 f i libcpmtd:cout.obj
 0001:0000a690       ??0?$basic_filebuf@DU?$char_traits@D@std@@@std@@QEAA@QEAU_iobuf@@@Z 000000014000b690 f i libcpmtd:cout.obj
 0001:0000a6e0       ??0?$basic_ios@DU?$char_traits@D@std@@@std@@IEAA@XZ 000000014000b6e0 f i libcpmtd:cout.obj
 0001:0000a710       ??0?$basic_ostream@DU?$char_traits@D@std@@@std@@QEAA@PEAV?$basic_streambuf@DU?$char_traits@D@std@@@1@_N@Z 000000014000b710 f i libcpmtd:cout.obj
 0001:0000a7e0       ??0?$basic_streambuf@DU?$char_traits@D@std@@@std@@IEAA@XZ 000000014000b7e0 f i libcpmtd:cout.obj
 0001:0000a850       ??0?$codecvt@DDU_Mbstatet@@@std@@QEAA@AEBV_Locinfo@1@_K@Z 000000014000b850 f i libcpmtd:cout.obj
 0001:0000a8a0       ??0?$fpos@U_Mbstatet@@@std@@QEAA@U_Mbstatet@@_J@Z 000000014000b8a0 f i libcpmtd:cout.obj
 0001:0000a8e0       ??0?$fpos@U_Mbstatet@@@std@@QEAA@_J@Z 000000014000b8e0 f i libcpmtd:cout.obj
 0001:0000a930       ??0_Init_cout@std@@QEAA@XZ 000000014000b930 f i libcpmtd:cout.obj
 0001:0000aa10       ??0codecvt_base@std@@QEAA@_K@Z 000000014000ba10 f i libcpmtd:cout.obj
 0001:0000aa50       ??0ios_base@std@@IEAA@XZ   000000014000ba50 f i libcpmtd:cout.obj
 0001:0000aaa0       ??0locale@std@@QEAA@XZ     000000014000baa0 f i libcpmtd:cout.obj
 0001:0000aad0       ??1?$basic_filebuf@DU?$char_traits@D@std@@@std@@UEAA@XZ 000000014000bad0 f i libcpmtd:cout.obj
 0001:0000ab30       ??1?$basic_ios@DU?$char_traits@D@std@@@std@@UEAA@XZ 000000014000bb30 f i libcpmtd:cout.obj
 0001:0000ab60       ??1?$basic_ostream@DU?$char_traits@D@std@@@std@@UEAA@XZ 000000014000bb60 f i libcpmtd:cout.obj
 0001:0000abb0       ??1?$basic_streambuf@DU?$char_traits@D@std@@@std@@UEAA@XZ 000000014000bbb0 f i libcpmtd:cout.obj
 0001:0000ac10       ??1?$codecvt@DDU_Mbstatet@@@std@@MEAA@XZ 000000014000bc10 f i libcpmtd:cout.obj
 0001:0000ac40       ??1codecvt_base@std@@UEAA@XZ 000000014000bc40 f i libcpmtd:cout.obj
 0001:0000ac70       ??1ios_base@std@@UEAA@XZ   000000014000bc70 f i libcpmtd:cout.obj
 0001:0000aca0       ??B?$fpos@U_Mbstatet@@@std@@QEBA_JXZ 000000014000bca0 f i libcpmtd:cout.obj
 0001:0000acc0       ??R<lambda_1>@?1??push_back@?$basic_string@DU?$char_traits@D@std@@V?$allocator@D@2@@std@@QEAAXD@Z@QEBA@QEADQEBD_KD@Z 000000014000bcc0 f i libcpmtd:cout.obj
 0001:0000ad30       ??_D?$basic_ostream@DU?$char_traits@D@std@@@std@@QEAAXXZ 000000014000bd30 f i libcpmtd:cout.obj
 0001:0000ad60       ??_E?$basic_ostream@DU?$char_traits@D@std@@@std@@$4PPPPPPPM@A@EAAPEAXI@Z 000000014000bd60 f i libcpmtd:cout.obj
 0001:0000ad70       ??_G?$basic_filebuf@DU?$char_traits@D@std@@@std@@UEAAPEAXI@Z 000000014000bd70 f i libcpmtd:cout.obj
 0001:0000ad70       ??_E?$basic_filebuf@DU?$char_traits@D@std@@@std@@UEAAPEAXI@Z 000000014000bd70 f i libcpmtd:cout.obj
 0001:0000adb0       ??_G?$basic_ios@DU?$char_traits@D@std@@@std@@UEAAPEAXI@Z 000000014000bdb0 f i libcpmtd:cout.obj
 0001:0000adb0       ??_E?$basic_ios@DU?$char_traits@D@std@@@std@@UEAAPEAXI@Z 000000014000bdb0 f i libcpmtd:cout.obj
 0001:0000adf0       ??_G?$basic_ostream@DU?$char_traits@D@std@@@std@@UEAAPEAXI@Z 000000014000bdf0 f i libcpmtd:cout.obj
 0001:0000adf0       ??_E?$basic_ostream@DU?$char_traits@D@std@@@std@@UEAAPEAXI@Z 000000014000bdf0 f i libcpmtd:cout.obj
 0001:0000ae40       ??_E?$basic_streambuf@DU?$char_traits@D@std@@@std@@UEAAPEAXI@Z 000000014000be40 f i libcpmtd:cout.obj
 0001:0000ae40       ??_G?$basic_streambuf@DU?$char_traits@D@std@@@std@@UEAAPEAXI@Z 000000014000be40 f i libcpmtd:cout.obj
 0001:0000ae80       ??_E?$codecvt@DDU_Mbstatet@@@std@@MEAAPEAXI@Z 000000014000be80 f i libcpmtd:cout.obj
 0001:0000ae80       ??_G?$codecvt@DDU_Mbstatet@@@std@@MEAAPEAXI@Z 000000014000be80 f i libcpmtd:cout.obj
 0001:0000aee0       ??_Gcodecvt_base@std@@UEAAPEAXI@Z 000000014000bee0 f i libcpmtd:cout.obj
 0001:0000aee0       ??_Ecodecvt_base@std@@UEAAPEAXI@Z 000000014000bee0 f i libcpmtd:cout.obj
 0001:0000af40       ??_Gios_base@std@@UEAAPEAXI@Z 000000014000bf40 f i libcpmtd:cout.obj
 0001:0000af40       ??_Eios_base@std@@UEAAPEAXI@Z 000000014000bf40 f i libcpmtd:cout.obj
 0001:0000af80       ??_Glocale@std@@QEAAPEAXI@Z 000000014000bf80 f i libcpmtd:cout.obj
 0001:0000afe0       ?_Clamp_suffix_size@?$_String_val@U?$_Simple_types@D@std@@@std@@QEBA_K_K0@Z 000000014000bfe0 f i libcpmtd:cout.obj
 0001:0000b020       ?_Endwrite@?$basic_filebuf@DU?$char_traits@D@std@@@std@@IEAA_NXZ 000000014000c020 f i libcpmtd:cout.obj
 0001:0000b1f0       ?_Erase_noexcept@?$basic_string@DU?$char_traits@D@std@@V?$allocator@D@2@@std@@AEAAAEAV12@_K_K@Z 000000014000c1f0 f i libcpmtd:cout.obj
 0001:0000b2c0       ?_Getcat@?$codecvt@DDU_Mbstatet@@@std@@SA_KPEAPEBVfacet@locale@2@PEBV42@@Z 000000014000c2c0 f i libcpmtd:cout.obj
 0001:0000b3c0       ?_Gnavail@?$basic_streambuf@DU?$char_traits@D@std@@@std@@IEBA_JXZ 000000014000c3c0 f i libcpmtd:cout.obj
 0001:0000b400       ?_Gndec@?$basic_streambuf@DU?$char_traits@D@std@@@std@@IEAAPEADXZ 000000014000c400 f i libcpmtd:cout.obj
 0001:0000b450       ?_Gninc@?$basic_streambuf@DU?$char_traits@D@std@@@std@@IEAAPEADXZ 000000014000c450 f i libcpmtd:cout.obj
 0001:0000b4b0       ?_Init@?$basic_filebuf@DU?$char_traits@D@std@@@std@@IEAAXPEAU_iobuf@@W4_Initfl@12@@Z 000000014000c4b0 f i libcpmtd:cout.obj
 0001:0000b5e0       ?_Init@?$basic_streambuf@DU?$char_traits@D@std@@@std@@IEAAXPEAPEAD0PEAH001@Z 000000014000c5e0 f i libcpmtd:cout.obj
 0001:0000b650       ?_Init@?$basic_streambuf@DU?$char_traits@D@std@@@std@@IEAAXXZ 000000014000c650 f i libcpmtd:cout.obj
 0001:0000b6f0       ?_Init@?$codecvt@DDU_Mbstatet@@@std@@IEAAXAEBV_Locinfo@2@@Z 000000014000c6f0 f i libcpmtd:cout.obj
 0001:0000b6f0       ?deallocate@__crt_win32_buffer_no_resizing@@SAXQEAXAEBV__crt_win32_buffer_empty_debug_info@@@Z 000000014000c6f0 f i libucrtd:strftime.obj
 0001:0000b6f0       ?imbue@?$basic_streambuf@DU?$char_traits@D@std@@@std@@MEAAXAEBVlocale@2@@Z 000000014000c6f0 f i libcpmtd:cout.obj
 0001:0000b700       ?_Init@ios_base@std@@IEAAXXZ 000000014000c700 f i libcpmtd:cout.obj
 0001:0000b7c0       ?_Initcvt@?$basic_filebuf@DU?$char_traits@D@std@@@std@@IEAAXAEBV?$codecvt@DDU_Mbstatet@@@2@@Z 000000014000c7c0 f i libcpmtd:cout.obj
 0001:0000b810       ?_Lock@?$basic_filebuf@DU?$char_traits@D@std@@@std@@UEAAXXZ 000000014000c810 f i libcpmtd:cout.obj
 0001:0000b840       ??1?$__crt_simd_cleanup_guard@$0A@@@QEAA@XZ 000000014000c840 f i libucrtd:strnlen.obj
 0001:0000b840       _guard_check_icall_nop     000000014000c840 f i LIBCMTD:guard_support.obj
 0001:0000b840       ??1scoped_global_state_reset@__crt_state_management@@QEAA@XZ 000000014000c840 f i libucrtd:onexit.obj
 0001:0000b840       ?_Lock@?$basic_streambuf@DU?$char_traits@D@std@@@std@@UEAAXXZ 000000014000c840 f i libcpmtd:cout.obj
 0001:0000b840       ?_Unlock@?$basic_streambuf@DU?$char_traits@D@std@@@std@@UEAAXXZ 000000014000c840 f i libcpmtd:cout.obj
 0001:0000b850       ?_Reset_back@?$basic_filebuf@DU?$char_traits@D@std@@@std@@AEAAXXZ 000000014000c850 f i libcpmtd:cout.obj
 0001:0000b8b0       ?_Set_back@?$basic_filebuf@DU?$char_traits@D@std@@@std@@AEAAXXZ 000000014000c8b0 f i libcpmtd:cout.obj
 0001:0000b930       ?_Unlock@?$basic_filebuf@DU?$char_traits@D@std@@@std@@UEAAXXZ 000000014000c930 f i libcpmtd:cout.obj
 0001:0000b960       ?always_noconv@codecvt_base@std@@QEBA_NXZ 000000014000c960 f i libcpmtd:cout.obj
 0001:0000b990       ?clear@ios_base@std@@QEAAXH@Z 000000014000c990 f i libcpmtd:cout.obj
 0001:0000b9c0       ?close@?$basic_filebuf@DU?$char_traits@D@std@@@std@@QEAAPEAV12@XZ 000000014000c9c0 f i libcpmtd:cout.obj
 0001:0000ba50       ?data@?$basic_string@DU?$char_traits@D@std@@V?$allocator@D@2@@std@@QEAAPEADXZ 000000014000ca50 f i libcpmtd:cout.obj
 0001:0000ba70       ?should_format@?$standard_base@DV?$string_output_adapter@D@__crt_stdio_output@@@__crt_stdio_output@@IEAA_NXZ 000000014000ca70 f i libucrtd:output.obj
 0001:0000ba70       ?validate_and_update_state_at_beginning_of_format_character@?$standard_base@DV?$string_output_adapter@D@__crt_stdio_output@@@__crt_stdio_output@@IEAA_NXZ 000000014000ca70 f i libucrtd:output.obj
 0001:0000ba70       ?validate_state_for_type_case_a@?$standard_base@_WV?$string_output_adapter@_W@__crt_stdio_output@@@__crt_stdio_output@@IEBA_NXZ 000000014000ca70 f i libucrtd:output.obj
 0001:0000ba70       ?should_format@?$standard_base@_WV?$string_output_adapter@_W@__crt_stdio_output@@@__crt_stdio_output@@IEAA_NXZ 000000014000ca70 f i libucrtd:output.obj
 0001:0000ba70       ?validate_and_update_state_at_beginning_of_format_character@?$standard_base@_WV?$string_output_adapter@_W@__crt_stdio_output@@@__crt_stdio_output@@IEAA_NXZ 000000014000ca70 f i libucrtd:output.obj
 0001:0000ba70       ?do_always_noconv@?$codecvt@DDU_Mbstatet@@@std@@MEBA_NXZ 000000014000ca70 f i libcpmtd:cout.obj
 0001:0000ba70       ?validate_state_for_type_case_a@?$standard_base@DV?$string_output_adapter@D@__crt_stdio_output@@@__crt_stdio_output@@IEBA_NXZ 000000014000ca70 f i libucrtd:output.obj
 0001:0000ba80       ?do_always_noconv@codecvt_base@std@@MEBA_NXZ 000000014000ca80 f i libcpmtd:cout.obj
 0001:0000ba80       ?should_skip_type_state_output@?$standard_base@DV?$string_output_adapter@D@__crt_stdio_output@@@__crt_stdio_output@@IEBA_NXZ 000000014000ca80 f i libucrtd:output.obj
 0001:0000ba80       ?should_skip_normal_state_processing@?$standard_base@_WV?$string_output_adapter@_W@__crt_stdio_output@@@__crt_stdio_output@@IEAA_NXZ 000000014000ca80 f i libucrtd:output.obj
 0001:0000ba80       ?should_skip_type_state_output@?$standard_base@_WV?$string_output_adapter@_W@__crt_stdio_output@@@__crt_stdio_output@@IEBA_NXZ 000000014000ca80 f i libucrtd:output.obj
 0001:0000ba80       ?should_skip_normal_state_processing@?$standard_base@DV?$string_output_adapter@D@__crt_stdio_output@@@__crt_stdio_output@@IEAA_NXZ 000000014000ca80 f i libucrtd:output.obj
 0001:0000ba90       ?do_encoding@codecvt_base@std@@MEBAHXZ 000000014000ca90 f i libcpmtd:cout.obj
 0001:0000ba90       ?do_max_length@codecvt_base@std@@MEBAHXZ 000000014000ca90 f i libcpmtd:cout.obj
 0001:0000baa0       ?do_out@?$codecvt@DDU_Mbstatet@@@std@@MEBAHAEAU_Mbstatet@@PEBD1AEAPEBDPEAD3AEAPEAD@Z 000000014000caa0 f i libcpmtd:cout.obj
 0001:0000baa0       ?do_in@?$codecvt@DDU_Mbstatet@@@std@@MEBAHAEAU_Mbstatet@@PEBD1AEAPEBDPEAD3AEAPEAD@Z 000000014000caa0 f i libcpmtd:cout.obj
 0001:0000bae0       ?do_length@?$codecvt@DDU_Mbstatet@@@std@@MEBAHAEAU_Mbstatet@@PEBD1_K@Z 000000014000cae0 f i libcpmtd:cout.obj
 0001:0000bb50       ?do_unshift@?$codecvt@DDU_Mbstatet@@@std@@MEBAHAEAU_Mbstatet@@PEAD1AEAPEAD@Z 000000014000cb50 f i libcpmtd:cout.obj
 0001:0000bb80       ?eback@?$basic_streambuf@DU?$char_traits@D@std@@@std@@IEBAPEADXZ 000000014000cb80 f i libcpmtd:cout.obj
 0001:0000bba0       ?egptr@?$basic_streambuf@DU?$char_traits@D@std@@@std@@IEBAPEADXZ 000000014000cba0 f i libcpmtd:cout.obj
 0001:0000bbd0       ?epptr@?$basic_streambuf@DU?$char_traits@D@std@@@std@@IEBAPEADXZ 000000014000cbd0 f i libcpmtd:cout.obj
 0001:0000bc00       ?erase@?$basic_string@DU?$char_traits@D@std@@V?$allocator@D@2@@std@@QEAAAEAV12@_K0@Z 000000014000cc00 f i libcpmtd:cout.obj
 0001:0000bc50       ?front@?$basic_string@DU?$char_traits@D@std@@V?$allocator@D@2@@std@@QEAAAEADXZ 000000014000cc50 f i libcpmtd:cout.obj
 0001:0000bd00       ?gbump@?$basic_streambuf@DU?$char_traits@D@std@@@std@@IEAAXH@Z 000000014000cd00 f i libcpmtd:cout.obj
 0001:0000bd50       ?gptr@?$basic_streambuf@DU?$char_traits@D@std@@@std@@IEBAPEADXZ 000000014000cd50 f i libcpmtd:cout.obj
 0001:0000bd70       ?imbue@?$basic_filebuf@DU?$char_traits@D@std@@@std@@MEAAXAEBVlocale@2@@Z 000000014000cd70 f i libcpmtd:cout.obj
 0001:0000bda0       ?in@?$codecvt@DDU_Mbstatet@@@std@@QEBAHAEAU_Mbstatet@@PEBD1AEAPEBDPEAD3AEAPEAD@Z 000000014000cda0 f i libcpmtd:cout.obj
 0001:0000be40       ?init@?$basic_ios@DU?$char_traits@D@std@@@std@@IEAAXPEAV?$basic_streambuf@DU?$char_traits@D@std@@@2@_N@Z 000000014000ce40 f i libcpmtd:cout.obj
 0001:0000bed0       ?is_constant_evaluated@std@@YA_NXZ 000000014000ced0 f i libcpmtd:cout.obj
 0001:0000bee0       ?not_eof@?$_Narrow_char_traits@DH@std@@SAHAEBH@Z 000000014000cee0 f i libcpmtd:cout.obj
 0001:0000bf30       ?out@?$codecvt@DDU_Mbstatet@@@std@@QEBAHAEAU_Mbstatet@@PEBD1AEAPEBDPEAD3AEAPEAD@Z 000000014000cf30 f i libcpmtd:cout.obj
 0001:0000bfd0       ?overflow@?$basic_filebuf@DU?$char_traits@D@std@@@std@@MEAAHH@Z 000000014000cfd0 f i libcpmtd:cout.obj
 0001:0000c2a0       ?pbackfail@?$basic_streambuf@DU?$char_traits@D@std@@@std@@MEAAHH@Z 000000014000d2a0 f i libcpmtd:cout.obj
 0001:0000c2a0       ?overflow@?$basic_streambuf@DU?$char_traits@D@std@@@std@@MEAAHH@Z 000000014000d2a0 f i libcpmtd:cout.obj
 0001:0000c2c0       ?pbackfail@?$basic_filebuf@DU?$char_traits@D@std@@@std@@MEAAHH@Z 000000014000d2c0 f i libcpmtd:cout.obj
 0001:0000c450       ?pbump@?$basic_streambuf@DU?$char_traits@D@std@@@std@@IEAAXH@Z 000000014000d450 f i libcpmtd:cout.obj
 0001:0000c4a0       ?pptr@?$basic_streambuf@DU?$char_traits@D@std@@@std@@IEBAPEADXZ 000000014000d4a0 f i libcpmtd:cout.obj
 0001:0000c4c0       ?push_back@?$basic_string@DU?$char_traits@D@std@@V?$allocator@D@2@@std@@QEAAXD@Z 000000014000d4c0 f i libcpmtd:cout.obj
 0001:0000c570       ?seekoff@?$basic_filebuf@DU?$char_traits@D@std@@@std@@MEAA?AV?$fpos@U_Mbstatet@@@2@_JHH@Z 000000014000d570 f i libcpmtd:cout.obj
 0001:0000c670       ?seekoff@?$basic_streambuf@DU?$char_traits@D@std@@@std@@MEAA?AV?$fpos@U_Mbstatet@@@2@_JHH@Z 000000014000d670 f i libcpmtd:cout.obj
 0001:0000c670       ?seekpos@?$basic_streambuf@DU?$char_traits@D@std@@@std@@MEAA?AV?$fpos@U_Mbstatet@@@2@V32@H@Z 000000014000d670 f i libcpmtd:cout.obj
 0001:0000c6b0       ?seekpos@?$basic_filebuf@DU?$char_traits@D@std@@@std@@MEAA?AV?$fpos@U_Mbstatet@@@2@V32@H@Z 000000014000d6b0 f i libcpmtd:cout.obj
 0001:0000c770       ?setbuf@?$basic_filebuf@DU?$char_traits@D@std@@@std@@MEAAPEAV?$basic_streambuf@DU?$char_traits@D@std@@@2@PEAD_J@Z 000000014000d770 f i libcpmtd:cout.obj
 0001:0000c810       ?setbuf@?$basic_streambuf@DU?$char_traits@D@std@@@std@@MEAAPEAV12@PEAD_J@Z 000000014000d810 f i libcpmtd:cout.obj
 0001:0000c830       ?setg@?$basic_streambuf@DU?$char_traits@D@std@@@std@@IEAAXPEAD00@Z 000000014000d830 f i libcpmtd:cout.obj
 0001:0000c890       ?setp@?$basic_streambuf@DU?$char_traits@D@std@@@std@@IEAAXPEAD0@Z 000000014000d890 f i libcpmtd:cout.obj
 0001:0000c8e0       _matherr                   000000014000d8e0 f i LIBCMTD:matherr.obj
 0001:0000c8e0       ?getESTypes@__FrameHandler4@@SAPEBU_s_ESTypeList@@PEAUFuncInfo4@FH4@@@Z 000000014000d8e0 f i libvcruntimed:frame.obj
 0001:0000c8e0       ?sync@?$basic_streambuf@DU?$char_traits@D@std@@@std@@MEAAHXZ 000000014000d8e0 f i libcpmtd:cout.obj
 0001:0000c8e0       ?get_current_state_index@__crt_state_management@@YA_KAEBV__crt_scoped_get_last_error_reset@@@Z 000000014000d8e0 f i libucrtd:per_thread_data.obj
 0001:0000c8e0       ?showmanyc@?$basic_streambuf@DU?$char_traits@D@std@@@std@@MEAA_JXZ 000000014000d8e0 f i libcpmtd:cout.obj
 0001:0000c8f0       ?state@?$fpos@U_Mbstatet@@@std@@QEBA?AU_Mbstatet@@XZ 000000014000d8f0 f i libcpmtd:cout.obj
 0001:0000c920       ?sync@?$basic_filebuf@DU?$char_traits@D@std@@@std@@MEAAHXZ 000000014000d920 f i libcpmtd:cout.obj
 0001:0000c9c0       ?tie@?$basic_ios@DU?$char_traits@D@std@@@std@@QEAAPEAV?$basic_ostream@DU?$char_traits@D@std@@@2@PEAV32@@Z 000000014000d9c0 f i libcpmtd:cout.obj
 0001:0000ca00       ?to_char_type@?$_Narrow_char_traits@DH@std@@SADAEBH@Z 000000014000da00 f i libcpmtd:cout.obj
 0001:0000ca10       ?uflow@?$basic_filebuf@DU?$char_traits@D@std@@@std@@MEAAHXZ 000000014000da10 f i libcpmtd:cout.obj
 0001:0000cd80       ?uflow@?$basic_streambuf@DU?$char_traits@D@std@@@std@@MEAAHXZ 000000014000dd80 f i libcpmtd:cout.obj
 0001:0000ce00       ?underflow@?$basic_filebuf@DU?$char_traits@D@std@@@std@@MEAAHXZ 000000014000de00 f i libcpmtd:cout.obj
 0001:0000cee0       ?underflow@?$basic_streambuf@DU?$char_traits@D@std@@@std@@MEAAHXZ 000000014000dee0 f i libcpmtd:cout.obj
 0001:0000cf00       ?unshift@?$codecvt@DDU_Mbstatet@@@std@@QEBAHAEAU_Mbstatet@@PEAD1AEAPEAD@Z 000000014000df00 f i libcpmtd:cout.obj
 0001:0000cf70       ?xsgetn@?$basic_filebuf@DU?$char_traits@D@std@@@std@@MEAA_JPEAD_J@Z 000000014000df70 f i libcpmtd:cout.obj
 0001:0000d160       ?xsgetn@?$basic_streambuf@DU?$char_traits@D@std@@@std@@MEAA_JPEAD_J@Z 000000014000e160 f i libcpmtd:cout.obj
 0001:0000d2a0       ?xsputn@?$basic_filebuf@DU?$char_traits@D@std@@@std@@MEAA_JPEBD_J@Z 000000014000e2a0 f i libcpmtd:cout.obj
 0001:0000d3d0       ?xsputn@?$basic_streambuf@DU?$char_traits@D@std@@@std@@MEAA_JPEBD_J@Z 000000014000e3d0 f i libcpmtd:cout.obj
 0001:0000d520       _Mtxdst                    000000014000e520 f   libcpmtd:xmtx.obj
 0001:0000d540       _Mtxinit                   000000014000e540 f   libcpmtd:xmtx.obj
 0001:0000d570       _Mtxlock                   000000014000e570 f   libcpmtd:xmtx.obj
 0001:0000d590       _Mtxunlock                 000000014000e590 f   libcpmtd:xmtx.obj
 0001:0000dbc0       ??1_Init_atexit@@QEAA@XZ   000000014000ebc0 f i libcpmtd:iosptrs.obj
 0001:0000dc30       ?_Atexit@@YAXP6AXXZ@Z      000000014000ec30 f   libcpmtd:iosptrs.obj
 0001:0000dc90       ??0?$__crt_unique_heap_ptr@PEADU__crt_internal_free_policy@@@@QEAA@QEAPEAD@Z 000000014000ec90 f i libucrtd:argv_parsing.obj
 0001:0000dc90       ??0?$__crt_unique_heap_ptr@P6AXXZU__crt_internal_free_policy@@@@QEAA@QEAP6AXXZ@Z 000000014000ec90 f i libucrtd:onexit.obj
 0001:0000dc90       ??0?$__crt_unique_heap_ptr@U__acrt_ptd@@U__crt_internal_free_policy@@@@QEAA@QEAU__acrt_ptd@@@Z 000000014000ec90 f i libucrtd:per_thread_data.obj
 0001:0000dc90       ??0?$__crt_unique_heap_ptr@DU__crt_internal_free_policy@@@@QEAA@QEAD@Z 000000014000ec90 f i libvcruntimed:std_type_info.obj
 0001:0000dc90       ??0?$__crt_unique_heap_ptr@GU__crt_internal_free_policy@@@@QEAA@QEAG@Z 000000014000ec90 f i libucrtd:initctype.obj
 0001:0000dc90       ??0?$__crt_scoped_stack_ptr_tag@_W@@QEAA@QEA_W@Z 000000014000ec90 f i libcpmtd:StlLCMapStringA.obj
 0001:0000dc90       ??0?$__crt_unique_handle_t@U__crt_findfile_traits@@@@QEAA@QEAX@Z 000000014000ec90 f i libucrtd:argv_wildcards.obj
 0001:0000dc90       ??0?$__crt_unique_heap_ptr@DU__crt_public_free_policy@@@@QEAA@QEAD@Z 000000014000ec90 f i libvcruntimed:std_exception.obj
 0001:0000dc90       ??0?$__crt_unique_heap_ptr@U__crt_locale_data@@U__crt_internal_free_policy@@@@QEAA@QEAU__crt_locale_data@@@Z 000000014000ec90 f i libucrtd:wsetlocale.obj
 0001:0000dc90       ??0?$string_output_adapter@_W@__crt_stdio_output@@QEAA@QEAU?$string_output_adapter_context@_W@1@@Z 000000014000ec90 f i libucrtd:output.obj
 0001:0000dc90       ??0?$__crt_unique_heap_ptr@U__crt_lowio_handle_data@@U__crt_internal_free_policy@@@@QEAA@QEAU__crt_lowio_handle_data@@@Z 000000014000ec90 f i libucrtd:osfinfo.obj
 0001:0000dc90       ??0?$__crt_unique_heap_ptr@JU__crt_internal_free_policy@@@@QEAA@QEAJ@Z 000000014000ec90 f i libucrtd:initctype.obj
 0001:0000dc90       ??0?$string_output_adapter@D@__crt_stdio_output@@QEAA@QEAU?$string_output_adapter_context@D@1@@Z 000000014000ec90 f i libucrtd:output.obj
 0001:0000dc90       ??0?$__crt_unique_heap_ptr@U__crt_lc_time_data@@U__crt_internal_free_policy@@@@QEAA@QEAU__crt_lc_time_data@@@Z 000000014000ec90 f i libucrtd:inittime.obj
 0001:0000dc90       ??0__crt_stdio_stream@@QEAA@QEAU_iobuf@@@Z 000000014000ec90 f i libucrtd:fclose.obj
 0001:0000dc90       ??0?$__crt_unique_heap_ptr@Ulconv@@U__crt_internal_free_policy@@@@QEAA@QEAUlconv@@@Z 000000014000ec90 f i libucrtd:initmon.obj
 0001:0000dc90       ??0?$__crt_scoped_stack_ptr@_W@@QEAA@U?$__crt_scoped_stack_ptr_tag@_W@@@Z 000000014000ec90 f i libcpmtd:StlLCMapStringA.obj
 0001:0000dc90       ??0?$__crt_unique_heap_ptr@U__crt_multibyte_data@@U__crt_internal_free_policy@@@@QEAA@QEAU__crt_multibyte_data@@@Z 000000014000ec90 f i libucrtd:wsetlocale.obj
 0001:0000dc90       ??0?$__crt_unique_heap_ptr@U__crt_stdio_stream_data@@U__crt_internal_free_policy@@@@QEAA@QEAU__crt_stdio_stream_data@@@Z 000000014000ec90 f i libucrtd:stream.obj
 0001:0000dc90       ??0?$__crt_unique_heap_ptr@EU__crt_internal_free_policy@@@@QEAA@QEAE@Z 000000014000ec90 f i libcpmtd:xwcsxfrm.obj
 0001:0000dc90       ??0__crt_stdio_stream@@QEAA@QEAU__crt_stdio_stream_data@@@Z 000000014000ec90 f i libucrtd:fflush.obj
 0001:0000dc90       ??0?$__crt_unique_heap_ptr@_WU__crt_internal_free_policy@@@@QEAA@QEA_W@Z 000000014000ec90 f i libucrtd:setlocale.obj
 0001:0000dc90       ??0?$__crt_unique_handle_t@U__crt_hmodule_traits@@@@QEAA@QEAUHINSTANCE__@@@Z 000000014000ec90 f i libucrtd:exit.obj
 0001:0000dc90       ??0?$__crt_unique_heap_ptr@PEAU__crt_stdio_stream_data@@U__crt_internal_free_policy@@@@QEAA@QEAPEAU__crt_stdio_stream_data@@@Z 000000014000ec90 f i libucrtd:_file.obj
 0001:0000dc90       ??0?$__crt_unique_heap_ptr@U__vcrt_ptd@@U__crt_internal_free_policy@@@@QEAA@QEAU__vcrt_ptd@@@Z 000000014000ec90 f i libvcruntimed:per_thread_data.obj
 0001:0000dcb0       ??1?$__crt_scoped_stack_ptr@_W@@QEAA@XZ 000000014000ecb0 f i libcpmtd:StlLCMapStringA.obj
 0001:0000dcd0       ??B?$__crt_scoped_stack_ptr@_W@@QEBA_NXZ 000000014000ecd0 f i libcpmtd:StlLCMapStringA.obj
 0001:0000dcd0       ?is_valid@?$__crt_unique_heap_ptr@U__crt_lowio_handle_data@@U__crt_internal_free_policy@@@@QEBA_NXZ 000000014000ecd0 f i libucrtd:osfinfo.obj
 0001:0000dcd0       ?is_valid@?$__crt_unique_heap_ptr@U__acrt_ptd@@U__crt_internal_free_policy@@@@QEBA_NXZ 000000014000ecd0 f i libucrtd:per_thread_data.obj
 0001:0000dcd0       ?is_valid@?$__crt_unique_heap_ptr@DU__crt_internal_free_policy@@@@QEBA_NXZ 000000014000ecd0 f i libvcruntimed:std_type_info.obj
 0001:0000dcd0       ?is_valid@?$__crt_unique_heap_ptr@DU__crt_public_free_policy@@@@QEBA_NXZ 000000014000ecd0 f i libvcruntimed:std_exception.obj
 0001:0000dcd0       ?is_valid@?$__crt_unique_heap_ptr@EU__crt_internal_free_policy@@@@QEBA_NXZ 000000014000ecd0 f i libcpmtd:xwcsxfrm.obj
 0001:0000dcd0       ?is_valid@?$__crt_unique_heap_ptr@U__crt_lc_time_data@@U__crt_internal_free_policy@@@@QEBA_NXZ 000000014000ecd0 f i libucrtd:inittime.obj
 0001:0000dcd0       ?is_valid@?$__crt_unique_heap_ptr@U__crt_multibyte_data@@U__crt_internal_free_policy@@@@QEBA_NXZ 000000014000ecd0 f i libucrtd:wsetlocale.obj
 0001:0000dcd0       ?valid@__crt_stdio_stream@@QEBA_NXZ 000000014000ecd0 f i libucrtd:fclose.obj
 0001:0000dcd0       ?is_valid@?$__crt_unique_heap_ptr@U__vcrt_ptd@@U__crt_internal_free_policy@@@@QEBA_NXZ 000000014000ecd0 f i libvcruntimed:per_thread_data.obj
 0001:0000dd00       _MallocaComputeSize        000000014000ed00 f i libcpmtd:StlLCMapStringA.obj
 0001:0000dd40       _MarkAllocaS               000000014000ed40 f i libcpmtd:StlLCMapStringA.obj
 0001:0000dd70       __crtLCMapStringA          000000014000ed70 f   libcpmtd:StlLCMapStringA.obj
 0001:0000e2e0       _freea_crt                 000000014000f2e0 f i libcpmtd:StlLCMapStringA.obj
 0001:0000e380       ?_Addstd@ios_base@std@@SAXPEAV12@@Z 000000014000f380 f   libcpmtd:ios.obj
 0001:0000e450       ?_Callfns@ios_base@std@@AEAAXW4event@12@@Z 000000014000f450 f i libcpmtd:ios.obj
 0001:0000e4c0       ?_Ios_base_dtor@ios_base@std@@CAXPEAV12@@Z 000000014000f4c0 f   libcpmtd:ios.obj
 0001:0000e560       ?_Tidy@ios_base@std@@AEAAXXZ 000000014000f560 f i libcpmtd:ios.obj
 0001:0000e620       ??$?RG@__crt_internal_free_policy@@QEBAXQEBG@Z 000000014000f620 f i libucrtd:initctype.obj
 0001:0000e620       ??$?RU__crt_lowio_handle_data@@@__crt_internal_free_policy@@QEBAXQEBU__crt_lowio_handle_data@@@Z 000000014000f620 f i libucrtd:osfinfo.obj
 0001:0000e620       ??$?R_W@__crt_internal_free_policy@@QEBAXQEB_W@Z 000000014000f620 f i libucrtd:setlocale.obj
 0001:0000e620       ??$?RU__crt_stdio_stream_data@@@__crt_internal_free_policy@@QEBAXQEBU__crt_stdio_stream_data@@@Z 000000014000f620 f i libucrtd:stream.obj
 0001:0000e620       ??$?RD@__crt_internal_free_policy@@QEBAXQEBD@Z 000000014000f620 f i libvcruntimed:std_type_info.obj
 0001:0000e620       ??$?RU__crt_lc_time_data@@@__crt_internal_free_policy@@QEBAXQEBU__crt_lc_time_data@@@Z 000000014000f620 f i libucrtd:inittime.obj
 0001:0000e620       ??$?RUlconv@@@__crt_internal_free_policy@@QEBAXQEBUlconv@@@Z 000000014000f620 f i libucrtd:initmon.obj
 0001:0000e620       ??$?RPEAD@__crt_internal_free_policy@@QEBAXQEBQEAD@Z 000000014000f620 f i libucrtd:argv_parsing.obj
 0001:0000e620       ??$?RJ@__crt_internal_free_policy@@QEBAXQEBJ@Z 000000014000f620 f i libucrtd:initctype.obj
 0001:0000e620       ??$?RPEAU__crt_stdio_stream_data@@@__crt_internal_free_policy@@QEBAXQEBQEAU__crt_stdio_stream_data@@@Z 000000014000f620 f i libucrtd:_file.obj
 0001:0000e620       ??$?RU__crt_multibyte_data@@@__crt_internal_free_policy@@QEBAXQEBU__crt_multibyte_data@@@Z 000000014000f620 f i libucrtd:wsetlocale.obj
 0001:0000e620       ??$?RU__vcrt_ptd@@@__crt_internal_free_policy@@QEBAXQEBU__vcrt_ptd@@@Z 000000014000f620 f i libvcruntimed:per_thread_data.obj
 0001:0000e620       ??$?RU__crt_locale_data@@@__crt_internal_free_policy@@QEBAXQEBU__crt_locale_data@@@Z 000000014000f620 f i libucrtd:wsetlocale.obj
 0001:0000e620       ??$?RE@__crt_internal_free_policy@@QEBAXQEBE@Z 000000014000f620 f i libcpmtd:xwcsxfrm.obj
 0001:0000e620       ??$?RU__acrt_ptd@@@__crt_internal_free_policy@@QEBAXQEBU__acrt_ptd@@@Z 000000014000f620 f i libucrtd:per_thread_data.obj
 0001:0000e620       ??$?RP6AXXZ@__crt_internal_free_policy@@QEBAXQEBQ6AXXZ@Z 000000014000f620 f i libucrtd:onexit.obj
 0001:0000e650       ??1?$__crt_unique_heap_ptr@PEADU__crt_internal_free_policy@@@@QEAA@XZ 000000014000f650 f i libucrtd:argv_parsing.obj
 0001:0000e650       ??1?$__crt_unique_heap_ptr@U__acrt_ptd@@U__crt_internal_free_policy@@@@QEAA@XZ 000000014000f650 f i libucrtd:per_thread_data.obj
 0001:0000e650       ??1?$__crt_unique_heap_ptr@JU__crt_internal_free_policy@@@@QEAA@XZ 000000014000f650 f i libucrtd:initctype.obj
 0001:0000e650       ??1?$__crt_unique_heap_ptr@EU__crt_internal_free_policy@@@@QEAA@XZ 000000014000f650 f i libcpmtd:xwcsxfrm.obj
 0001:0000e650       ??1?$__crt_unique_heap_ptr@PEAU__crt_stdio_stream_data@@U__crt_internal_free_policy@@@@QEAA@XZ 000000014000f650 f i libucrtd:_file.obj
 0001:0000e650       ??1?$__crt_unique_heap_ptr@U__crt_multibyte_data@@U__crt_internal_free_policy@@@@QEAA@XZ 000000014000f650 f i libucrtd:wsetlocale.obj
 0001:0000e650       ??1?$__crt_unique_heap_ptr@_WU__crt_internal_free_policy@@@@QEAA@XZ 000000014000f650 f i libucrtd:setlocale.obj
 0001:0000e650       ??1?$__crt_unique_heap_ptr@DU__crt_internal_free_policy@@@@QEAA@XZ 000000014000f650 f i libvcruntimed:std_type_info.obj
 0001:0000e650       ??1?$__crt_unique_heap_ptr@U__crt_stdio_stream_data@@U__crt_internal_free_policy@@@@QEAA@XZ 000000014000f650 f i libucrtd:stream.obj
 0001:0000e650       ??1?$__crt_unique_heap_ptr@P6AXXZU__crt_internal_free_policy@@@@QEAA@XZ 000000014000f650 f i libucrtd:onexit.obj
 0001:0000e650       ??1?$__crt_unique_heap_ptr@U__crt_lowio_handle_data@@U__crt_internal_free_policy@@@@QEAA@XZ 000000014000f650 f i libucrtd:osfinfo.obj
 0001:0000e650       ??1?$__crt_unique_heap_ptr@U__vcrt_ptd@@U__crt_internal_free_policy@@@@QEAA@XZ 000000014000f650 f i libvcruntimed:per_thread_data.obj
 0001:0000e650       ??1?$__crt_unique_heap_ptr@Ulconv@@U__crt_internal_free_policy@@@@QEAA@XZ 000000014000f650 f i libucrtd:initmon.obj
 0001:0000e650       ??1?$__crt_unique_heap_ptr@U__crt_locale_data@@U__crt_internal_free_policy@@@@QEAA@XZ 000000014000f650 f i libucrtd:wsetlocale.obj
 0001:0000e650       ??1?$__crt_unique_heap_ptr@U__crt_lc_time_data@@U__crt_internal_free_policy@@@@QEAA@XZ 000000014000f650 f i libucrtd:inittime.obj
 0001:0000e650       ??1?$__crt_unique_heap_ptr@GU__crt_internal_free_policy@@@@QEAA@XZ 000000014000f650 f i libucrtd:initctype.obj
 0001:0000e670       ??B?$__crt_unique_heap_ptr@U__crt_multibyte_data@@U__crt_internal_free_policy@@@@QEBA_NXZ 000000014000f670 f i libucrtd:wsetlocale.obj
 0001:0000e670       ??B?$__crt_unique_heap_ptr@U__vcrt_ptd@@U__crt_internal_free_policy@@@@QEBA_NXZ 000000014000f670 f i libvcruntimed:per_thread_data.obj
 0001:0000e670       ??B?$__crt_unique_heap_ptr@DU__crt_internal_free_policy@@@@QEBA_NXZ 000000014000f670 f i libvcruntimed:std_type_info.obj
 0001:0000e670       ??B?$__crt_unique_heap_ptr@U__acrt_ptd@@U__crt_internal_free_policy@@@@QEBA_NXZ 000000014000f670 f i libucrtd:per_thread_data.obj
 0001:0000e670       ??B?$__crt_unique_heap_ptr@U__crt_lowio_handle_data@@U__crt_internal_free_policy@@@@QEBA_NXZ 000000014000f670 f i libucrtd:osfinfo.obj
 0001:0000e670       ??B?$__crt_unique_heap_ptr@DU__crt_public_free_policy@@@@QEBA_NXZ 000000014000f670 f i libvcruntimed:std_exception.obj
 0001:0000e670       ??B?$__crt_unique_heap_ptr@U__crt_lc_time_data@@U__crt_internal_free_policy@@@@QEBA_NXZ 000000014000f670 f i libucrtd:inittime.obj
 0001:0000e670       ??B?$__crt_unique_heap_ptr@EU__crt_internal_free_policy@@@@QEBA_NXZ 000000014000f670 f i libcpmtd:xwcsxfrm.obj
 0001:0000e690       ?release@?$__crt_unique_heap_ptr@U__crt_lowio_handle_data@@U__crt_internal_free_policy@@@@QEAAXXZ 000000014000f690 f i libucrtd:osfinfo.obj
 0001:0000e690       ?release@?$__crt_unique_heap_ptr@U__crt_multibyte_data@@U__crt_internal_free_policy@@@@QEAAXXZ 000000014000f690 f i libucrtd:wsetlocale.obj
 0001:0000e690       ?release@?$__crt_unique_heap_ptr@EU__crt_internal_free_policy@@@@QEAAXXZ 000000014000f690 f i libcpmtd:xwcsxfrm.obj
 0001:0000e690       ?release@?$__crt_unique_heap_ptr@GU__crt_internal_free_policy@@@@QEAAXXZ 000000014000f690 f i libucrtd:initctype.obj
 0001:0000e690       ?release@?$__crt_unique_heap_ptr@PEADU__crt_internal_free_policy@@@@QEAAXXZ 000000014000f690 f i libucrtd:argv_parsing.obj
 0001:0000e690       ?release@?$__crt_unique_heap_ptr@PEAU__crt_stdio_stream_data@@U__crt_internal_free_policy@@@@QEAAXXZ 000000014000f690 f i libucrtd:_file.obj
 0001:0000e690       ?release@?$__crt_unique_heap_ptr@U__crt_stdio_stream_data@@U__crt_internal_free_policy@@@@QEAAXXZ 000000014000f690 f i libucrtd:stream.obj
 0001:0000e690       ?release@?$__crt_unique_heap_ptr@U__acrt_ptd@@U__crt_internal_free_policy@@@@QEAAXXZ 000000014000f690 f i libucrtd:per_thread_data.obj
 0001:0000e690       ?release@?$__crt_unique_heap_ptr@_WU__crt_internal_free_policy@@@@QEAAXXZ 000000014000f690 f i libucrtd:setlocale.obj
 0001:0000e690       ?release@?$__crt_unique_heap_ptr@JU__crt_internal_free_policy@@@@QEAAXXZ 000000014000f690 f i libucrtd:initctype.obj
 0001:0000e690       ?release@?$__crt_unique_heap_ptr@U__vcrt_ptd@@U__crt_internal_free_policy@@@@QEAAXXZ 000000014000f690 f i libvcruntimed:per_thread_data.obj
 0001:0000e690       ?release@?$__crt_unique_heap_ptr@Ulconv@@U__crt_internal_free_policy@@@@QEAAXXZ 000000014000f690 f i libucrtd:initmon.obj
 0001:0000e690       ?release@?$__crt_unique_heap_ptr@U__crt_lc_time_data@@U__crt_internal_free_policy@@@@QEAAXXZ 000000014000f690 f i libucrtd:inittime.obj
 0001:0000e690       ?release@?$__crt_unique_heap_ptr@U__crt_locale_data@@U__crt_internal_free_policy@@@@QEAAXXZ 000000014000f690 f i libucrtd:wsetlocale.obj
 0001:0000e690       ?release@?$__crt_unique_heap_ptr@DU__crt_internal_free_policy@@@@QEAAXXZ 000000014000f690 f i libvcruntimed:std_type_info.obj
 0001:0000e690       ?release@?$__crt_unique_heap_ptr@P6AXXZU__crt_internal_free_policy@@@@QEAAXXZ 000000014000f690 f i libucrtd:onexit.obj
 0001:0000e6c0       ??2@YAPEAX_K@Z             000000014000f6c0 f   LIBCMTD:new_scalar.obj
 0001:0000e710       ??3@YAXPEAX_K@Z            000000014000f710 f   LIBCMTD:delete_scalar_size.obj
 0001:0000e730       ??_V@YAXPEAX@Z             000000014000f730 f   LIBCMTD:delete_array.obj
 0001:0000e750       ??1type_info@@UEAA@XZ      000000014000f750 f   LIBCMTD:std_type_info_static.obj
 0001:0000e770       ??_Gtype_info@@UEAAPEAXI@Z 000000014000f770 f i LIBCMTD:std_type_info_static.obj
 0001:0000e770       ??_Etype_info@@UEAAPEAXI@Z 000000014000f770 f i LIBCMTD:std_type_info_static.obj
 0001:0000ea60       ?configure_argv@__scrt_narrow_argv_policy@@SAHXZ 000000014000fa60 f i LIBCMTD:exe_main.obj
 0001:0000ea80       ?initialize_environment@__scrt_narrow_environment_policy@@SAHXZ 000000014000fa80 f i LIBCMTD:exe_main.obj
 0001:0000ead0       ?set_app_type@__scrt_main_policy@@SAXXZ 000000014000fad0 f i LIBCMTD:exe_main.obj
 0001:0000eaf0       ?set_commode@__scrt_file_policy@@SAXXZ 000000014000faf0 f i LIBCMTD:exe_main.obj
 0001:0000eb10       ?set_fmode@__scrt_file_policy@@SAXXZ 000000014000fb10 f i LIBCMTD:exe_main.obj
 0001:0000eb30       mainCRTStartup             000000014000fb30 f   LIBCMTD:exe_main.obj
 0001:0000ecb0       NtCurrentTeb               000000014000fcb0 f i LIBCMTD:utility.obj
 0001:0000ecc0       __scrt_acquire_startup_lock 000000014000fcc0 f   LIBCMTD:utility.obj
 0001:0000ed30       __scrt_initialize_crt      000000014000fd30 f   LIBCMTD:utility.obj
 0001:0000ed80       __scrt_initialize_onexit_tables 000000014000fd80 f   LIBCMTD:utility.obj
 0001:0000ee90       __scrt_is_nonwritable_in_current_image 000000014000fe90 f   LIBCMTD:utility.obj
 0001:0000ef20       __scrt_release_startup_lock 000000014000ff20 f   LIBCMTD:utility.obj
 0001:0000ef50       __scrt_uninitialize_crt    000000014000ff50 f   LIBCMTD:utility.obj
 0001:0000ef90       _onexit                    000000014000ff90 f   LIBCMTD:utility.obj
 0001:0000f010       atexit                     0000000140010010 f   LIBCMTD:utility.obj
 0001:0000f050       __GSHandlerCheck           0000000140010050 f   LIBCMTD:gshandler.obj
 0001:0000f090       __GSHandlerCheckCommon     0000000140010090 f   LIBCMTD:gshandler.obj
 0001:0000f1a0       __security_check_cookie    00000001400101a0 f   LIBCMTD:amdsecgs.obj
 0001:0000f1c0       ReadNoFence64              00000001400101c0 f i LIBCMTD:guard_support.obj
 0001:0000f1e0       ReadPointerNoFence         00000001400101e0 f i LIBCMTD:guard_support.obj
 0001:0000f200       _guard_icall_checks_enforced 0000000140010200 f i LIBCMTD:guard_support.obj
 0001:0000f240       __raise_securityfailure    0000000140010240 f   LIBCMTD:gs_report.obj
 0001:0000f280       __report_gsfailure         0000000140010280 f   LIBCMTD:gs_report.obj
 0001:0000f360       __report_rangecheckfailure 0000000140010360 f   LIBCMTD:gs_report.obj
 0001:0000f380       __report_securityfailure   0000000140010380 f   LIBCMTD:gs_report.obj
 0001:0000f580       ??3@YAXPEAX@Z              0000000140010580 f   LIBCMTD:delete_scalar.obj
 0001:0000f5a0       __GSHandlerCheck_EH4       00000001400105a0 f   LIBCMTD:gshandlereh4.obj
 0001:0000f650       ?__scrt_throw_std_bad_array_new_length@@YAXXZ 0000000140010650 f   LIBCMTD:throw_bad_alloc.obj
 0001:0000f740       __security_init_cookie     0000000140010740 f   LIBCMTD:gs_support.obj
 0001:0000f7c0       _get_startup_argv_mode     00000001400107c0 f   LIBCMTD:argv_mode.obj
 0001:0000f7d0       _get_startup_file_mode     00000001400107d0 f   LIBCMTD:file_mode.obj
 0001:0000f7e0       ?__scrt_initialize_type_info@@YAXXZ 00000001400107e0 f   LIBCMTD:tncleanup.obj
 0001:0000f800       _should_initialize_environment 0000000140010800 f   LIBCMTD:env_mode.obj
 0001:0000f810       __local_stdio_scanf_options 0000000140010810 f i LIBCMTD:default_local_stdio_options.obj
 0001:0000f820       __scrt_initialize_default_local_stdio_options 0000000140010820 f   LIBCMTD:default_local_stdio_options.obj
 0001:0000f870       __scrt_is_user_matherr_present 0000000140010870 f   LIBCMTD:matherr_detection.obj
 0001:0000f8a0       __scrt_get_dyn_tls_init_callback 00000001400108a0 f   LIBCMTD:dyn_tls_init.obj
 0001:0000f8b0       __scrt_get_dyn_tls_dtor_callback 00000001400108b0 f   LIBCMTD:dyn_tls_dtor.obj
 0001:0000f8c0       __crt_debugger_hook        00000001400108c0 f   LIBCMTD:utility_desktop.obj
 0001:0000f8d0       __scrt_fastfail            00000001400108d0 f   LIBCMTD:utility_desktop.obj
 0001:0000fa70       __scrt_initialize_mta      0000000140010a70 f   LIBCMTD:utility_desktop.obj
 0001:0000fa80       __scrt_is_managed_app      0000000140010a80 f   LIBCMTD:utility_desktop.obj
 0001:0000fb30       __scrt_set_unhandled_exception_filter 0000000140010b30 f   LIBCMTD:utility_desktop.obj
 0001:0000fb50       __scrt_unhandled_exception_filter 0000000140010b50 f   LIBCMTD:utility_desktop.obj
 0001:0000fbf0       _RTC_Initialize            0000000140010bf0 f   LIBCMTD:initsect.obj
 0001:0000fc40       _RTC_Terminate             0000000140010c40 f   LIBCMTD:initsect.obj
 0001:0000fc90       __isa_available_init       0000000140010c90 f   LIBCMTD:cpu_disp.obj
 0001:00010030       __scrt_is_ucrt_dll_in_use  0000000140011030 f   LIBCMTD:ucrt_detection.obj
 0001:00010060       ??$__crt_interlocked_read_pointer@X@@YAPEAXPEDSEAX@Z 0000000140011060 f i libvcruntimed:winapi_downlevel.obj
 0001:00010060       ??$__crt_interlocked_read_pointer@UHINSTANCE__@@@@YAPEAUHINSTANCE__@@PEDSEAU0@@Z 0000000140011060 f i libvcruntimed:winapi_downlevel.obj
 0001:00010060       ??$__crt_interlocked_read_pointer@$$A6AXXZ@@YAP6AXXZPEDS6AXXZ@Z 0000000140011060 f i libvcruntimed:purevirt.obj
 0001:00010080       ?__crt_interlocked_read_64@@YA_JPED_J@Z 0000000140011080 f i libvcruntimed:purevirt.obj
 0001:000100a0       _get_purecall_handler      00000001400110a0 f   libvcruntimed:purevirt.obj
 0001:000100c0       _purecall                  00000001400110c0 f   libvcruntimed:purevirt.obj
 0001:00010100       __DestructExceptionObject  0000000140011100 f   libvcruntimed:ehhelpers.obj
 0001:00010200       ?_CallMemberFunction0@@YAXQEAX0@Z 0000000140011200 f i libvcruntimed:ehhelpers.obj
 0001:000102d0       _IsExceptionObjectToBeDestroyed 00000001400112d0 f   libvcruntimed:ehhelpers.obj
 0001:00010320       __AdjustPointer            0000000140011320 f   libvcruntimed:ehhelpers.obj
 0001:000103a0       __FrameUnwindFilter        00000001400113a0 f   libvcruntimed:ehhelpers.obj
 0001:00010450       __current_exception        0000000140011450 f   libvcruntimed:ehhelpers.obj
 0001:00010470       __current_exception_context 0000000140011470 f   libvcruntimed:ehhelpers.obj
 0001:00010490       __std_terminate            0000000140011490 f   libvcruntimed:ehhelpers.obj
 0001:000104a0       ??$?RD@__crt_public_free_policy@@QEBAXQEBD@Z 00000001400114a0 f i libvcruntimed:std_exception.obj
 0001:000104c0       ??1?$__crt_unique_heap_ptr@DU__crt_public_free_policy@@@@QEAA@XZ 00000001400114c0 f i libvcruntimed:std_exception.obj
 0001:000104e0       ?detach@?$__crt_unique_heap_ptr@U__crt_locale_data@@U__crt_internal_free_policy@@@@QEAAPEAU__crt_locale_data@@XZ 00000001400114e0 f i libucrtd:wsetlocale.obj
 0001:000104e0       ?detach@?$__crt_unique_heap_ptr@_WU__crt_internal_free_policy@@@@QEAAPEA_WXZ 00000001400114e0 f i libucrtd:wcsftime.obj
 0001:000104e0       ?detach@?$__crt_unique_heap_ptr@JU__crt_internal_free_policy@@@@QEAAPEAJXZ 00000001400114e0 f i libucrtd:initctype.obj
 0001:000104e0       ?detach@?$__crt_unique_heap_ptr@U__acrt_ptd@@U__crt_internal_free_policy@@@@QEAAPEAU__acrt_ptd@@XZ 00000001400114e0 f i libucrtd:per_thread_data.obj
 0001:000104e0       ?detach@?$__crt_unique_heap_ptr@PEAU__crt_stdio_stream_data@@U__crt_internal_free_policy@@@@QEAAPEAPEAU__crt_stdio_stream_data@@XZ 00000001400114e0 f i libucrtd:_file.obj
 0001:000104e0       ?detach@?$__crt_unique_heap_ptr@PEADU__crt_internal_free_policy@@@@QEAAPEAPEADXZ 00000001400114e0 f i libucrtd:argv_parsing.obj
 0001:000104e0       ?detach@?$__crt_unique_heap_ptr@Ulconv@@U__crt_internal_free_policy@@@@QEAAPEAUlconv@@XZ 00000001400114e0 f i libucrtd:initmon.obj
 0001:000104e0       ?detach@?$__crt_unique_heap_ptr@U__crt_lc_time_data@@U__crt_internal_free_policy@@@@QEAAPEAU__crt_lc_time_data@@XZ 00000001400114e0 f i libucrtd:inittime.obj
 0001:000104e0       ?detach@?$__crt_unique_heap_ptr@U__crt_lowio_handle_data@@U__crt_internal_free_policy@@@@QEAAPEAU__crt_lowio_handle_data@@XZ 00000001400114e0 f i libucrtd:osfinfo.obj
 0001:000104e0       ?detach@?$__crt_unique_heap_ptr@EU__crt_internal_free_policy@@@@QEAAPEAEXZ 00000001400114e0 f i libucrtd:initctype.obj
 0001:000104e0       ?detach@?$__crt_unique_heap_ptr@U__crt_multibyte_data@@U__crt_internal_free_policy@@@@QEAAPEAU__crt_multibyte_data@@XZ 00000001400114e0 f i libucrtd:wsetlocale.obj
 0001:000104e0       ?detach@?$__crt_unique_heap_ptr@P6AXXZU__crt_internal_free_policy@@@@QEAAPEAP6AXXZXZ 00000001400114e0 f i libucrtd:onexit.obj
 0001:000104e0       ?detach@?$__crt_unique_heap_ptr@DU__crt_public_free_policy@@@@QEAAPEADXZ 00000001400114e0 f i libvcruntimed:std_exception.obj
 0001:000104e0       ?detach@?$__crt_unique_heap_ptr@U__crt_stdio_stream_data@@U__crt_internal_free_policy@@@@QEAAPEAU__crt_stdio_stream_data@@XZ 00000001400114e0 f i libucrtd:stream.obj
 0001:000104e0       ?detach@?$__crt_unique_heap_ptr@GU__crt_internal_free_policy@@@@QEAAPEAGXZ 00000001400114e0 f i libucrtd:initctype.obj
 0001:000104e0       ?detach@?$__crt_unique_heap_ptr@DU__crt_internal_free_policy@@@@QEAAPEADXZ 00000001400114e0 f i libucrtd:setvbuf.obj
 0001:000104e0       ?detach@?$__crt_unique_heap_ptr@U__vcrt_ptd@@U__crt_internal_free_policy@@@@QEAAPEAU__vcrt_ptd@@XZ 00000001400114e0 f i libvcruntimed:per_thread_data.obj
 0001:00010510       ?release@?$__crt_unique_heap_ptr@DU__crt_public_free_policy@@@@QEAAXXZ 0000000140011510 f i libvcruntimed:std_exception.obj
 0001:00010540       __std_exception_copy       0000000140011540 f   libvcruntimed:std_exception.obj
 0001:00010680       __std_exception_destroy    0000000140011680 f   libvcruntimed:std_exception.obj
 0001:000106c0       _CxxThrowException         00000001400116c0 f   libvcruntimed:throw.obj
 0001:000107f0       ??$?0AEAViterator@TryBlockMap@__FrameHandler3@@AEAV012@$0A@@?$pair@Viterator@TryBlockMap@__FrameHandler3@@V123@@std@@QEAA@AEAViterator@TryBlockMap@__FrameHandler3@@0@Z 00000001400117f0 f i libvcruntimed:risctrnsctrl.obj
 0001:000107f0       ??$?0AEAViterator@TryBlockMap4@FH4@@AEAV012@$0A@@?$pair@Viterator@TryBlockMap4@FH4@@V123@@std@@QEAA@AEAViterator@TryBlockMap4@FH4@@0@Z 00000001400117f0 f i libvcruntimed:risctrnsctrl.obj
 0001:000109c0       ??$_CallSETranslator@V__FrameHandler3@@@@YAHPEAUEHExceptionRecord@@PEA_KPEAU_CONTEXT@@PEAU_xDISPATCHER_CONTEXT@@PEBU_s_FuncInfo@@K1H@Z 00000001400119c0 f i libvcruntimed:risctrnsctrl.obj
 0001:00010a50       ??$_CallSETranslator@V__FrameHandler4@@@@YAHPEAUEHExceptionRecord@@PEA_KPEAU_CONTEXT@@PEAU_xDISPATCHER_CONTEXT@@PEAUFuncInfo4@FH4@@K1H@Z 0000000140011a50 f i libvcruntimed:risctrnsctrl.obj
 0001:00010ae0       ??0FuncInfo4@FH4@@QEAA@XZ  0000000140011ae0 f i libvcruntimed:risctrnsctrl.obj
 0001:00010b50       ??0FuncInfoHeader@FH4@@QEAA@XZ 0000000140011b50 f i libvcruntimed:risctrnsctrl.obj
 0001:00010b70       ??0iterator@HandlerMap@__FrameHandler3@@QEAA@AEAV12@I@Z 0000000140011b70 f i libvcruntimed:frame.obj
 0001:00010b70       ??0iterator@TryBlockMap4@FH4@@QEAA@AEAV12@I@Z 0000000140011b70 f i libvcruntimed:risctrnsctrl.obj
[...]
 0003:00000070       ?__vcrt_flsindex@@3KA      0000000140088070     libvcruntimed:per_thread_data.obj
 0003:00000080       ?__acrt_current_request_number@@3JA 0000000140088080     libucrtd:debug_heap.obj
 0003:00000150       ?errno_no_memory@@3HA      0000000140088150     libucrtd:errno.obj
 0003:00000154       ?doserrno_no_memory@@3KA   0000000140088154     libucrtd:errno.obj
 0003:00000278       _ctype_loc_style           0000000140088278     libucrtd:wsetlocale.obj
 0003:00000280       ?__acrt_flsindex@@3KA      0000000140088280     libucrtd:per_thread_data.obj
 0003:00000430       ?dazSupported@?1??_ctrlfp@@9@9 0000000140088430     libucrtd:fpctrl.obj
 0003:00000588       ?__acrt_debug_fill_threshold@@3_KA 0000000140088588     libucrtd:debug_fill_threshold.obj
 0003:000005a0       ?tzstd_program@@3PADA      00000001400885a0     libucrtd:timeset.obj
 0003:000005e0       ?tzdst_program@@3PADA      00000001400885e0     libucrtd:timeset.obj
 0003:00000620       ?w_tzstd_program@@3PA_WA   0000000140088620     libucrtd:timeset.obj
 0003:000006a0       ?w_tzdst_program@@3PA_WA   00000001400886a0     libucrtd:timeset.obj
 0003:00000720       ?tzname_states@@3PAY01PEADA 0000000140088720     libucrtd:timeset.obj
 0003:00000730       ?w_tzname_states@@3PAY01PEA_WA 0000000140088730     libucrtd:timeset.obj
 0003:00000970       _mbctypes                  0000000140088970     libucrtd:mbctype.obj
 0003:00000a80       _mbcasemaps                0000000140088a80     libucrtd:mbctype.obj
 0003:00000b80       ?__rgctypeflag@@3PADA      0000000140088b80     libucrtd:mbctype.obj
 0003:00000b90       ?__rgcode_page_info@@3PAUcode_page_info@@A 0000000140088b90     libucrtd:mbctype.obj
 0003:00000c80       ?__dcrt_lowio_console_output_handle@@3PEAXEA 0000000140088c80     libucrtd:initcon.obj
 0003:00000c90       ?dazSupported@?1??common_control87@@9@9 0000000140088c90     libucrtd:ieee.obj
 0003:000012a0       ?timeStart@@3V?$time_point@Usteady_clock@chrono@std@@V?$duration@_JU?$ratio@$00$0DLJKMKAA@@std@@@23@@chrono@std@@A 00000001400892a0     main.obj
 0003:000012a8       ?timeEnd@@3V?$time_point@Usteady_clock@chrono@std@@V?$duration@_JU?$ratio@$00$0DLJKMKAA@@std@@@23@@chrono@std@@A 00000001400892a8     main.obj
 0003:000012b0       ?duration@@3V?$duration@MU?$ratio@$00$00@std@@@chrono@std@@A 00000001400892b0     main.obj
 0003:000012b4       ?elapsedTime@@3MA          00000001400892b4     main.obj
 0003:000012b8       ?vkCreateInstance@@3P6A?AW4VkResult@@PEBUVkInstanceCreateInfo@@PEBUVkAllocationCallbacks@@PEAPEAUVkInstance_T@@@ZEA 00000001400892b8     main.obj
 0003:000012c0       ?vulkan@@3Uvulkan_engine@@A 00000001400892c0     main.obj
 0003:00001908       ?vkEnumerateInstanceLayerProperties@@3P6A?AW4VkResult@@PEAIPEAUVkLayerProperties@@@ZEA 0000000140089908     main.obj
 0003:00001910       ?vkEnumerateInstanceExtensionProperties@@3P6A?AW4VkResult@@PEBDPEAIPEAUVkExtensionProperties@@@ZEA 0000000140089910     main.obj
 0003:00001918       ?vkDestroyInstance@@3P6AXPEAUVkInstance_T@@PEBUVkAllocationCallbacks@@@ZEA 0000000140089918     main.obj
 0003:00001920       ?vkEnumeratePhysicalDevices@@3P6A?AW4VkResult@@PEAUVkInstance_T@@PEAIPEAPEAUVkPhysicalDevice_T@@@ZEA 0000000140089920     main.obj
 0003:00001928       ?vkGetPhysicalDeviceQueueFamilyProperties@@3P6AXPEAUVkPhysicalDevice_T@@PEAIPEAUVkQueueFamilyProperties@@@ZEA 0000000140089928     main.obj
 0003:00001930       ?vkGetPhysicalDeviceFormatProperties@@3P6AXPEAUVkPhysicalDevice_T@@W4VkFormat@@PEAUVkFormatProperties@@@ZEA 0000000140089930     main.obj
 0003:00001938       ?vkGetPhysicalDeviceMemoryProperties@@3P6AXPEAUVkPhysicalDevice_T@@PEAUVkPhysicalDeviceMemoryProperties@@@ZEA 0000000140089938     main.obj
 0003:00001940       ?vkGetPhysicalDeviceProperties@@3P6AXPEAUVkPhysicalDevice_T@@PEAUVkPhysicalDeviceProperties@@@ZEA 0000000140089940     main.obj
 0003:00001948       ?vkEnumerateDeviceExtensionProperties@@3P6A?AW4VkResult@@PEAUVkPhysicalDevice_T@@PEBDPEAIPEAUVkExtensionProperties@@@ZEA 0000000140089948     main.obj
 0003:00001950       ?vkCreateDevice@@3P6A?AW4VkResult@@PEAUVkPhysicalDevice_T@@PEBUVkDeviceCreateInfo@@PEBUVkAllocationCallbacks@@PEAPEAUVkDevice_T@@@ZEA 0000000140089950     main.obj
 0003:00001958       ?vkGetDeviceProcAddr@@3P6AP6AXXZPEAUVkDevice_T@@PEBD@ZEA 0000000140089958     main.obj
 0003:00001960       ?vkDeviceWaitIdle@@3P6A?AW4VkResult@@PEAUVkDevice_T@@@ZEA 0000000140089960     main.obj
 0003:00001968       ?vkDestroyDevice@@3P6AXPEAUVkDevice_T@@PEBUVkAllocationCallbacks@@@ZEA 0000000140089968     main.obj
 0003:00001970       ?vkGetDeviceQueue@@3P6AXPEAUVkDevice_T@@IIPEAPEAUVkQueue_T@@@ZEA 0000000140089970     main.obj
 0003:00001978       ?vkCreateSemaphore@@3P6A?AW4VkResult@@PEAUVkDevice_T@@PEBUVkSemaphoreCreateInfo@@PEBUVkAllocationCallbacks@@PEAPEAUVkSemaphore_T@@@ZEA 0000000140089978     main.obj
 0003:00001980       ?vkDestroySemaphore@@3P6AXPEAUVkDevice_T@@PEAUVkSemaphore_T@@PEBUVkAllocationCallbacks@@@ZEA 0000000140089980     main.obj
 0003:00001988       ?vkQueueSubmit@@3P6A?AW4VkResult@@PEAUVkQueue_T@@IPEBUVkSubmitInfo@@PEAUVkFence_T@@@ZEA 0000000140089988     main.obj
 0003:00001990       ?vkQueueWaitIdle@@3P6A?AW4VkResult@@PEAUVkQueue_T@@@ZEA 0000000140089990     main.obj
 0003:00001998       ?vkCreateCommandPool@@3P6A?AW4VkResult@@PEAUVkDevice_T@@PEBUVkCommandPoolCreateInfo@@PEBUVkAllocationCallbacks@@PEAPEAUVkCommandPool_T@@@ZEA 0000000140089998     main.obj
 0003:000019a0       ?vkResetCommandPool@@3P6A?AW4VkResult@@PEAUVkDevice_T@@PEAUVkCommandPool_T@@I@ZEA 00000001400899a0     main.obj
 0003:000019a8       ?vkDestroyCommandPool@@3P6AXPEAUVkDevice_T@@PEAUVkCommandPool_T@@PEBUVkAllocationCallbacks@@@ZEA 00000001400899a8     main.obj
 0003:000019b0       ?vkAllocateCommandBuffers@@3P6A?AW4VkResult@@PEAUVkDevice_T@@PEBUVkCommandBufferAllocateInfo@@PEAPEAUVkCommandBuffer_T@@@ZEA 00000001400899b0     main.obj
 0003:000019b8       ?vkFreeCommandBuffers@@3P6AXPEAUVkDevice_T@@PEAUVkCommandPool_T@@IPEBQEAUVkCommandBuffer_T@@@ZEA 00000001400899b8     main.obj
 0003:000019c0       ?vkBeginCommandBuffer@@3P6A?AW4VkResult@@PEAUVkCommandBuffer_T@@PEBUVkCommandBufferBeginInfo@@@ZEA 00000001400899c0     main.obj
 0003:000019c8       ?vkEndCommandBuffer@@3P6A?AW4VkResult@@PEAUVkCommandBuffer_T@@@ZEA 00000001400899c8     main.obj
 0003:000019d0       ?vkResetCommandBuffer@@3P6A?AW4VkResult@@PEAUVkCommandBuffer_T@@I@ZEA 00000001400899d0     main.obj
 0003:000019d8       ?vkAllocateMemory@@3P6A?AW4VkResult@@PEAUVkDevice_T@@PEBUVkMemoryAllocateInfo@@PEBUVkAllocationCallbacks@@PEAPEAUVkDeviceMemory_T@@@ZEA 00000001400899d8     main.obj
 0003:000019e0       ?vkFreeMemory@@3P6AXPEAUVkDevice_T@@PEAUVkDeviceMemory_T@@PEBUVkAllocationCallbacks@@@ZEA 00000001400899e0     main.obj
 0003:000019e8       ?vkCreateFence@@3P6A?AW4VkResult@@PEAUVkDevice_T@@PEBUVkFenceCreateInfo@@PEBUVkAllocationCallbacks@@PEAPEAUVkFence_T@@@ZEA 00000001400899e8     main.obj
 0003:000019f0       ?vkResetFences@@3P6A?AW4VkResult@@PEAUVkDevice_T@@IPEBQEAUVkFence_T@@@ZEA 00000001400899f0     main.obj
 0003:000019f8       ?vkDestroyFence@@3P6AXPEAUVkDevice_T@@PEAUVkFence_T@@PEBUVkAllocationCallbacks@@@ZEA 00000001400899f8     main.obj
 0003:00001a00       ?vkWaitForFences@@3P6A?AW4VkResult@@PEAUVkDevice_T@@IPEBQEAUVkFence_T@@I_K@ZEA 0000000140089a00     main.obj
 0003:00001a08       ?vkCreateShaderModule@@3P6A?AW4VkResult@@PEAUVkDevice_T@@PEBUVkShaderModuleCreateInfo@@PEBUVkAllocationCallbacks@@PEAPEAUVkShaderModule_T@@@ZEA 0000000140089a08     main.obj
 0003:00001a10       ?vkDestroyShaderModule@@3P6AXPEAUVkDevice_T@@PEAUVkShaderModule_T@@PEBUVkAllocationCallbacks@@@ZEA 0000000140089a10     main.obj
 0003:00001a18       ?vkCreatePipelineLayout@@3P6A?AW4VkResult@@PEAUVkDevice_T@@PEBUVkPipelineLayoutCreateInfo@@PEBUVkAllocationCallbacks@@PEAPEAUVkPipelineLayout_T@@@ZEA 0000000140089a18     main.obj
 0003:00001a20       ?vkDestroyPipelineLayout@@3P6AXPEAUVkDevice_T@@PEAUVkPipelineLayout_T@@PEBUVkAllocationCallbacks@@@ZEA 0000000140089a20     main.obj
 0003:00001a28       ?vkCreateGraphicsPipelines@@3P6A?AW4VkResult@@PEAUVkDevice_T@@PEAUVkPipelineCache_T@@IPEBUVkGraphicsPipelineCreateInfo@@PEBUVkAllocationCallbacks@@PEAPEAUVkPipeline_T@@@ZEA 0000000140089a28     main.obj
 0003:00001a30       ?vkDestroyPipeline@@3P6AXPEAUVkDevice_T@@PEAUVkPipeline_T@@PEBUVkAllocationCallbacks@@@ZEA 0000000140089a30     main.obj
 0003:00001a38       ?vkCreateBuffer@@3P6A?AW4VkResult@@PEAUVkDevice_T@@PEBUVkBufferCreateInfo@@PEBUVkAllocationCallbacks@@PEAPEAUVkBuffer_T@@@ZEA 0000000140089a38     main.obj
 0003:00001a40       ?vkDestroyBuffer@@3P6AXPEAUVkDevice_T@@PEAUVkBuffer_T@@PEBUVkAllocationCallbacks@@@ZEA 0000000140089a40     main.obj
 0003:00001a48       ?vkGetBufferMemoryRequirements@@3P6AXPEAUVkDevice_T@@PEAUVkBuffer_T@@PEAUVkMemoryRequirements@@@ZEA 0000000140089a48     main.obj
 0003:00001a50       ?vkBindBufferMemory@@3P6A?AW4VkResult@@PEAUVkDevice_T@@PEAUVkBuffer_T@@PEAUVkDeviceMemory_T@@_K@ZEA 0000000140089a50     main.obj
 0003:00001a58       ?vkMapMemory@@3P6A?AW4VkResult@@PEAUVkDevice_T@@PEAUVkDeviceMemory_T@@_K2IPEAPEAX@ZEA 0000000140089a58     main.obj
 0003:00001a60       ?vkUnmapMemory@@3P6AXPEAUVkDevice_T@@PEAUVkDeviceMemory_T@@@ZEA 0000000140089a60     main.obj
 0003:00001a68       ?vkFlushMappedMemoryRanges@@3P6A?AW4VkResult@@PEAUVkDevice_T@@IPEBUVkMappedMemoryRange@@@ZEA 0000000140089a68     main.obj
 0003:00001a70       ?vkCreateDescriptorSetLayout@@3P6A?AW4VkResult@@PEAUVkDevice_T@@PEBUVkDescriptorSetLayoutCreateInfo@@PEBUVkAllocationCallbacks@@PEAPEAUVkDescriptorSetLayout_T@@@ZEA 0000000140089a70     main.obj
 0003:00001a78       ?vkDestroyDescriptorSetLayout@@3P6AXPEAUVkDevice_T@@PEAUVkDescriptorSetLayout_T@@PEBUVkAllocationCallbacks@@@ZEA 0000000140089a78     main.obj
 0003:00001a80       ?vkCreateDescriptorPool@@3P6A?AW4VkResult@@PEAUVkDevice_T@@PEBUVkDescriptorPoolCreateInfo@@PEBUVkAllocationCallbacks@@PEAPEAUVkDescriptorPool_T@@@ZEA 0000000140089a80     main.obj
 0003:00001a88       ?vkDestroyDescriptorPool@@3P6AXPEAUVkDevice_T@@PEAUVkDescriptorPool_T@@PEBUVkAllocationCallbacks@@@ZEA 0000000140089a88     main.obj
 0003:00001a90       ?vkAllocateDescriptorSets@@3P6A?AW4VkResult@@PEAUVkDevice_T@@PEBUVkDescriptorSetAllocateInfo@@PEAPEAUVkDescriptorSet_T@@@ZEA 0000000140089a90     main.obj
 0003:00001a98       ?vkUpdateDescriptorSets@@3P6AXPEAUVkDevice_T@@IPEBUVkWriteDescriptorSet@@IPEBUVkCopyDescriptorSet@@@ZEA 0000000140089a98     main.obj
 0003:00001aa0       ?vkCreateComputePipelines@@3P6A?AW4VkResult@@PEAUVkDevice_T@@PEAUVkPipelineCache_T@@IPEBUVkComputePipelineCreateInfo@@PEBUVkAllocationCallbacks@@PEAPEAUVkPipeline_T@@@ZEA 0000000140089aa0     main.obj
 0003:00001aa8       ?vkCmdPipelineBarrier@@3P6AXPEAUVkCommandBuffer_T@@IIIIPEBUVkMemoryBarrier@@IPEBUVkBufferMemoryBarrier@@IPEBUVkImageMemoryBarrier@@@ZEA 0000000140089aa8     main.obj
 0003:00001ab0       ?vkCmdBindPipeline@@3P6AXPEAUVkCommandBuffer_T@@W4VkPipelineBindPoint@@PEAUVkPipeline_T@@@ZEA 0000000140089ab0     main.obj
 0003:00001ab8       ?vkCmdBindDescriptorSets@@3P6AXPEAUVkCommandBuffer_T@@W4VkPipelineBindPoint@@PEAUVkPipelineLayout_T@@IIPEBQEAUVkDescriptorSet_T@@IPEBI@ZEA 0000000140089ab8     main.obj
 0003:00001ac0       ?vkCmdPushConstants@@3P6AXPEAUVkCommandBuffer_T@@PEAUVkPipelineLayout_T@@IIIPEBX@ZEA 0000000140089ac0     main.obj
 0003:00001ac8       ?vkCmdDispatch@@3P6AXPEAUVkCommandBuffer_T@@III@ZEA 0000000140089ac8     main.obj
 0003:00001ad0       ?vkCmdCopyBuffer@@3P6AXPEAUVkCommandBuffer_T@@PEAUVkBuffer_T@@1IPEBUVkBufferCopy@@@ZEA 0000000140089ad0     main.obj
 0003:00001b00       ?initlocks@std@@3V_Init_locks@1@A 0000000140089b00     libcpmtd:xlock.obj
 0003:00001b10       ?mtx@std@@3PAU_RTL_CRITICAL_SECTION@@A 0000000140089b10     libcpmtd:xlock.obj
 0003:00001c50       ?freq_cached@?1??_Query_perf_frequency@@9@4U?$atomic@_J@std@@A 0000000140089c50     libcpmtd:xtime.obj
 0003:00001c88       ?classic_locale@std@@3Vlocale@1@A 0000000140089c88     libcpmtd:locale0.obj
 0003:00001ca0       ?_Fac_head@std@@3PEAU_Fac_node@1@EA 0000000140089ca0     libcpmtd:locale0.obj
 0003:00001ca8       ?_Fac_tidy_reg@std@@3U_Fac_tidy_reg_t@1@B 0000000140089ca8     libcpmtd:locale0.obj
 0003:00001cb0       global_locale              0000000140089cb0     libcpmtd:locale0.obj
 0003:00001cb8       ?registered@?1??_Setgloballocale@locale@std@@CAXPEAX@Z@4_NA 0000000140089cb8     libcpmtd:locale0.obj
 0003:00001cc0       ?initlocks@@3V_Init_locks@std@@A 0000000140089cc0     libcpmtd:cout.obj
 0003:00001cc1       ?init_cout@std@@3U_Init_cout@1@A 0000000140089cc1     libcpmtd:cout.obj
 0003:00001d40       ?fout@std@@3V?$basic_filebuf@DU?$char_traits@D@std@@@1@A 0000000140089d40     libcpmtd:cout.obj
 0003:00001f80       ?initlocks@std@@3V_Init_locks@1@A 0000000140089f80     libcpmtd:iosptrs.obj
 0003:00001f81       ?init_atexit@@3U_Init_atexit@@A 0000000140089f81     libcpmtd:iosptrs.obj
 0003:00001f90       ?atfuns_cdecl@@3PAP6AXXZA  0000000140089f90     libcpmtd:iosptrs.obj
 0003:00001ff0       ?stdstr@std@@3PAPEAVios_base@1@A 0000000140089ff0     libcpmtd:ios.obj
 0003:00002040       ?stdopens@std@@3PADA       000000014008a040     libcpmtd:ios.obj
 0003:00002150       ?is_initialized_as_dll@@3_NA 000000014008a150     LIBCMTD:utility.obj
 0003:00002151       ?module_local_atexit_table_initialized@@3_NA 000000014008a151     LIBCMTD:utility.obj
 0003:00002158       ?module_local_atexit_table@@3U_onexit_table_t@@A 000000014008a158     LIBCMTD:utility.obj
 0003:00002170       ?module_local_at_quick_exit_table@@3U_onexit_table_t@@A 000000014008a170     LIBCMTD:utility.obj
 0003:00002190       GS_ExceptionRecord         000000014008a190     LIBCMTD:gs_report.obj
 0003:00002230       GS_ContextRecord           000000014008a230     LIBCMTD:gs_report.obj
 0003:00002730       ?__vcrt_startup_thread_ptd@@3U__vcrt_ptd@@A 000000014008a730     libvcruntimed:per_thread_data.obj
 0003:000027b0       __vcrt_lock_table          000000014008a7b0     libvcruntimed:locks.obj
 0003:000027d8       __vcrt_locks_initialized   000000014008a7d8     libvcruntimed:locks.obj
 0003:00002820       ?heap@@3V_HeapManager@@A   000000014008a820     libvcruntimed:undname.obj
 0003:00002848       ?module_handles@@3PAPEAUHINSTANCE__@@A 000000014008a848     libvcruntimed:winapi_downlevel.obj
 0003:00002860       ?function_pointers@@3PAPEAXA 000000014008a860     libvcruntimed:winapi_downlevel.obj
 0003:00002888       ?__acrt_invalid_parameter_handler@@3V?$dual_state_global@P6AXPEB_W00I_K@Z@__crt_state_management@@A 000000014008a888     libucrtd:invalid_parameter.obj
 0003:00002890       ?__acrt_first_block@@3PEAU_CrtMemBlockHeader@@EA 000000014008a890     libucrtd:debug_heap.obj
 0003:00002898       ?__acrt_last_block@@3PEAU_CrtMemBlockHeader@@EA 000000014008a898     libucrtd:debug_heap.obj
 0003:000028a0       ?__acrt_total_allocations@@3_KA 000000014008a8a0     libucrtd:debug_heap.obj
 0003:000028a8       ?__acrt_current_allocations@@3_KA 000000014008a8a8     libucrtd:debug_heap.obj
 0003:000028b0       ?__acrt_max_allocations@@3_KA 000000014008a8b0     libucrtd:debug_heap.obj
 0003:000028b8       ?__acrt_check_frequency@@3IA 000000014008a8b8     libucrtd:debug_heap.obj
 0003:000028bc       ?__acrt_check_counter@@3IA 000000014008a8bc     libucrtd:debug_heap.obj
 0003:000028c8       ?heap_validation_pending@@3_NA 000000014008a8c8     libucrtd:debug_heap.obj
 0003:000028d0       ?__acrt_lock_table@@3PAU_RTL_CRITICAL_SECTION@@A 000000014008a8d0     libucrtd:locks.obj
 0003:00002b00       ?__acrt_locks_initialized@@3IA 000000014008ab00     libucrtd:locks.obj
 0003:00002b20       ?__acrt_new_handler@@3V?$dual_state_global@P6AH_K@Z@__crt_state_management@@A 000000014008ab20     libucrtd:new_handler.obj
 0003:00002b28       ?__acrt_app_type@@3W4_crt_app_type@@A 000000014008ab28     libucrtd:report_runtime_error.obj
 0003:00002b30       ?outmsg@?9??__acrt_report_runtime_error@@9@4PA_WA 000000014008ab30     libucrtd:report_runtime_error.obj
 0003:00003158       ?user_matherr@@3V?$dual_state_global@P6AHPEAU_exception@@@Z@__crt_state_management@@A 000000014008b158     libucrtd:matherr.obj
 0003:00003160       ?program_name@?1???$common_configure_argv@D@@YAHW4_crt_argv_mode@@@Z@4PADA 000000014008b160     libucrtd:argv_parsing.obj
 0003:00003288       ?c_termination_complete@@3JA 000000014008b288     libucrtd:exit.obj
 0003:00003290       ?thread_local_exit_callback_func@@3P6AXPEAXK0@ZEA 000000014008b290     libucrtd:exit.obj
 0003:000032d4       ?__acrt_global_new_mode@@3V?$dual_state_global@J@__crt_state_management@@A 000000014008b2d4     libucrtd:new_mode.obj
 0003:00003338       ?ctrlc_action@@3V?$dual_state_global@P6AXH@Z@__crt_state_management@@A 000000014008b338     libucrtd:signal.obj
 0003:00003340       ?ctrlbreak_action@@3V?$dual_state_global@P6AXH@Z@__crt_state_management@@A 000000014008b340     libucrtd:signal.obj
 0003:00003348       ?abort_action@@3V?$dual_state_global@P6AXH@Z@__crt_state_management@@A 000000014008b348     libucrtd:signal.obj
 0003:00003350       ?term_action@@3V?$dual_state_global@P6AXH@Z@__crt_state_management@@A 000000014008b350     libucrtd:signal.obj
 0003:00003768       ?internal_state@?1??_mbtowc_l@@9@4U_Mbstatet@@A 000000014008b768     libucrtd:mbtowc.obj
 0003:00003770       ?enable_percent_n@@3_KA    000000014008b770     libucrtd:printf_count_output.obj
 0003:00003790       ?module_handles@@3PAPEAUHINSTANCE__@@A 000000014008b790     libucrtd:winapi_thunks.obj
 0003:00003830       ?encoded_function_pointers@@3PAPEAXA 000000014008b830     libucrtd:winapi_thunks.obj
 0003:00003940       ?static_enum_proc@?1??enum_system_locales_ex_nolock@@YAHQ6AHPEA_WK_J@Z@Z@4P6AH0K1@ZEA 000000014008b940     libucrtd:winapi_thunks.obj
 0003:00003958       ?_tzname@@3V?$dual_state_global@PEAPEAD@__crt_state_management@@A 000000014008b958     libucrtd:timeset.obj
 0003:00003960       ?w_tzname@@3V?$dual_state_global@PEAPEA_W@__crt_state_management@@A 000000014008b960     libucrtd:timeset.obj
 0003:00003970       ?tz_api_used@@3HA          000000014008b970     libucrtd:tzset.obj
 0003:00003974       ?tzset_init_state@@3V?$dual_state_global@J@__crt_state_management@@A 000000014008b974     libucrtd:tzset.obj
 0003:00003980       ?tz_info@@3U_TIME_ZONE_INFORMATION@@A 000000014008b980     libucrtd:tzset.obj
 0003:00003a2c       __acrt_error_mode          000000014008ba2c     libucrtd:set_error_mode.obj
 0003:00003a48       ?fSystemSet@@3HA           000000014008ba48     libucrtd:mbctype.obj
 0003:00003a4c       ?initialized@?1??__acrt_initialize_multibyte@@9@4_NA 000000014008ba4c     libucrtd:mbctype.obj
 0003:00003a50       ?state_cache@?1???$get_cached_win_policy@Udeveloper_information_policy_properties@?1??__acrt_get_developer_information_policy@@YA?AW4developer_information_policy@@XZ@@@YA?AW4developer_information_policy@@W4AppPolicyShowDeveloperDiagnostic@@@Z@4JA 000000014008ba50     libucrtd:win_policies.obj
 0003:00003a54       ?state_cache@?1???$get_cached_win_policy@Uwindowing_model_policy_properties@?1??__acrt_get_windowing_model_policy@@YA?AW4windowing_model_policy@@XZ@@@YA?AW4windowing_model_policy@@W4AppPolicyWindowingModel@@@Z@4JA 000000014008ba54     libucrtd:win_policies.obj
 0003:00003a60       ?internal_pst@?1??__mbrtoc32_utf8@__crt_mbstring@@YA_KPEA_UPEBD_KPEAU_Mbstatet@@@Z@4U3@A 000000014008ba60     libucrtd:mbrtoc32.obj
 0003:00003a68       ?internal_pst@?1??__c16rtomb_utf8@__crt_mbstring@@YA_KPEAD_SPEAU_Mbstatet@@@Z@4U3@A 000000014008ba68     libucrtd:c16rtomb.obj
 0005:00000000       MoveSmall                  0000000140091000     libvcruntimed:memcpy.obj
 0005:00000040       MoveSmallYmm               0000000140091040     libvcruntimed:memcpy.obj
 0005:00000064       MoveSmallYmmNT             0000000140091064     libvcruntimed:memcpy.obj
 0005:00000088       MoveSmallXmm               0000000140091088     libvcruntimed:memcpy.obj
 0005:000000b0       MsetTab                    00000001400910b0     libvcruntimed:memset.obj
