 main

 Timestamp is 619ff0eb (Thu Nov 25 22:24:11 2021)

 Preferred load address is 0000000140000000

 Start         Length     Name                   Class
 0001:00000000 00000730H .text$di                CODE
 0001:00000730 00060fa0H .text$mn                CODE
 0001:000616d0 00000040H .text$mn$00             CODE
 0001:00061710 00001010H .text$x                 CODE
 0001:00062720 00000155H .text$yd                CODE
 0002:00000000 000002b8H .idata$5                DATA
 0002:000002b8 00000028H .00cfg                  DATA
 0002:000002e0 00000008H .CRT$XCA                DATA
 0002:000002e8 00000008H .CRT$XCAA               DATA
 0002:000002f0 00000158H .CRT$XCC                DATA
 0002:00000448 00000038H .CRT$XCL                DATA
 0002:00000480 00000010H .CRT$XCU                DATA
 0002:00000490 00000008H .CRT$XCZ                DATA
 0002:00000498 00000008H .CRT$XIA                DATA
 0002:000004a0 00000008H .CRT$XIAA               DATA
 0002:000004a8 00000008H .CRT$XIAC               DATA
 0002:000004b0 00000028H .CRT$XIC                DATA
 0002:000004d8 00000008H .CRT$XIZ                DATA
 0002:000004e0 00000008H .CRT$XPA                DATA
 0002:000004e8 00000010H .CRT$XPX                DATA
 0002:000004f8 00000008H .CRT$XPXA               DATA
 0002:00000500 00000008H .CRT$XPZ                DATA
 0002:00000508 00000008H .CRT$XTA                DATA
 0002:00000510 00000010H .CRT$XTZ                DATA
 0002:00000518 00000000H .gehcont$y              DATA
 0002:00000518 00000000H .gfids$y                DATA
 0002:00000520 0001c2e0H .rdata                  DATA
 0002:0001c800 00000000H .rdata$CastGuardVftablesA DATA
 0002:0001c800 00000000H .rdata$CastGuardVftablesC DATA
 0002:0001c800 00000fecH .rdata$r                DATA
 0002:0001d7ec 0000004cH .rdata$voltmd           DATA
 0002:0001d838 000003c0H .rdata$zzzdbg           DATA
 0002:0001dbf8 00000008H .rtc$IAA                DATA
 0002:0001dc00 00000008H .rtc$IZZ                DATA
 0002:0001dc08 00000008H .rtc$TAA                DATA
 0002:0001dc10 00000010H .rtc$TZZ                DATA
 0002:0001dc20 00001cf0H .xdata                  DATA
 0002:0001f910 000003ccH .xdata$x                DATA
 0002:0001fcdc 00000000H .edata                  DATA
 0002:0001fcdc 00000014H .idata$2                DATA
 0002:0001fcf0 00000018H .idata$3                DATA
 0002:0001fd08 000002b8H .idata$4                DATA
 0002:0001ffc0 00000652H .idata$6                DATA
 0003:00000000 00000ca8H .data                   DATA
 0003:00000ca8 000001f8H .data$r                 DATA
 0003:00000ea0 000003c0H .data$rs                DATA
 0003:00001260 00002878H .bss                    DATA
 0004:00000000 00005130H .pdata                  DATA
 0005:00000000 000000f4H _RDATA                  DATA

  Address         Publics by Value              Rva+Base               Lib:Object

 0000:00000000       __x64_code_ranges_to_entry_points_count 0000000000000000     <absolute>
 0000:00000000       __arm64x_redirection_metadata 0000000000000000     <absolute>
 0000:00000000       __guard_iat_table          0000000000000000     <absolute>
 0000:00000000       __guard_iat_count          0000000000000000     <absolute>
 0000:00000000       __guard_longjmp_table      0000000000000000     <absolute>
 0000:00000000       __guard_longjmp_count      0000000000000000     <absolute>
 0000:00000000       __x64_code_ranges_to_entry_points 0000000000000000     <absolute>
 0000:00000000       __dynamic_value_reloc_table 0000000000000000     <absolute>
 0000:00000000       __hybrid_auxiliary_iat     0000000000000000     <absolute>
 0000:00000000       __guard_fids_count         0000000000000000     <absolute>
 0000:00000000       __hybrid_auxiliary_iat_copy 0000000000000000     <absolute>
 0000:00000000       ___safe_se_handler_table   0000000000000000     <absolute>
 0000:00000000       __arm64x_extra_rfe_table   0000000000000000     <absolute>
 0000:00000000       __hybrid_code_map          0000000000000000     <absolute>
 0000:00000000       __AbsoluteZero             0000000000000000     <absolute>
 0000:00000000       __arm64x_extra_rfe_table_size 0000000000000000     <absolute>
 0000:00000000       ___safe_se_handler_count   0000000000000000     <absolute>
 0000:00000000       __guard_check_icall_a64n_fptr 0000000000000000     <absolute>
 0000:00000000       __guard_fids_table         0000000000000000     <absolute>
 0000:00000000       __guard_eh_cont_count      0000000000000000     <absolute>
 0000:00000000       __arm64x_redirection_metadata_count 0000000000000000     <absolute>
 0000:00000000       __enclave_config           0000000000000000     <absolute>
 0000:00000000       __guard_eh_cont_table      0000000000000000     <absolute>
 0000:00000000       __arm64x_native_entrypoint 0000000000000000     <absolute>
 0000:00000000       __hybrid_code_map_count    0000000000000000     <absolute>
 0000:00000100       __guard_flags              0000000000000100     <absolute>
 0000:00000000       __ImageBase                0000000140000000     <linker-defined>
 0001:00000a50       ?vkGetInstanceProcAddrStub@@YAP6AXXZPEAUVkInstance_T@@PEBD@Z 0000000140001a50 f   main.obj
 0001:00002f20       main                       0000000140003f20 f   main.obj
 0001:000030d0       ??$?0$$V@?$_Compressed_pair@V?$allocator@D@std@@V?$_String_val@U?$_Simple_types@D@std@@@2@$00@std@@QEAA@U_Zero_then_variadic_args_t@1@@Z 00000001400040d0 f i main.obj
 0001:00003100       ??$?0AEAPEAV_Facet_base@std@@@?$_Compressed_pair@U?$default_delete@V_Facet_base@std@@@std@@PEAV_Facet_base@2@$00@std@@QEAA@U_Zero_then_variadic_args_t@1@AEAPEAV_Facet_base@1@@Z 0000000140004100 f i main.obj
 0001:00003140       ?select_on_container_copy_construction@?$_Default_allocator_traits@V?$allocator@D@std@@@std@@SA?AV?$allocator@D@2@AEBV32@@Z 0000000140004140 f i main.obj
 0001:00003140       ??$?0D@?$allocator@U_Container_proxy@std@@@std@@QEAA@AEBV?$allocator@D@1@@Z 0000000140004140 f i main.obj
 0001:00003150       ??$?0U?$default_delete@V_Facet_base@std@@@std@@$0A@@?$unique_ptr@V_Facet_base@std@@U?$default_delete@V_Facet_base@std@@@2@@std@@QEAA@PEAV_Facet_base@1@@Z 0000000140004150 f i main.obj
 0001:00003180       ??$?0V?$allocator@D@std@@$$V@?$_Compressed_pair@V?$allocator@D@std@@V?$_String_val@U?$_Simple_types@D@std@@@2@$00@std@@QEAA@U_One_then_variadic_args_t@1@$$QEAV?$allocator@D@1@@Z 0000000140004180 f i main.obj
 0001:000031c0       ??$?5DU?$char_traits@D@std@@@std@@YAAEAV?$basic_istream@DU?$char_traits@D@std@@@0@AEAV10@AEAD@Z 00000001400041c0 f i main.obj
 0001:000032c0       ??$?5U?$char_traits@D@std@@@std@@YAAEAV?$basic_istream@DU?$char_traits@D@std@@@0@AEAV10@AEAE@Z 00000001400042c0 f i main.obj
 0001:000032f0       ??$?6U?$char_traits@D@std@@@std@@YAAEAV?$basic_ostream@DU?$char_traits@D@std@@@0@AEAV10@D@Z 00000001400042f0 f i main.obj
 0001:00003660       ??$?6U?$char_traits@D@std@@@std@@YAAEAV?$basic_ostream@DU?$char_traits@D@std@@@0@AEAV10@PEBD@Z 0000000140004660 f i main.obj
 0001:00003a00       ??$_Adl_verify_range@PEBDPEBD@std@@YAXAEBQEBD0@Z 0000000140004a00 f i main.obj
 0001:00003a00       ??$_Adl_verify_range@PEADPEBD@std@@YAXAEBQEADAEBQEBD@Z 0000000140004a00 f i main.obj
 0001:00003a30       ??$_Alloc_proxy@V?$allocator@U_Container_proxy@std@@@std@@@_Container_base12@std@@QEAAX$$QEAV?$allocator@U_Container_proxy@std@@@1@@Z 0000000140004a30 f i main.obj
 0001:00003aa0       ??$_Allocate@$0BA@U_Default_allocate_traits@std@@$0A@@std@@YAPEAX_K@Z 0000000140004aa0 f i main.obj
 0001:00003ae0       ??$_Allocate_manually_vector_aligned@U_Default_allocate_traits@std@@@std@@YAPEAX_K@Z 0000000140004ae0 f i main.obj
 0001:00003be0       ??$_Construct_in_place@PEADAEBQEAD@std@@YAXAEAPEADAEBQEAD@Z 0000000140004be0 f i main.obj
 0001:00003be0       ??$_Construct_in_place@PEADAEAPEAD@std@@YAXAEAPEAD0@Z 0000000140004be0 f i main.obj
 0001:00003c30       ??$_Construct_in_place@U_Container_proxy@std@@PEAU_Container_base12@2@@std@@YAXAEAU_Container_proxy@0@$$QEAPEAU_Container_base12@0@@Z 0000000140004c30 f i main.obj
 0001:00003c80       ?debug_info@?$__crt_win32_buffer@DU__crt_win32_buffer_internal_dynamic_resizing@@@@QEBAAEBV__crt_win32_buffer_empty_debug_info@@XZ 0000000140004c80 f i libucrtd:argv_wildcards.obj
 0001:00003c80       ??$forward@AEAPEAV_Facet_base@std@@@std@@YAAEAPEAV_Facet_base@0@AEAPEAV10@@Z 0000000140004c80 f i main.obj
 0001:00003c80       ?get_address_of@?$__crt_unique_heap_ptr@PEADU__crt_internal_free_policy@@@@QEAAPEAPEAPEADXZ 0000000140004c80 f i libucrtd:argv_parsing.obj
 0001:00003c80       ??$move@AEAV?$allocator@D@std@@@std@@YA$$QEAV?$allocator@D@0@AEAV10@@Z 0000000140004c80 f i main.obj
 0001:00003c80       ?dangerous_get_state_array@?$dual_state_global@PEAU__crt_locale_data@@@__crt_state_management@@QEAAPEAPEAU__crt_locale_data@@XZ 0000000140004c80 f i libucrtd:per_thread_data.obj
 0001:00003c80       ?_Get_first@?$_Compressed_pair@V?$allocator@D@std@@V?$_String_val@U?$_Simple_types@D@std@@@2@$00@std@@QEBAAEBV?$allocator@D@2@XZ 0000000140004c80 f i main.obj
 0001:00003c80       ??$addressof@PEAD@std@@YAPEAPEADAEAPEAD@Z 0000000140004c80 f i main.obj
 0001:00003c80       ??$forward@AEAViterator@TryBlockMap@__FrameHandler3@@@std@@YAAEAViterator@TryBlockMap@__FrameHandler3@@AEAV123@@Z 0000000140004c80 f i libvcruntimed:risctrnsctrl.obj
 0001:00003c80       ??$forward@V?$allocator@D@std@@@std@@YA$$QEAV?$allocator@D@0@AEAV10@@Z 0000000140004c80 f i main.obj
 0001:00003c80       ??$forward@AEBQEAD@std@@YAAEBQEADAEBQEAD@Z 0000000140004c80 f i main.obj
 0001:00003c80       ??$addressof@U_Container_base12@std@@@std@@YAPEAU_Container_base12@0@AEAU10@@Z 0000000140004c80 f i main.obj
 0001:00003c80       ??$_Voidify_iter@PEAPEAD@std@@YAPEAXPEAPEAD@Z 0000000140004c80 f i main.obj
 0001:00003c80       ??$addressof@U_Container_proxy@std@@@std@@YAPEAU_Container_proxy@0@AEAU10@@Z 0000000140004c80 f i main.obj
 0001:00003c80       ??$_Unfancy@U_Container_proxy@std@@@std@@YAPEAU_Container_proxy@0@PEAU10@@Z 0000000140004c80 f i main.obj
 0001:00003c80       ??0?$allocator@D@std@@QEAA@XZ 0000000140004c80 f i main.obj
 0001:00003c80       ??$addressof@$$CBV?$codecvt@DDU_Mbstatet@@@std@@@std@@YAPEBV?$codecvt@DDU_Mbstatet@@@0@AEBV10@@Z 0000000140004c80 f i libcpmtd:cin.obj
 0001:00003c80       ?dangerous_get_state_array@?$dual_state_global@PEAPEAD@__crt_state_management@@QEAAPEAPEAPEADXZ 0000000140004c80 f i libucrtd:timeset.obj
 0001:00003c80       ?_Get_first@?$_Compressed_pair@V?$allocator@D@std@@V?$_String_val@U?$_Simple_types@D@std@@@2@$00@std@@QEAAAEAV?$allocator@D@2@XZ 0000000140004c80 f i main.obj
 0001:00003c80       ?dangerous_get_state_array@?$dual_state_global@PEAPEA_W@__crt_state_management@@QEAAPEAPEAPEA_WXZ 0000000140004c80 f i libucrtd:timeset.obj
 0001:00003c80       ?dangerous_get_state_array@?$dual_state_global@H@__crt_state_management@@QEAAPEAHXZ 0000000140004c80 f i libucrtd:txtmode.obj
 0001:00003c80       ??$forward@PEAU_Container_base12@std@@@std@@YA$$QEAPEAU_Container_base12@0@AEAPEAU10@@Z 0000000140004c80 f i main.obj
 0001:00003c80       ?_Get_first@?$_Compressed_pair@U?$default_delete@V_Facet_base@std@@@std@@PEAV_Facet_base@2@$00@std@@QEAAAEAU?$default_delete@V_Facet_base@std@@@2@XZ 0000000140004c80 f i main.obj
 0001:00003c80       ??$addressof@$$CBV?$_String_val@U?$_Simple_types@D@std@@@std@@@std@@YAPEBV?$_String_val@U?$_Simple_types@D@std@@@0@AEBV10@@Z 0000000140004c80 f i main.obj
 0001:00003c80       ?debug_info@?$__crt_win32_buffer@_WU__crt_win32_buffer_internal_dynamic_resizing@@@@QEBAAEBV__crt_win32_buffer_empty_debug_info@@XZ 0000000140004c80 f i libucrtd:strftime.obj
 0001:00003c80       ?debug_info@?$__crt_win32_buffer@DU__crt_win32_buffer_no_resizing@@@@QEBAAEBV__crt_win32_buffer_empty_debug_info@@XZ 0000000140004c80 f i libucrtd:strftime.obj
 0001:00003c80       ??$_Convert_size@_K@std@@YA_K_K@Z 0000000140004c80 f i main.obj
 0001:00003c80       ??$forward@AEAPEAD@std@@YAAEAPEADAEAPEAD@Z 0000000140004c80 f i main.obj
 0001:00003c80       ??$_Voidify_iter@PEAD@std@@YAPEAXPEAD@Z 0000000140004c80 f i libcpmtd:cin.obj
 0001:00003c80       ??$_Unfancy@D@std@@YAPEADPEAD@Z 0000000140004c80 f i main.obj
 0001:00003c80       ??$_Voidify_iter@PEAU_Container_proxy@std@@@std@@YAPEAXPEAU_Container_proxy@0@@Z 0000000140004c80 f i main.obj
 0001:00003c80       ?dangerous_get_state_array@?$dual_state_global@P6AXPEB_W00I_K@Z@__crt_state_management@@QEAAPEAP6AXPEB_W00I_K@ZXZ 0000000140004c80 f i libucrtd:invalid_parameter.obj
 0001:00003c80       ??$addressof@V?$_String_val@U?$_Simple_types@D@std@@@std@@@std@@YAPEAV?$_String_val@U?$_Simple_types@D@std@@@0@AEAV10@@Z 0000000140004c80 f i main.obj
 0001:00003c80       ?dangerous_get_state_array@?$dual_state_global@PEAE@__crt_state_management@@QEAAPEAPEAEXZ 0000000140004c80 f i libucrtd:mbctype.obj
 0001:00003c80       ?get_address_of@?$__crt_unique_handle_t@U__crt_hmodule_traits@@@@QEAAPEAPEAUHINSTANCE__@@XZ 0000000140004c80 f i libucrtd:exit.obj
 0001:00003c80       ??$forward@AEAViterator@TryBlockMap4@FH4@@@std@@YAAEAViterator@TryBlockMap4@FH4@@AEAV123@@Z 0000000140004c80 f i libvcruntimed:risctrnsctrl.obj
 0001:00003c80       ??$forward@AEBD@std@@YAAEBDAEBD@Z 0000000140004c80 f i libcpmtd:cin.obj
 0001:00003c80       ?dangerous_get_state_array@?$dual_state_global@PEAU__crt_multibyte_data@@@__crt_state_management@@QEAAPEAPEAU__crt_multibyte_data@@XZ 0000000140004c80 f i libucrtd:mbctype.obj
 0001:00003c90       ??$_Deallocate@$0BA@$0A@@std@@YAXPEAX_K@Z 0000000140004c90 f i main.obj
 0001:00003cd0       ??$_Deallocate_plain@V?$allocator@U_Container_proxy@std@@@std@@@std@@YAXAEAV?$allocator@U_Container_proxy@std@@@0@QEAU_Container_proxy@0@@Z 0000000140004cd0 f i main.obj
 0001:00003d00       ??$_Delete_plain_internal@V?$allocator@U_Container_proxy@std@@@std@@@std@@YAXAEAV?$allocator@U_Container_proxy@std@@@0@QEAU_Container_proxy@0@@Z 0000000140004d00 f i main.obj
 0001:00003d30       ??$_Destroy_in_place@PEAD@std@@YAXAEAPEAD@Z 0000000140004d30 f i main.obj
 0001:00003d30       ?_Lock@?$basic_streambuf@DU?$char_traits@D@std@@@std@@UEAAXXZ 0000000140004d30 f i libcpmtd:cin.obj
 0001:00003d30       ??1error_category@std@@UEAA@XZ 0000000140004d30 f i main.obj
 0001:00003d30       ??1?$__crt_simd_cleanup_guard@$0A@@@QEAA@XZ 0000000140004d30 f i libucrtd:strnlen.obj
 0001:00003d30       ??1scoped_global_state_reset@__crt_state_management@@QEAA@XZ 0000000140004d30 f i libucrtd:onexit.obj
 0001:00003d30       _guard_check_icall_nop     0000000140004d30 f i LIBCMTD:guard_support.obj
 0001:00003d30       ?_Unlock@?$basic_streambuf@DU?$char_traits@D@std@@@std@@UEAAXXZ 0000000140004d30 f i libcpmtd:cin.obj
 0001:00003d30       ??1_Bxty@?$_String_val@U?$_Simple_types@D@std@@@std@@QEAA@XZ 0000000140004d30 f i main.obj
 0001:00003d40       ??$_Get_size_of_n@$00@std@@YA_K_K@Z 0000000140004d40 f i main.obj
 0001:00003d60       ??$_Get_size_of_n@$0BA@@std@@YA_K_K@Z 0000000140004d60 f i main.obj
 0001:00003da0       ??$_Immortalize_memcpy_image@V_Iostream_error_category2@std@@@std@@YAAEBV_Iostream_error_category2@0@XZ 0000000140004da0 f i main.obj
 0001:00003db0       ??$_Reallocate_for@V<lambda_66f57f934f28d61049862f64df852ff0>@@PEBD@?$basic_string@DU?$char_traits@D@std@@V?$allocator@D@2@@std@@AEAAAEAV01@_KV<lambda_66f57f934f28d61049862f64df852ff0>@@PEBD@Z 0000000140004db0 f i main.obj
 0001:00003ed0       ??$_Reallocate_grow_by@V<lambda_65e615be2a453ca0576c979606f46740>@@PEBD_K@?$basic_string@DU?$char_traits@D@std@@V?$allocator@D@2@@std@@AEAAAEAV01@_KV<lambda_65e615be2a453ca0576c979606f46740>@@PEBD_K@Z 0000000140004ed0 f i main.obj
 0001:000040b0       ??$_Verify_range@D@std@@YAXQEBD0@Z 00000001400050b0 f i main.obj
 0001:00004140       ??$exchange@PEAV_Facet_base@std@@$$T@std@@YAPEAV_Facet_base@0@AEAPEAV10@$$QEA$$T@Z 0000000140005140 f i main.obj
 0001:00004180       ??$max@_K@std@@YAAEB_KAEB_K0@Z 0000000140005180 f i main.obj
 0001:000041d0       ??$min@_K@std@@YAAEB_KAEB_K0@Z 00000001400051d0 f i main.obj
 0001:00004220       ??$use_facet@V?$ctype@D@std@@@std@@YAAEBV?$ctype@D@0@AEBVlocale@0@@Z 0000000140005220 f i main.obj
 0001:00004330       ??0?$_Container_proxy_ptr12@V?$allocator@U_Container_proxy@std@@@std@@@std@@QEAA@AEAV?$allocator@U_Container_proxy@std@@@1@AEAU_Container_base12@1@@Z 0000000140005330 f i main.obj
 0001:000043c0       ??0?$_String_val@U?$_Simple_types@D@std@@@std@@QEAA@XZ 00000001400053c0 f i main.obj
 0001:00004410       ??0?$_Yarn@D@std@@QEAA@XZ  0000000140005410 f i main.obj
 0001:00004430       ??0?$_Yarn@_W@std@@QEAA@XZ 0000000140005430 f i main.obj
 0001:00004460       ??0?$basic_string@DU?$char_traits@D@std@@V?$allocator@D@2@@std@@QEAA@$$QEAV01@@Z 0000000140005460 f i main.obj
 0001:000044d0       ??0?$basic_string@DU?$char_traits@D@std@@V?$allocator@D@2@@std@@QEAA@AEBV01@@Z 00000001400054d0 f i main.obj
 0001:00004570       ??0?$basic_string@DU?$char_traits@D@std@@V?$allocator@D@2@@std@@QEAA@QEBD@Z 0000000140005570 f i main.obj
 0001:00004610       ??0?$basic_string@DU?$char_traits@D@std@@V?$allocator@D@2@@std@@QEAA@QEBD_K@Z 0000000140005610 f i main.obj
 0001:000046b0       ??0?$ctype@D@std@@QEAA@AEBV_Locinfo@1@_K@Z 00000001400056b0 f i main.obj
 0001:00004700       ??0_Bxty@?$_String_val@U?$_Simple_types@D@std@@@std@@QEAA@XZ 0000000140005700 f i main.obj
 0001:00004700       ??0_Basic_container_proxy_ptr12@std@@IEAA@XZ 0000000140005700 f i main.obj
 0001:00004700       ??0_Container_base12@std@@QEAA@XZ 0000000140005700 f i main.obj
 0001:00004700       ??0__crt_stdio_stream@@QEAA@XZ 0000000140005700 f i libucrtd:stream.obj
 0001:00004700       ??0__crt_deferred_errno_cache@@QEAA@XZ 0000000140005700 f i libucrtd:output.obj
 0001:00004720       ??0_Container_proxy@std@@QEAA@PEAU_Container_base12@1@@Z 0000000140005720 f i main.obj
 0001:00004750       ??0_Facet_base@std@@QEAA@XZ 0000000140005750 f i main.obj
 0001:00004770       ??0_Locinfo@std@@QEAA@PEBD@Z 0000000140005770 f i main.obj
 0001:00004830       ??0_Sentry_base@?$basic_ostream@DU?$char_traits@D@std@@@std@@QEAA@AEAV12@@Z 0000000140005830 f i main.obj
 0001:00004830       ??0_Sentry_base@?$basic_istream@DU?$char_traits@D@std@@@std@@QEAA@AEAV12@@Z 0000000140005830 f i main.obj
 0001:000048a0       ??0_System_error@std@@IEAA@Verror_code@1@AEBV?$basic_string@DU?$char_traits@D@std@@V?$allocator@D@2@@1@@Z 00000001400058a0 f i main.obj
 0001:00004970       ??0_System_error@std@@QEAA@AEBV01@@Z 0000000140005970 f i main.obj
 0001:000049d0       ??0bad_alloc@std@@AEAA@QEBD@Z 00000001400059d0 f i main.obj
 0001:00004a10       ??0bad_alloc@std@@QEAA@AEBV01@@Z 0000000140005a10 f i main.obj
 0001:00004a50       ??0bad_array_new_length@std@@QEAA@AEBV01@@Z 0000000140005a50 f i main.obj
 0001:00004a90       ??0bad_array_new_length@std@@QEAA@XZ 0000000140005a90 f i main.obj
 0001:00004ad0       ??0bad_cast@std@@QEAA@AEBV01@@Z 0000000140005ad0 f i main.obj
 0001:00004b10       ??0bad_cast@std@@QEAA@XZ   0000000140005b10 f i main.obj
 0001:00004b50       ??0ctype_base@std@@QEAA@_K@Z 0000000140005b50 f i main.obj
 0001:00004b90       ??0error_code@std@@QEAA@HAEBVerror_category@1@@Z 0000000140005b90 f i main.obj
 0001:00004b90       ??0error_condition@std@@QEAA@HAEBVerror_category@1@@Z 0000000140005b90 f i main.obj
 0001:00004bc0       ??0exception@std@@QEAA@AEBV01@@Z 0000000140005bc0 f i main.obj
 0001:00004c20       ??0exception@std@@QEAA@QEBD@Z 0000000140005c20 f i main.obj
 0001:00004c90       ??0exception@std@@QEAA@QEBDH@Z 0000000140005c90 f i main.obj
 0001:00004ce0       ??0facet@locale@std@@IEAA@_K@Z 0000000140005ce0 f i main.obj
 0001:00004d20       ??0failure@ios_base@std@@QEAA@AEBV012@@Z 0000000140005d20 f i main.obj
 0001:00004d60       ??0failure@ios_base@std@@QEAA@PEBDAEBVerror_code@2@@Z 0000000140005d60 f i main.obj
 0001:00004dc0       ??0?$__crt_scoped_stack_ptr_tag@_W@@QEAA@QEA_W@Z 0000000140005dc0 f i libcpmtd:StlLCMapStringA.obj
 0001:00004dc0       ??0__crt_stdio_stream@@QEAA@QEAU__crt_stdio_stream_data@@@Z 0000000140005dc0 f i libucrtd:fflush.obj
 0001:00004dc0       ??0?$__crt_unique_heap_ptr@U__crt_multibyte_data@@U__crt_internal_free_policy@@@@QEAA@QEAU__crt_multibyte_data@@@Z 0000000140005dc0 f i libucrtd:wsetlocale.obj
 0001:00004dc0       ??0?$__crt_unique_heap_ptr@U__crt_lowio_handle_data@@U__crt_internal_free_policy@@@@QEAA@QEAU__crt_lowio_handle_data@@@Z 0000000140005dc0 f i libucrtd:osfinfo.obj
 0001:00004dc0       ??0?$__crt_unique_heap_ptr@PEADU__crt_internal_free_policy@@@@QEAA@QEAPEAD@Z 0000000140005dc0 f i libucrtd:argv_parsing.obj
 0001:00004dc0       ??0?$__crt_scoped_stack_ptr@_W@@QEAA@U?$__crt_scoped_stack_ptr_tag@_W@@@Z 0000000140005dc0 f i libcpmtd:StlLCMapStringA.obj
 0001:00004dc0       ??0?$__crt_unique_heap_ptr@JU__crt_internal_free_policy@@@@QEAA@QEAJ@Z 0000000140005dc0 f i libucrtd:initctype.obj
 0001:00004dc0       ??0?$__crt_unique_heap_ptr@U__crt_lc_time_data@@U__crt_internal_free_policy@@@@QEAA@QEAU__crt_lc_time_data@@@Z 0000000140005dc0 f i libucrtd:inittime.obj
 0001:00004dc0       ??0?$__crt_unique_heap_ptr@U__crt_stdio_stream_data@@U__crt_internal_free_policy@@@@QEAA@QEAU__crt_stdio_stream_data@@@Z 0000000140005dc0 f i libucrtd:stream.obj
 0001:00004dc0       ??0?$__crt_unique_heap_ptr@PEAU__crt_stdio_stream_data@@U__crt_internal_free_policy@@@@QEAA@QEAPEAU__crt_stdio_stream_data@@@Z 0000000140005dc0 f i libucrtd:_file.obj
 0001:00004dc0       ??0?$__crt_unique_heap_ptr@DU__crt_internal_free_policy@@@@QEAA@QEAD@Z 0000000140005dc0 f i libvcruntimed:std_type_info.obj
 0001:00004dc0       ??0__crt_stdio_stream@@QEAA@QEAU_iobuf@@@Z 0000000140005dc0 f i libucrtd:fclose.obj
 0001:00004dc0       ??0?$__crt_unique_handle_t@U__crt_findfile_traits@@@@QEAA@QEAX@Z 0000000140005dc0 f i libucrtd:argv_wildcards.obj
 0001:00004dc0       ??0?$__crt_unique_heap_ptr@Ulconv@@U__crt_internal_free_policy@@@@QEAA@QEAUlconv@@@Z 0000000140005dc0 f i libucrtd:initmon.obj
 0001:00004dc0       ??0id@locale@std@@QEAA@_K@Z 0000000140005dc0 f i main.obj
 0001:00004dc0       ??0?$__crt_unique_heap_ptr@U__acrt_ptd@@U__crt_internal_free_policy@@@@QEAA@QEAU__acrt_ptd@@@Z 0000000140005dc0 f i libucrtd:per_thread_data.obj
 0001:00004dc0       ??0?$__crt_unique_heap_ptr@U__vcrt_ptd@@U__crt_internal_free_policy@@@@QEAA@QEAU__vcrt_ptd@@@Z 0000000140005dc0 f i libvcruntimed:per_thread_data.obj
 0001:00004dc0       ??0?$__crt_unique_heap_ptr@EU__crt_internal_free_policy@@@@QEAA@QEAE@Z 0000000140005dc0 f i libcpmtd:xwcsxfrm.obj
 0001:00004dc0       ??0?$__crt_unique_heap_ptr@_WU__crt_internal_free_policy@@@@QEAA@QEA_W@Z 0000000140005dc0 f i libucrtd:setlocale.obj
 0001:00004dc0       ??0?$__crt_unique_heap_ptr@GU__crt_internal_free_policy@@@@QEAA@QEAG@Z 0000000140005dc0 f i libucrtd:initctype.obj
 0001:00004dc0       ??0?$__crt_unique_handle_t@U__crt_hmodule_traits@@@@QEAA@QEAUHINSTANCE__@@@Z 0000000140005dc0 f i libucrtd:exit.obj
 0001:00004dc0       ??0?$__crt_unique_heap_ptr@DU__crt_public_free_policy@@@@QEAA@QEAD@Z 0000000140005dc0 f i libvcruntimed:std_exception.obj
 0001:00004dc0       ??0?$__crt_unique_heap_ptr@P6AXXZU__crt_internal_free_policy@@@@QEAA@QEAP6AXXZ@Z 0000000140005dc0 f i libucrtd:onexit.obj
 0001:00004dc0       ??0?$__crt_unique_heap_ptr@U__crt_locale_data@@U__crt_internal_free_policy@@@@QEAA@QEAU__crt_locale_data@@@Z 0000000140005dc0 f i libucrtd:wsetlocale.obj
 0001:00004dc0       ??0?$string_output_adapter@D@__crt_stdio_output@@QEAA@QEAU?$string_output_adapter_context@D@1@@Z 0000000140005dc0 f i libucrtd:output.obj
 0001:00004dc0       ??0?$string_output_adapter@_W@__crt_stdio_output@@QEAA@QEAU?$string_output_adapter_context@_W@1@@Z 0000000140005dc0 f i libucrtd:output.obj
 0001:00004de0       ??0locale@std@@QEAA@AEBV01@@Z 0000000140005de0 f i main.obj
 0001:00004e30       ??0runtime_error@std@@QEAA@AEBV01@@Z 0000000140005e30 f i main.obj
 0001:00004e70       ??0runtime_error@std@@QEAA@AEBV?$basic_string@DU?$char_traits@D@std@@V?$allocator@D@2@@1@@Z 0000000140005e70 f i main.obj
 0001:00004eb0       ??0sentry@?$basic_istream@DU?$char_traits@D@std@@@std@@QEAA@AEAV12@_N@Z 0000000140005eb0 f i main.obj
 0001:00004f00       ??0sentry@?$basic_ostream@DU?$char_traits@D@std@@@std@@QEAA@AEAV12@@Z 0000000140005f00 f i main.obj
 0001:00004fd0       ??0system_error@std@@QEAA@AEBV01@@Z 0000000140005fd0 f i main.obj
 0001:00005010       ??0system_error@std@@QEAA@Verror_code@1@PEBD@Z 0000000140006010 f i main.obj
 0001:000050a0       ??1?$_Compressed_pair@V?$allocator@D@std@@V?$_String_val@U?$_Simple_types@D@std@@@2@$00@std@@QEAA@XZ 00000001400060a0 f i main.obj
 0001:000050c0       ??1?$_Container_proxy_ptr12@V?$allocator@U_Container_proxy@std@@@std@@@std@@QEAA@XZ 00000001400060c0 f i main.obj
 0001:000050f0       ??1?$_String_val@U?$_Simple_types@D@std@@@std@@QEAA@XZ 00000001400060f0 f i main.obj
 0001:00005110       ??1?$_Yarn@_W@std@@QEAA@XZ 0000000140006110 f i main.obj
 0001:00005110       ??1?$_Yarn@D@std@@QEAA@XZ  0000000140006110 f i main.obj
 0001:00005130       ??1?$basic_string@DU?$char_traits@D@std@@V?$allocator@D@2@@std@@QEAA@XZ 0000000140006130 f i main.obj
 0001:000051a0       ??1?$ctype@D@std@@MEAA@XZ  00000001400061a0 f i main.obj
 0001:000051e0       ??1?$unique_ptr@V_Facet_base@std@@U?$default_delete@V_Facet_base@std@@@2@@std@@QEAA@XZ 00000001400061e0 f i main.obj
 0001:00005220       ??1_Facet_base@std@@UEAA@XZ 0000000140006220 f i main.obj
 0001:00005240       ??1_Iostream_error_category2@std@@UEAA@XZ 0000000140006240 f i main.obj
 0001:00005260       ??1_Locinfo@std@@QEAA@XZ   0000000140006260 f i main.obj
 0001:000052f0       ??1_Sentry_base@?$basic_istream@DU?$char_traits@D@std@@@std@@QEAA@XZ 00000001400062f0 f i main.obj
 0001:000052f0       ??1_Sentry_base@?$basic_ostream@DU?$char_traits@D@std@@@std@@QEAA@XZ 00000001400062f0 f i main.obj
 0001:00005350       ??1_System_error@std@@UEAA@XZ 0000000140006350 f i main.obj
 0001:00005350       ??1out_of_range@std@@UEAA@XZ 0000000140006350 f i libcpmtd:xthrow.obj
 0001:00005350       ??1bad_array_new_length@std@@UEAA@XZ 0000000140006350 f i main.obj
 0001:00005350       ??1length_error@std@@UEAA@XZ 0000000140006350 f i libcpmtd:xthrow.obj
 0001:00005370       ??1runtime_error@std@@UEAA@XZ 0000000140006370 f i main.obj
 0001:00005370       ??1logic_error@std@@UEAA@XZ 0000000140006370 f i libcpmtd:xthrow.obj
 0001:00005370       ??1bad_cast@std@@UEAA@XZ   0000000140006370 f i main.obj
 0001:00005370       ??1bad_alloc@std@@UEAA@XZ  0000000140006370 f i main.obj
 0001:00005370       ??1bad_exception@std@@UEAA@XZ 0000000140006370 f i libvcruntimed:frame.obj
 0001:00005390       ??1ctype_base@std@@UEAA@XZ 0000000140006390 f i main.obj
 0001:000053c0       ??1exception@std@@UEAA@XZ  00000001400063c0 f i main.obj
 0001:000053f0       ??1facet@locale@std@@MEAA@XZ 00000001400063f0 f i main.obj
 0001:00005420       ??1failure@ios_base@std@@UEAA@XZ 0000000140006420 f i main.obj
 0001:00005440       ??1locale@std@@QEAA@XZ     0000000140006440 f i main.obj
 0001:000054b0       ??1sentry@?$basic_istream@DU?$char_traits@D@std@@@std@@QEAA@XZ 00000001400064b0 f i main.obj
 0001:000054d0       ??1sentry@?$basic_ostream@DU?$char_traits@D@std@@@std@@QEAA@XZ 00000001400064d0 f i main.obj
 0001:00005520       ??1system_error@std@@UEAA@XZ 0000000140006520 f i main.obj
 0001:00005540       ??2@YAPEAX_KPEAX@Z         0000000140006540 f i main.obj
 0001:00005550       ??2_Crt_new_delete@std@@SAPEAX_K@Z 0000000140006550 f i main.obj
 0001:00005590       ??2_Crt_new_delete@std@@SAPEAX_KAEBUnothrow_t@1@@Z 0000000140006590 f i main.obj
 0001:000055e0       ??3_Crt_new_delete@std@@SAXPEAX@Z 00000001400065e0 f i main.obj
 0001:00005600       ??8error_category@std@@QEBA_NAEBV01@@Z 0000000140006600 f i main.obj
 0001:00005640       ??8std@@YA_NAEBVerror_condition@0@0@Z 0000000140006640 f i main.obj
 0001:000056c0       ??Bid@locale@std@@QEAA_KXZ 00000001400066c0 f i main.obj
 0001:00005720       ??Bsentry@?$basic_ostream@DU?$char_traits@D@std@@@std@@QEBA_NXZ 0000000140006720 f i main.obj
 0001:00005720       ??Bsentry@?$basic_istream@DU?$char_traits@D@std@@@std@@QEBA_NXZ 0000000140006720 f i main.obj
 0001:00005730       ??R<lambda_65e615be2a453ca0576c979606f46740>@@QEBA@QEADQEBD_K12@Z 0000000140006730 f i main.obj
 0001:000057b0       ??R<lambda_66f57f934f28d61049862f64df852ff0>@@QEBA@QEAD_KQEBD@Z 00000001400067b0 f i main.obj
 0001:00005810       ??R?$default_delete@V_Facet_base@std@@@std@@QEBAXPEAV_Facet_base@1@@Z 0000000140006810 f i main.obj
 0001:00005860       ??_G?$ctype@D@std@@MEAAPEAXI@Z 0000000140006860 f i main.obj
 0001:00005860       ??_E?$ctype@D@std@@MEAAPEAXI@Z 0000000140006860 f i main.obj
 0001:000058c0       ??_E_Facet_base@std@@UEAAPEAXI@Z 00000001400068c0 f i main.obj
 0001:000058c0       ??_G_Facet_base@std@@UEAAPEAXI@Z 00000001400068c0 f i main.obj
 0001:00005900       ??_G_Iostream_error_category2@std@@UEAAPEAXI@Z 0000000140006900 f i main.obj
 0001:00005900       ??_E_Iostream_error_category2@std@@UEAAPEAXI@Z 0000000140006900 f i main.obj
 0001:00005940       ??_G_System_error@std@@UEAAPEAXI@Z 0000000140006940 f i main.obj
 0001:00005940       ??_E_System_error@std@@UEAAPEAXI@Z 0000000140006940 f i main.obj
 0001:00005980       ??_Ebad_exception@std@@UEAAPEAXI@Z 0000000140006980 f i libvcruntimed:frame.obj
 0001:00005980       ??_Ebad_cast@std@@UEAAPEAXI@Z 0000000140006980 f i main.obj
 0001:00005980       ??_Gbad_cast@std@@UEAAPEAXI@Z 0000000140006980 f i main.obj
 0001:00005980       ??_Elogic_error@std@@UEAAPEAXI@Z 0000000140006980 f i libcpmtd:xthrow.obj
 0001:00005980       ??_Gbad_alloc@std@@UEAAPEAXI@Z 0000000140006980 f i main.obj
 0001:00005980       ??_Eruntime_error@std@@UEAAPEAXI@Z 0000000140006980 f i main.obj
 0001:00005980       ??_Gbad_exception@std@@UEAAPEAXI@Z 0000000140006980 f i libvcruntimed:frame.obj
 0001:00005980       ??_Gruntime_error@std@@UEAAPEAXI@Z 0000000140006980 f i main.obj
 0001:00005980       ??_Ebad_alloc@std@@UEAAPEAXI@Z 0000000140006980 f i main.obj
 0001:00005980       ??_Glogic_error@std@@UEAAPEAXI@Z 0000000140006980 f i libcpmtd:xthrow.obj
 0001:000059c0       ??_Eout_of_range@std@@UEAAPEAXI@Z 00000001400069c0 f i libcpmtd:xthrow.obj
 0001:000059c0       ??_Glength_error@std@@UEAAPEAXI@Z 00000001400069c0 f i libcpmtd:xthrow.obj
 0001:000059c0       ??_Elength_error@std@@UEAAPEAXI@Z 00000001400069c0 f i libcpmtd:xthrow.obj
 0001:000059c0       ??_Gout_of_range@std@@UEAAPEAXI@Z 00000001400069c0 f i libcpmtd:xthrow.obj
 0001:000059c0       ??_Gbad_array_new_length@std@@UEAAPEAXI@Z 00000001400069c0 f i main.obj
 0001:000059c0       ??_Ebad_array_new_length@std@@UEAAPEAXI@Z 00000001400069c0 f i main.obj
 0001:00005a00       ??_Gctype_base@std@@UEAAPEAXI@Z 0000000140006a00 f i main.obj
 0001:00005a00       ??_Ectype_base@std@@UEAAPEAXI@Z 0000000140006a00 f i main.obj
 0001:00005a60       ??_Eexception@std@@UEAAPEAXI@Z 0000000140006a60 f i main.obj
 0001:00005a60       ??_Gexception@std@@UEAAPEAXI@Z 0000000140006a60 f i main.obj
 0001:00005aa0       ??_Gfacet@locale@std@@MEAAPEAXI@Z 0000000140006aa0 f i main.obj
 0001:00005aa0       ??_Efacet@locale@std@@MEAAPEAXI@Z 0000000140006aa0 f i main.obj
 0001:00005b00       ??_Gfailure@ios_base@std@@UEAAPEAXI@Z 0000000140006b00 f i main.obj
 0001:00005b00       ??_Efailure@ios_base@std@@UEAAPEAXI@Z 0000000140006b00 f i main.obj
 0001:00005b40       ??_Gsystem_error@std@@UEAAPEAXI@Z 0000000140006b40 f i main.obj
 0001:00005b40       ??_Esystem_error@std@@UEAAPEAXI@Z 0000000140006b40 f i main.obj
 0001:00005b80       ?_Adjust_manually_vector_aligned@std@@YAXAEAPEAXAEA_K@Z 0000000140006b80 f i main.obj
 0001:00005d10       ?_Allocate@_Default_allocate_traits@std@@SAPEAX_K@Z 0000000140006d10 f i main.obj
 0001:00005d30       ?_Calculate_growth@?$basic_string@DU?$char_traits@D@std@@V?$allocator@D@2@@std@@AEBA_K_K@Z 0000000140006d30 f i main.obj
 0001:00005d70       ?_Calculate_growth@?$basic_string@DU?$char_traits@D@std@@V?$allocator@D@2@@std@@CA_K_K00@Z 0000000140006d70 f i main.obj
 0001:00005e10       ?_Construct_lv_contents@?$basic_string@DU?$char_traits@D@std@@V?$allocator@D@2@@std@@AEAAXAEBV12@@Z 0000000140006e10 f i main.obj
 0001:00005f90       ?_Decref@facet@locale@std@@UEAAPEAV_Facet_base@3@XZ 0000000140006f90 f i main.obj
 0001:00005fc0       ?_Getal@?$basic_string@DU?$char_traits@D@std@@V?$allocator@D@2@@std@@AEAAAEAV?$allocator@D@2@XZ 0000000140006fc0 f i main.obj
 0001:00005fc0       ?_Getal@?$basic_string@DU?$char_traits@D@std@@V?$allocator@D@2@@std@@AEBAAEBV?$allocator@D@2@XZ 0000000140006fc0 f i main.obj
 0001:00005fe0       ?_Getcat@?$ctype@D@std@@SA_KPEAPEBVfacet@locale@2@PEBV42@@Z 0000000140006fe0 f i main.obj
 0001:000060d0       ?_Getctype@_Locinfo@std@@QEBA?AU_Ctypevec@@XZ 00000001400070d0 f i main.obj
 0001:00006130       ?_Getfacet@locale@std@@QEBAPEBVfacet@12@_K@Z 0000000140007130 f i main.obj
 0001:000061e0       ?_Gnavail@?$basic_streambuf@DU?$char_traits@D@std@@@std@@IEBA_JXZ 00000001400071e0 f i main.obj
 0001:00006220       ?_Gninc@?$basic_streambuf@DU?$char_traits@D@std@@@std@@IEAAPEADXZ 0000000140007220 f i main.obj
 0001:00006280       ?_Gnpreinc@?$basic_streambuf@DU?$char_traits@D@std@@@std@@IEAAPEADXZ 0000000140007280 f i main.obj
 0001:000062d0       ?_Incref@facet@locale@std@@UEAAXXZ 00000001400072d0 f i main.obj
 0001:000062f0       ?_Init@?$ctype@D@std@@IEAAXAEBV_Locinfo@2@@Z 00000001400072f0 f i main.obj
 0001:00006330       ?_Ipfx@?$basic_istream@DU?$char_traits@D@std@@@std@@QEAA_N_N@Z 0000000140007330 f i main.obj
 0001:000065c0       ?_Large_string_engaged@?$_String_val@U?$_Simple_types@D@std@@@std@@QEBA_NXZ 00000001400075c0 f i main.obj
 0001:000065f0       ?_Makestr@_System_error@std@@CA?AV?$basic_string@DU?$char_traits@D@std@@V?$allocator@D@2@@2@Verror_code@2@V32@@Z 00000001400075f0 f i main.obj
 0001:000066b0       ?_Memcpy_val_from@?$basic_string@DU?$char_traits@D@std@@V?$allocator@D@2@@std@@AEAAXAEBV12@@Z 00000001400076b0 f i main.obj
 0001:00006710       ?_Myptr@?$_String_val@U?$_Simple_types@D@std@@@std@@QEBAPEBDXZ 0000000140007710 f i main.obj
 0001:00006710       ?_Myptr@?$_String_val@U?$_Simple_types@D@std@@@std@@QEAAPEADXZ 0000000140007710 f i main.obj
 0001:00006760       ?_Orphan_all@_Container_base12@std@@QEAAXXZ 0000000140007760 f i main.obj
 0001:00006780       ?_Orphan_all_locked_v3@_Container_base12@std@@AEAAXXZ 0000000140007780 f i main.obj
 0001:000067c0       ?_Orphan_all_unlocked_v3@_Container_base12@std@@AEAAXXZ 00000001400077c0 f i main.obj
 0001:00006830       ?_Osfx@?$basic_ostream@DU?$char_traits@D@std@@@std@@QEAAXXZ 0000000140007830 f i main.obj
 0001:00006900       ?_Pnavail@?$basic_streambuf@DU?$char_traits@D@std@@@std@@IEBA_JXZ 0000000140007900 f i main.obj
 0001:00006940       ?_Pninc@?$basic_streambuf@DU?$char_traits@D@std@@@std@@IEAAPEADXZ 0000000140007940 f i main.obj
 0001:000069a0       ?_Release@_Basic_container_proxy_ptr12@std@@QEAAXXZ 00000001400079a0 f i main.obj
 0001:000069c0       ?_Swap_proxy_and_iterators@?$basic_string@DU?$char_traits@D@std@@V?$allocator@D@2@@std@@AEAAXAEAV12@@Z 00000001400079c0 f i main.obj
 0001:000069f0       ?_Swap_proxy_and_iterators@_Container_base12@std@@QEAAXAEAU12@@Z 00000001400079f0 f i main.obj
 0001:00006a20       ?_Swap_proxy_and_iterators_locked@_Container_base12@std@@AEAAXAEAU12@@Z 0000000140007a20 f i main.obj
 0001:00006a60       ?_Swap_proxy_and_iterators_unlocked@_Container_base12@std@@AEAAXAEAU12@@Z 0000000140007a60 f i main.obj
 0001:00006ae0       ?_Take_contents@?$basic_string@DU?$char_traits@D@std@@V?$allocator@D@2@@std@@AEAAXAEAV12@@Z 0000000140007ae0 f i main.obj
 0001:00006c10       ?_Throw_bad_array_new_length@std@@YAXXZ 0000000140007c10 f i main.obj
 0001:00006c10       ?__scrt_throw_std_bad_array_new_length@@YAXXZ 0000000140007c10 f i LIBCMTD:throw_bad_alloc.obj
 0001:00006c40       ?_Throw_bad_cast@std@@YAXXZ 0000000140007c40 f i main.obj
 0001:00006c70       ?_Tidy@?$_Yarn@_W@std@@AEAAXXZ 0000000140007c70 f i main.obj
 0001:00006c70       ?_Tidy@?$_Yarn@D@std@@AEAAXXZ 0000000140007c70 f i main.obj
 0001:00006cb0       ?_Tidy@?$ctype@D@std@@IEAAXXZ 0000000140007cb0 f i main.obj
 0001:00006d10       ?_Tidy_deallocate@?$basic_string@DU?$char_traits@D@std@@V?$allocator@D@2@@std@@AEAAXXZ 0000000140007d10 f i main.obj
 0001:00006dd0       ?_Tidy_init@?$basic_string@DU?$char_traits@D@std@@V?$allocator@D@2@@std@@AEAAXXZ 0000000140007dd0 f i main.obj
 0001:00006e30       ?_Xlen_string@std@@YAXXZ   0000000140007e30 f i main.obj
 0001:00006e50       ?__empty_global_delete@@YAXPEAX_K@Z 0000000140007e50 f i main.obj
 0001:00006e50       ?imbue@?$basic_streambuf@DU?$char_traits@D@std@@@std@@MEAAXAEBVlocale@2@@Z 0000000140007e50 f i libcpmtd:cin.obj
 0001:00006e50       ?deallocate@__crt_win32_buffer_no_resizing@@SAXQEAXAEBV__crt_win32_buffer_empty_debug_info@@@Z 0000000140007e50 f i libucrtd:strftime.obj
 0001:00006e50       ?__global_delete@@YAXPEAX_K@Z 0000000140007e50 f i main.obj
 0001:00006e50       ?_Init@?$codecvt@DDU_Mbstatet@@@std@@IEAAXAEBV_Locinfo@2@@Z 0000000140007e50 f i libcpmtd:cin.obj
 0001:00006e60       ?allocate@?$allocator@D@std@@QEAAPEAD_K@Z 0000000140007e60 f i main.obj
 0001:00006e90       ?allocate@?$allocator@U_Container_proxy@std@@@std@@QEAAPEAU_Container_proxy@2@_K@Z 0000000140007e90 f i main.obj
 0001:00006ec0       ?append@?$basic_string@DU?$char_traits@D@std@@V?$allocator@D@2@@std@@QEAAAEAV12@AEBV12@@Z 0000000140007ec0 f i main.obj
 0001:00006f00       ?append@?$basic_string@DU?$char_traits@D@std@@V?$allocator@D@2@@std@@QEAAAEAV12@QEBD@Z 0000000140007f00 f i main.obj
 0001:00006f40       ?append@?$basic_string@DU?$char_traits@D@std@@V?$allocator@D@2@@std@@QEAAAEAV12@QEBD_K@Z 0000000140007f40 f i main.obj
 0001:00007040       ?assign@?$_Narrow_char_traits@DH@std@@SAXAEADAEBD@Z 0000000140008040 f i main.obj
 0001:00007060       ?assign@?$basic_string@DU?$char_traits@D@std@@V?$allocator@D@2@@std@@QEAAAEAV12@QEBD@Z 0000000140008060 f i main.obj
 0001:000070a0       ?assign@?$basic_string@DU?$char_traits@D@std@@V?$allocator@D@2@@std@@QEAAAEAV12@QEBD_K@Z 00000001400080a0 f i main.obj
 0001:00007160       ?c_str@?$_Yarn@D@std@@QEBAPEBDXZ 0000000140008160 f i main.obj
 0001:00007160       ?_C_str@?$_Yarn@D@std@@QEBAPEBDXZ 0000000140008160 f i libcpmtd:locale0.obj
 0001:000071a0       ?c_str@?$basic_string@DU?$char_traits@D@std@@V?$allocator@D@2@@std@@QEBAPEBDXZ 00000001400081a0 f i main.obj
 0001:000071a0       ?data@?$basic_string@DU?$char_traits@D@std@@V?$allocator@D@2@@std@@QEAAPEADXZ 00000001400081a0 f i libcpmtd:cin.obj
 0001:000071c0       ?c_str@locale@std@@QEBAPEBDXZ 00000001400081c0 f i main.obj
 0001:00007210       ?category@error_code@std@@QEBAAEBVerror_category@2@XZ 0000000140008210 f i main.obj
 0001:00007210       ?category@error_condition@std@@QEBAAEBVerror_category@2@XZ 0000000140008210 f i main.obj
 0001:00007220       ?clear@?$basic_ios@DU?$char_traits@D@std@@@std@@QEAAXH_N@Z 0000000140008220 f i main.obj
 0001:00007280       ?clear@ios_base@std@@QEAAXH_N@Z 0000000140008280 f i main.obj
 0001:00007370       ?copy@?$_Char_traits@DH@std@@SAPEADQEADQEBD_K@Z 0000000140008370 f i main.obj
 0001:000073a0       ?deallocate@?$_Default_allocator_traits@V?$allocator@U_Container_proxy@std@@@std@@@std@@SAXAEAV?$allocator@U_Container_proxy@std@@@2@QEAU_Container_proxy@2@_K@Z 00000001400083a0 f i main.obj
 0001:000073d0       ?deallocate@?$allocator@D@std@@QEAAXQEAD_K@Z 00000001400083d0 f i main.obj
 0001:00007400       ?default_error_condition@error_category@std@@UEBA?AVerror_condition@2@H@Z 0000000140008400 f i main.obj
 0001:00007430       ?do_narrow@?$ctype@D@std@@MEBADDD@Z 0000000140008430 f i main.obj
 0001:00007450       ?do_narrow@?$ctype@D@std@@MEBAPEBDPEBD0DPEAD@Z 0000000140008450 f i main.obj
 0001:000074b0       ?do_tolower@?$ctype@D@std@@MEBADD@Z 00000001400084b0 f i main.obj
 0001:000074e0       ?do_tolower@?$ctype@D@std@@MEBAPEBDPEADPEBD@Z 00000001400084e0 f i main.obj
 0001:00007550       ?do_toupper@?$ctype@D@std@@MEBADD@Z 0000000140008550 f i main.obj
 0001:00007580       ?do_toupper@?$ctype@D@std@@MEBAPEBDPEADPEBD@Z 0000000140008580 f i main.obj
 0001:000075f0       ?do_widen@?$ctype@D@std@@MEBADD@Z 00000001400085f0 f i main.obj
 0001:00007600       ?do_widen@?$ctype@D@std@@MEBAPEBDPEBD0PEAD@Z 0000000140008600 f i main.obj
 0001:00007660       ?empty@?$basic_string@DU?$char_traits@D@std@@V?$allocator@D@2@@std@@QEBA_NXZ 0000000140008660 f i main.obj
 0001:000076a0       ?eof@?$_Narrow_char_traits@DH@std@@SAHXZ 00000001400086a0 f i main.obj
 0001:000076b0       ?eq_int_type@?$_Narrow_char_traits@DH@std@@SA_NAEBH0@Z 00000001400086b0 f i main.obj
 0001:000076f0       ?equivalent@error_category@std@@UEBA_NAEBVerror_code@2@H@Z 00000001400086f0 f i main.obj
 0001:00007750       ?equivalent@error_category@std@@UEBA_NHAEBVerror_condition@2@@Z 0000000140008750 f i main.obj
 0001:00007790       ?fill@?$basic_ios@DU?$char_traits@D@std@@@std@@QEBADXZ 0000000140008790 f i main.obj
 0001:000077a0       ?flags@ios_base@std@@QEBAHXZ 00000001400087a0 f i main.obj
 0001:000077b0       ?flush@?$basic_ostream@DU?$char_traits@D@std@@@std@@QEAAAEAV12@XZ 00000001400087b0 f i main.obj
 0001:00007860       ?getloc@ios_base@std@@QEBA?AVlocale@2@XZ 0000000140008860 f i main.obj
 0001:000078a0       ?good@ios_base@std@@QEBA_NXZ 00000001400088a0 f i main.obj
 0001:000078e0       ?gptr@?$basic_streambuf@DU?$char_traits@D@std@@@std@@IEBAPEADXZ 00000001400088e0 f i main.obj
 0001:00007900       ?iostream_category@std@@YAAEBVerror_category@1@XZ 0000000140008900 f i main.obj
 0001:00007910       ?is@?$ctype@D@std@@QEBA_NFD@Z 0000000140008910 f i main.obj
 0001:00007960       ?length@?$_Narrow_char_traits@DH@std@@SA_KQEBD@Z 0000000140008960 f i main.obj
 0001:000079a0       ?make_error_code@std@@YA?AVerror_code@1@W4io_errc@1@@Z 00000001400089a0 f i main.obj
 0001:000079d0       ?max@?$numeric_limits@_J@std@@SA_JXZ 00000001400089d0 f i main.obj
 0001:000079e0       ?max_size@?$_Default_allocator_traits@V?$allocator@D@std@@@std@@SA_KAEBV?$allocator@D@2@@Z 00000001400089e0 f i main.obj
 0001:000079f0       ?max_size@?$basic_string@DU?$char_traits@D@std@@V?$allocator@D@2@@std@@QEBA_KXZ 00000001400089f0 f i main.obj
 0001:00007a60       ?message@_Iostream_error_category2@std@@UEBA?AV?$basic_string@DU?$char_traits@D@std@@V?$allocator@D@2@@2@H@Z 0000000140008a60 f i main.obj
 0001:00007af0       ?message@error_code@std@@QEBA?AV?$basic_string@DU?$char_traits@D@std@@V?$allocator@D@2@@2@XZ 0000000140008af0 f i main.obj
 0001:00007b60       ?move@?$_Char_traits@DH@std@@SAPEADQEADQEBD_K@Z 0000000140008b60 f i main.obj
 0001:00007ba0       ?name@_Iostream_error_category2@std@@UEBAPEBDXZ 0000000140008ba0 f i main.obj
 0001:00007bb0       ?pubsync@?$basic_streambuf@DU?$char_traits@D@std@@@std@@QEAAHXZ 0000000140008bb0 f i main.obj
 0001:00007bd0       ?rdbuf@?$basic_ios@DU?$char_traits@D@std@@@std@@QEBAPEAV?$basic_streambuf@DU?$char_traits@D@std@@@2@XZ 0000000140008bd0 f i main.obj
 0001:00007be0       ?rdstate@ios_base@std@@QEBAHXZ 0000000140008be0 f i main.obj
 0001:00007bf0       ?release@?$unique_ptr@V_Facet_base@std@@U?$default_delete@V_Facet_base@std@@@2@@std@@QEAAPEAV_Facet_base@2@XZ 0000000140008bf0 f i main.obj
 0001:00007c20       ?sbumpc@?$basic_streambuf@DU?$char_traits@D@std@@@std@@QEAAHXZ 0000000140008c20 f i main.obj
 0001:00007c70       ?setstate@?$basic_ios@DU?$char_traits@D@std@@@std@@QEAAXH_N@Z 0000000140008c70 f i main.obj
 0001:00007cb0       ?sgetc@?$basic_streambuf@DU?$char_traits@D@std@@@std@@QEAAHXZ 0000000140008cb0 f i main.obj
 0001:00007d00       ?capacity@?$__crt_win32_buffer@_WU__crt_win32_buffer_internal_dynamic_resizing@@@@QEBA_KXZ 0000000140008d00 f i libucrtd:strftime.obj
 0001:00007d00       ?size@?$basic_string@DU?$char_traits@D@std@@V?$allocator@D@2@@std@@QEBA_KXZ 0000000140008d00 f i main.obj
 0001:00007d00       ?capacity@?$__crt_win32_buffer@DU__crt_win32_buffer_no_resizing@@@@QEBA_KXZ 0000000140008d00 f i libucrtd:strftime.obj
 0001:00007d00       ?capacity@?$__crt_win32_buffer@DU__crt_win32_buffer_internal_dynamic_resizing@@@@QEBA_KXZ 0000000140008d00 f i libucrtd:argv_wildcards.obj
 0001:00007d10       ?snextc@?$basic_streambuf@DU?$char_traits@D@std@@@std@@QEAAHXZ 0000000140008d10 f i main.obj
 0001:00007da0       ?sputc@?$basic_streambuf@DU?$char_traits@D@std@@@std@@QEAAHD@Z 0000000140008da0 f i main.obj
 0001:00007e20       ?sputn@?$basic_streambuf@DU?$char_traits@D@std@@@std@@QEAA_JPEBD_J@Z 0000000140008e20 f i main.obj
 0001:00007e60       ?tie@?$basic_ios@DU?$char_traits@D@std@@@std@@QEBAPEAV?$basic_ostream@DU?$char_traits@D@std@@@2@XZ 0000000140008e60 f i main.obj
 0001:00007e70       ?to_int_type@?$_Narrow_char_traits@DH@std@@SAHAEBD@Z 0000000140008e70 f i main.obj
 0001:00007e70       ?to_char_type@?$_Narrow_char_traits@DH@std@@SADAEBH@Z 0000000140008e70 f i main.obj
 0001:00007e80       ?getNumTryBlocks@TryBlockMap4@FH4@@QEAAIXZ 0000000140008e80 f i libvcruntimed:frame.obj
 0001:00007e80       ?value@error_condition@std@@QEBAHXZ 0000000140008e80 f i main.obj
 0001:00007e80       ?value@error_code@std@@QEBAHXZ 0000000140008e80 f i main.obj
 0001:00007e90       ?what@exception@std@@UEBAPEBDXZ 0000000140008e90 f i main.obj
 0001:00007ed0       ?width@ios_base@std@@QEAA_J_J@Z 0000000140008ed0 f i main.obj
 0001:00007f10       ?width@ios_base@std@@QEBA_JXZ 0000000140008f10 f i main.obj
 0001:00007f20       ??0_Init_locks@std@@QEAA@XZ 0000000140008f20 f   libcpmtd:xlock.obj
 0001:00007fb0       ??0_Lockit@std@@QEAA@H@Z   0000000140008fb0 f   libcpmtd:xlock.obj
 0001:00008010       ??1_Init_locks@std@@QEAA@XZ 0000000140009010 f   libcpmtd:xlock.obj
 0001:00008090       ??1_Lockit@std@@QEAA@XZ    0000000140009090 f   libcpmtd:xlock.obj
 0001:000080e0       ??0bad_alloc@std@@QEAA@XZ  00000001400090e0 f i libcpmtd:xthrow.obj
 0001:00008120       ??0length_error@std@@QEAA@AEBV01@@Z 0000000140009120 f i libcpmtd:xthrow.obj
 0001:00008160       ??0length_error@std@@QEAA@PEBD@Z 0000000140009160 f i libcpmtd:xthrow.obj
 0001:000081a0       ??0logic_error@std@@QEAA@AEBV01@@Z 00000001400091a0 f i libcpmtd:xthrow.obj
 0001:000081e0       ??0logic_error@std@@QEAA@PEBD@Z 00000001400091e0 f i libcpmtd:xthrow.obj
 0001:00008220       ??0out_of_range@std@@QEAA@AEBV01@@Z 0000000140009220 f i libcpmtd:xthrow.obj
 0001:00008260       ??0out_of_range@std@@QEAA@PEBD@Z 0000000140009260 f i libcpmtd:xthrow.obj
 0001:000082a0       ??0runtime_error@std@@QEAA@PEBD@Z 00000001400092a0 f i libcpmtd:xthrow.obj
 0001:000082e0       ?_Xbad_alloc@std@@YAXXZ    00000001400092e0 f   libcpmtd:xthrow.obj
 0001:000082e0       ?__scrt_throw_std_bad_alloc@@YAXXZ 00000001400092e0 f   LIBCMTD:throw_bad_alloc.obj
 0001:00008310       ?_Xlength_error@std@@YAXPEBD@Z 0000000140009310 f   libcpmtd:xthrow.obj
 0001:00008340       ?_Xout_of_range@std@@YAXPEBD@Z 0000000140009340 f   libcpmtd:xthrow.obj
 0001:00008370       ?_Xruntime_error@std@@YAXPEBD@Z 0000000140009370 f   libcpmtd:xthrow.obj
 0001:000083a0       ?uncaught_exception@std@@YA_NXZ 00000001400093a0 f   libcpmtd:uncaught_exception.obj
 0001:000083b0       ?_Syserror_map@std@@YAPEBDH@Z 00000001400093b0 f   libcpmtd:syserror.obj
 0001:00008430       ??0?$_Yarn@D@std@@QEAA@PEBD@Z 0000000140009430 f i libcpmtd:locale0.obj
 0001:00008470       ??0_Fac_node@std@@QEAA@PEAU01@PEAV_Facet_base@1@@Z 0000000140009470 f i libcpmtd:locale0.obj
 0001:00008470       ??0TryBlockMap@__FrameHandler3@@QEAA@PEBU_s_FuncInfo@@_K@Z 0000000140009470 f i libvcruntimed:frame.obj
 0001:00008470       ??0iterator@UWMap4@FH4@@QEAA@AEAV12@PEAE@Z 0000000140009470 f i libvcruntimed:frame.obj
 0001:000084a0       ??0_Locimp@locale@std@@AEAA@_N@Z 00000001400094a0 f i libcpmtd:locale0.obj
 0001:00008530       ??0locale@std@@AEAA@PEAV_Locimp@01@@Z 0000000140009530 f i libcpmtd:locale0.obj
 0001:00008550       ??0locale@std@@QEAA@W4_Uninitialized@1@@Z 0000000140009550 f i libcpmtd:locale0.obj
 0001:00008560       ??1_Fac_node@std@@QEAA@XZ  0000000140009560 f i libcpmtd:locale0.obj
 0001:000085f0       ??1_Fac_tidy_reg_t@std@@QEAA@XZ 00000001400095f0 f i libcpmtd:locale0.obj
 0001:00008660       ??1_Locimp@locale@std@@MEAA@XZ 0000000140009660 f i libcpmtd:locale0.obj
 0001:000086b0       ??2_Fac_node@std@@SAPEAX_K@Z 00000001400096b0 f i libcpmtd:locale0.obj
 0001:00008710       ??3_Fac_node@std@@SAXPEAX@Z 0000000140009710 f i libcpmtd:locale0.obj
 0001:00008730       ??4?$_Yarn@D@std@@QEAAAEAV01@PEBD@Z 0000000140009730 f i libcpmtd:locale0.obj
 0001:00008800       ??_G_Fac_node@std@@QEAAPEAXI@Z 0000000140009800 f i libcpmtd:locale0.obj
 0001:00008860       ??_E_Locimp@locale@std@@MEAAPEAXI@Z 0000000140009860 f i libcpmtd:locale0.obj
 0001:00008860       ??_G_Locimp@locale@std@@MEAAPEAXI@Z 0000000140009860 f i libcpmtd:locale0.obj
 0001:000088c0       ?_Empty@?$_Yarn@D@std@@QEBA_NXZ 00000001400098c0 f i libcpmtd:locale0.obj
 0001:000088f0       ?_Facet_Register@std@@YAXPEAV_Facet_base@1@@Z 00000001400098f0 f   libcpmtd:locale0.obj
 0001:00008960       ?_Getgloballocale@locale@std@@CAPEAV_Locimp@12@XZ 0000000140009960 f   libcpmtd:locale0.obj
 0001:00008970       ?_Init@locale@std@@CAPEAV_Locimp@12@_N@Z 0000000140009970 f   libcpmtd:locale0.obj
 0001:00008a80       ?_Locimp_dtor@_Locimp@locale@std@@CAXPEAV123@@Z 0000000140009a80 f   libcpmtd:locale0.obj
 0001:00008b80       ?_Locinfo_ctor@_Locinfo@std@@SAXPEAV12@PEBD@Z 0000000140009b80 f   libcpmtd:locale0.obj
 0001:00008c30       ?_Locinfo_dtor@_Locinfo@std@@SAXPEAV12@@Z 0000000140009c30 f   libcpmtd:locale0.obj
 0001:00008c80       ?_New_Locimp@_Locimp@locale@std@@CAPEAV123@_N@Z 0000000140009c80 f   libcpmtd:locale0.obj
 0001:00008ce0       ?_Setgloballocale@locale@std@@CAXPEAX@Z 0000000140009ce0 f   libcpmtd:locale0.obj
 0001:00008d20       _Deletegloballocale        0000000140009d20 f   libcpmtd:locale0.obj
 0001:00008df0       _Getctype                  0000000140009df0 f   libcpmtd:_tolower.obj
 0001:00008ed0       _Tolower                   0000000140009ed0 f   libcpmtd:_tolower.obj
 0001:00009170       _Toupper                   000000014000a170 f   libcpmtd:_toupper.obj
 0001:00009410       ??$_Fgetc@D@std@@YA_NAEADPEAU_iobuf@@@Z 000000014000a410 f i libcpmtd:cin.obj
 0001:00009450       ??$_Fputc@D@std@@YA_NDPEAU_iobuf@@@Z 000000014000a450 f i libcpmtd:cin.obj
 0001:00009490       ??$_Reallocate_grow_by@V<lambda_1>@?1??push_back@?$basic_string@DU?$char_traits@D@std@@V?$allocator@D@2@@std@@QEAAXD@Z@D@?$basic_string@DU?$char_traits@D@std@@V?$allocator@D@2@@std@@AEAAAEAV01@_KV<lambda_1>@?1??push_back@01@QEAAXD@Z@D@Z 000000014000a490 f i libcpmtd:cin.obj
 0001:00009680       ??$_Ungetc@D@std@@YA_NAEBDPEAU_iobuf@@@Z 000000014000a680 f i libcpmtd:cin.obj
 0001:000096d0       ??$construct_at@DAEBDX@std@@YAPEADQEADAEBD@Z 000000014000a6d0 f i libcpmtd:cin.obj
 0001:00009720       ??$min@_J@std@@YAAEB_JAEB_J0@Z 000000014000a720 f i libcpmtd:cin.obj
 0001:00009770       ??$use_facet@V?$codecvt@DDU_Mbstatet@@@std@@@std@@YAAEBV?$codecvt@DDU_Mbstatet@@@0@AEBVlocale@0@@Z 000000014000a770 f i libcpmtd:cin.obj
 0001:00009890       ??0?$basic_filebuf@DU?$char_traits@D@std@@@std@@QEAA@QEAU_iobuf@@@Z 000000014000a890 f i libcpmtd:cin.obj
 0001:000098e0       ??0?$basic_ios@DU?$char_traits@D@std@@@std@@IEAA@XZ 000000014000a8e0 f i libcpmtd:cin.obj
 0001:00009910       ??0?$basic_istream@DU?$char_traits@D@std@@@std@@QEAA@PEAV?$basic_streambuf@DU?$char_traits@D@std@@@1@_N@Z 000000014000a910 f i libcpmtd:cin.obj
 0001:000099f0       ??0?$basic_streambuf@DU?$char_traits@D@std@@@std@@IEAA@XZ 000000014000a9f0 f i libcpmtd:cin.obj
 0001:00009a60       ??0?$basic_string@DU?$char_traits@D@std@@V?$allocator@D@2@@std@@QEAA@XZ 000000014000aa60 f i libcpmtd:cin.obj
 0001:00009ad0       ??0?$codecvt@DDU_Mbstatet@@@std@@QEAA@AEBV_Locinfo@1@_K@Z 000000014000aad0 f i libcpmtd:cin.obj
 0001:00009b20       ??0?$fpos@U_Mbstatet@@@std@@QEAA@U_Mbstatet@@_J@Z 000000014000ab20 f i libcpmtd:cin.obj
 0001:00009b60       ??0?$fpos@U_Mbstatet@@@std@@QEAA@_J@Z 000000014000ab60 f i libcpmtd:cin.obj
 0001:00009bb0       ??0_Init_cin@std@@QEAA@XZ  000000014000abb0 f i libcpmtd:cin.obj
 0001:00009c00       ??0codecvt_base@std@@QEAA@_K@Z 000000014000ac00 f i libcpmtd:cin.obj
 0001:00009c40       ??0ios_base@std@@IEAA@XZ   000000014000ac40 f i libcpmtd:cin.obj
 0001:00009c90       ??0locale@std@@QEAA@XZ     000000014000ac90 f i libcpmtd:cin.obj
 0001:00009cc0       ??1?$basic_filebuf@DU?$char_traits@D@std@@@std@@UEAA@XZ 000000014000acc0 f i libcpmtd:cin.obj
 0001:00009d20       ??1?$basic_ios@DU?$char_traits@D@std@@@std@@UEAA@XZ 000000014000ad20 f i libcpmtd:cin.obj
 0001:00009d50       ??1?$basic_istream@DU?$char_traits@D@std@@@std@@UEAA@XZ 000000014000ad50 f i libcpmtd:cin.obj
 0001:00009da0       ??1?$basic_streambuf@DU?$char_traits@D@std@@@std@@UEAA@XZ 000000014000ada0 f i libcpmtd:cin.obj
 0001:00009e00       ??1?$codecvt@DDU_Mbstatet@@@std@@MEAA@XZ 000000014000ae00 f i libcpmtd:cin.obj
 0001:00009e30       ??1codecvt_base@std@@UEAA@XZ 000000014000ae30 f i libcpmtd:cin.obj
 0001:00009e60       ??1ios_base@std@@UEAA@XZ   000000014000ae60 f i libcpmtd:cin.obj
 0001:00009e90       ??B?$fpos@U_Mbstatet@@@std@@QEBA_JXZ 000000014000ae90 f i libcpmtd:cin.obj
 0001:00009eb0       ??R<lambda_1>@?1??push_back@?$basic_string@DU?$char_traits@D@std@@V?$allocator@D@2@@std@@QEAAXD@Z@QEBA@QEADQEBD_KD@Z 000000014000aeb0 f i libcpmtd:cin.obj
 0001:00009f20       ??_D?$basic_istream@DU?$char_traits@D@std@@@std@@QEAAXXZ 000000014000af20 f i libcpmtd:cin.obj
 0001:00009f50       ??_E?$basic_istream@DU?$char_traits@D@std@@@std@@$4PPPPPPPM@A@EAAPEAXI@Z 000000014000af50 f i libcpmtd:cin.obj
 0001:00009f60       ??_G?$basic_filebuf@DU?$char_traits@D@std@@@std@@UEAAPEAXI@Z 000000014000af60 f i libcpmtd:cin.obj
 0001:00009f60       ??_E?$basic_filebuf@DU?$char_traits@D@std@@@std@@UEAAPEAXI@Z 000000014000af60 f i libcpmtd:cin.obj
 0001:00009fa0       ??_G?$basic_ios@DU?$char_traits@D@std@@@std@@UEAAPEAXI@Z 000000014000afa0 f i libcpmtd:cin.obj
 0001:00009fa0       ??_E?$basic_ios@DU?$char_traits@D@std@@@std@@UEAAPEAXI@Z 000000014000afa0 f i libcpmtd:cin.obj
 0001:00009fe0       ??_E?$basic_istream@DU?$char_traits@D@std@@@std@@UEAAPEAXI@Z 000000014000afe0 f i libcpmtd:cin.obj
 0001:00009fe0       ??_G?$basic_istream@DU?$char_traits@D@std@@@std@@UEAAPEAXI@Z 000000014000afe0 f i libcpmtd:cin.obj
 0001:0000a030       ??_G?$basic_streambuf@DU?$char_traits@D@std@@@std@@UEAAPEAXI@Z 000000014000b030 f i libcpmtd:cin.obj
 0001:0000a030       ??_E?$basic_streambuf@DU?$char_traits@D@std@@@std@@UEAAPEAXI@Z 000000014000b030 f i libcpmtd:cin.obj
 0001:0000a070       ??_G?$codecvt@DDU_Mbstatet@@@std@@MEAAPEAXI@Z 000000014000b070 f i libcpmtd:cin.obj
 0001:0000a070       ??_E?$codecvt@DDU_Mbstatet@@@std@@MEAAPEAXI@Z 000000014000b070 f i libcpmtd:cin.obj
 0001:0000a0d0       ??_Gcodecvt_base@std@@UEAAPEAXI@Z 000000014000b0d0 f i libcpmtd:cin.obj
 0001:0000a0d0       ??_Ecodecvt_base@std@@UEAAPEAXI@Z 000000014000b0d0 f i libcpmtd:cin.obj
 0001:0000a130       ??_Eios_base@std@@UEAAPEAXI@Z 000000014000b130 f i libcpmtd:cin.obj
 0001:0000a130       ??_Gios_base@std@@UEAAPEAXI@Z 000000014000b130 f i libcpmtd:cin.obj
 0001:0000a170       ??_Glocale@std@@QEAAPEAXI@Z 000000014000b170 f i libcpmtd:cin.obj
 0001:0000a1d0       ?_Check_offset@?$_String_val@U?$_Simple_types@D@std@@@std@@QEBAX_K@Z 000000014000b1d0 f i libcpmtd:cin.obj
 0001:0000a200       ?_Clamp_suffix_size@?$_String_val@U?$_Simple_types@D@std@@@std@@QEBA_K_K0@Z 000000014000b200 f i libcpmtd:cin.obj
 0001:0000a240       ?_Endwrite@?$basic_filebuf@DU?$char_traits@D@std@@@std@@IEAA_NXZ 000000014000b240 f i libcpmtd:cin.obj
 0001:0000a410       ?_Erase_noexcept@?$basic_string@DU?$char_traits@D@std@@V?$allocator@D@2@@std@@AEAAAEAV12@_K_K@Z 000000014000b410 f i libcpmtd:cin.obj
 0001:0000a4e0       ?_Getcat@?$codecvt@DDU_Mbstatet@@@std@@SA_KPEAPEBVfacet@locale@2@PEBV42@@Z 000000014000b4e0 f i libcpmtd:cin.obj
 0001:0000a5e0       ?_Gndec@?$basic_streambuf@DU?$char_traits@D@std@@@std@@IEAAPEADXZ 000000014000b5e0 f i libcpmtd:cin.obj
 0001:0000a630       ?_Init@?$basic_filebuf@DU?$char_traits@D@std@@@std@@IEAAXPEAU_iobuf@@W4_Initfl@12@@Z 000000014000b630 f i libcpmtd:cin.obj
 0001:0000a760       ?_Init@?$basic_streambuf@DU?$char_traits@D@std@@@std@@IEAAXPEAPEAD0PEAH001@Z 000000014000b760 f i libcpmtd:cin.obj
 0001:0000a7d0       ?_Init@?$basic_streambuf@DU?$char_traits@D@std@@@std@@IEAAXXZ 000000014000b7d0 f i libcpmtd:cin.obj
 0001:0000a870       ?_Init@ios_base@std@@IEAAXXZ 000000014000b870 f i libcpmtd:cin.obj
 0001:0000a930       ?_Initcvt@?$basic_filebuf@DU?$char_traits@D@std@@@std@@IEAAXAEBV?$codecvt@DDU_Mbstatet@@@2@@Z 000000014000b930 f i libcpmtd:cin.obj
 0001:0000a980       ?_Lock@?$basic_filebuf@DU?$char_traits@D@std@@@std@@UEAAXXZ 000000014000b980 f i libcpmtd:cin.obj
 0001:0000a9b0       ?_Reset_back@?$basic_filebuf@DU?$char_traits@D@std@@@std@@AEAAXXZ 000000014000b9b0 f i libcpmtd:cin.obj
 0001:0000aa10       ?_Set_back@?$basic_filebuf@DU?$char_traits@D@std@@@std@@AEAAXXZ 000000014000ba10 f i libcpmtd:cin.obj
 0001:0000aa90       ?_Unlock@?$basic_filebuf@DU?$char_traits@D@std@@@std@@UEAAXXZ 000000014000ba90 f i libcpmtd:cin.obj
 0001:0000aac0       ?_Xran@?$_String_val@U?$_Simple_types@D@std@@@std@@SAXXZ 000000014000bac0 f i libcpmtd:cin.obj
 0001:0000aae0       ?always_noconv@codecvt_base@std@@QEBA_NXZ 000000014000bae0 f i libcpmtd:cin.obj
 0001:0000ab10       ?assign@?$_Char_traits@DH@std@@SAPEADQEAD_KD@Z 000000014000bb10 f i libcpmtd:cin.obj
 0001:0000abc0       ?assign@?$_Narrow_char_traits@DH@std@@SAPEADQEAD_KD@Z 000000014000bbc0 f i libcpmtd:cin.obj
 0001:0000ac20       ?clear@ios_base@std@@QEAAXH@Z 000000014000bc20 f i libcpmtd:cin.obj
 0001:0000ac50       ?close@?$basic_filebuf@DU?$char_traits@D@std@@@std@@QEAAPEAV12@XZ 000000014000bc50 f i libcpmtd:cin.obj
 0001:0000ace0       ?do_always_noconv@?$codecvt@DDU_Mbstatet@@@std@@MEBA_NXZ 000000014000bce0 f i libcpmtd:cin.obj
 0001:0000ace0       ?validate_and_update_state_at_beginning_of_format_character@?$standard_base@_WV?$string_output_adapter@_W@__crt_stdio_output@@@__crt_stdio_output@@IEAA_NXZ 000000014000bce0 f i libucrtd:output.obj
 0001:0000ace0       ?should_format@?$standard_base@_WV?$string_output_adapter@_W@__crt_stdio_output@@@__crt_stdio_output@@IEAA_NXZ 000000014000bce0 f i libucrtd:output.obj
 0001:0000ace0       ?validate_and_update_state_at_beginning_of_format_character@?$standard_base@DV?$string_output_adapter@D@__crt_stdio_output@@@__crt_stdio_output@@IEAA_NXZ 000000014000bce0 f i libucrtd:output.obj
 0001:0000ace0       ?validate_state_for_type_case_a@?$standard_base@DV?$string_output_adapter@D@__crt_stdio_output@@@__crt_stdio_output@@IEBA_NXZ 000000014000bce0 f i libucrtd:output.obj
 0001:0000ace0       ?validate_state_for_type_case_a@?$standard_base@_WV?$string_output_adapter@_W@__crt_stdio_output@@@__crt_stdio_output@@IEBA_NXZ 000000014000bce0 f i libucrtd:output.obj
 0001:0000ace0       ?should_format@?$standard_base@DV?$string_output_adapter@D@__crt_stdio_output@@@__crt_stdio_output@@IEAA_NXZ 000000014000bce0 f i libucrtd:output.obj
 0001:0000acf0       ?should_skip_type_state_output@?$standard_base@DV?$string_output_adapter@D@__crt_stdio_output@@@__crt_stdio_output@@IEBA_NXZ 000000014000bcf0 f i libucrtd:output.obj
 0001:0000acf0       ?do_always_noconv@codecvt_base@std@@MEBA_NXZ 000000014000bcf0 f i libcpmtd:cin.obj
 0001:0000acf0       ?should_skip_normal_state_processing@?$standard_base@_WV?$string_output_adapter@_W@__crt_stdio_output@@@__crt_stdio_output@@IEAA_NXZ 000000014000bcf0 f i libucrtd:output.obj
 0001:0000acf0       ?should_skip_type_state_output@?$standard_base@_WV?$string_output_adapter@_W@__crt_stdio_output@@@__crt_stdio_output@@IEBA_NXZ 000000014000bcf0 f i libucrtd:output.obj
 0001:0000acf0       ?should_skip_normal_state_processing@?$standard_base@DV?$string_output_adapter@D@__crt_stdio_output@@@__crt_stdio_output@@IEAA_NXZ 000000014000bcf0 f i libucrtd:output.obj
 0001:0000ad00       ?do_encoding@codecvt_base@std@@MEBAHXZ 000000014000bd00 f i libcpmtd:cin.obj
 0001:0000ad00       ?do_max_length@codecvt_base@std@@MEBAHXZ 000000014000bd00 f i libcpmtd:cin.obj
 0001:0000ad10       ?do_out@?$codecvt@DDU_Mbstatet@@@std@@MEBAHAEAU_Mbstatet@@PEBD1AEAPEBDPEAD3AEAPEAD@Z 000000014000bd10 f i libcpmtd:cin.obj
 0001:0000ad10       ?do_in@?$codecvt@DDU_Mbstatet@@@std@@MEBAHAEAU_Mbstatet@@PEBD1AEAPEBDPEAD3AEAPEAD@Z 000000014000bd10 f i libcpmtd:cin.obj
 0001:0000ad50       ?do_length@?$codecvt@DDU_Mbstatet@@@std@@MEBAHAEAU_Mbstatet@@PEBD1_K@Z 000000014000bd50 f i libcpmtd:cin.obj
 0001:0000adc0       ?do_unshift@?$codecvt@DDU_Mbstatet@@@std@@MEBAHAEAU_Mbstatet@@PEAD1AEAPEAD@Z 000000014000bdc0 f i libcpmtd:cin.obj
 0001:0000adf0       ?eback@?$basic_streambuf@DU?$char_traits@D@std@@@std@@IEBAPEADXZ 000000014000bdf0 f i libcpmtd:cin.obj
 0001:0000ae10       ?egptr@?$basic_streambuf@DU?$char_traits@D@std@@@std@@IEBAPEADXZ 000000014000be10 f i libcpmtd:cin.obj
 0001:0000ae40       ?epptr@?$basic_streambuf@DU?$char_traits@D@std@@@std@@IEBAPEADXZ 000000014000be40 f i libcpmtd:cin.obj
 0001:0000ae70       ?erase@?$basic_string@DU?$char_traits@D@std@@V?$allocator@D@2@@std@@QEAAAEAV12@_K0@Z 000000014000be70 f i libcpmtd:cin.obj
 0001:0000aec0       ?front@?$basic_string@DU?$char_traits@D@std@@V?$allocator@D@2@@std@@QEAAAEADXZ 000000014000bec0 f i libcpmtd:cin.obj
 0001:0000af70       ?gbump@?$basic_streambuf@DU?$char_traits@D@std@@@std@@IEAAXH@Z 000000014000bf70 f i libcpmtd:cin.obj
 0001:0000afc0       ?imbue@?$basic_filebuf@DU?$char_traits@D@std@@@std@@MEAAXAEBVlocale@2@@Z 000000014000bfc0 f i libcpmtd:cin.obj
 0001:0000aff0       ?in@?$codecvt@DDU_Mbstatet@@@std@@QEBAHAEAU_Mbstatet@@PEBD1AEAPEBDPEAD3AEAPEAD@Z 000000014000bff0 f i libcpmtd:cin.obj
 0001:0000b090       ?init@?$basic_ios@DU?$char_traits@D@std@@@std@@IEAAXPEAV?$basic_streambuf@DU?$char_traits@D@std@@@2@_N@Z 000000014000c090 f i libcpmtd:cin.obj
 0001:0000b120       ?is_constant_evaluated@std@@YA_NXZ 000000014000c120 f i libcpmtd:cin.obj
 0001:0000b130       ?not_eof@?$_Narrow_char_traits@DH@std@@SAHAEBH@Z 000000014000c130 f i libcpmtd:cin.obj
 0001:0000b180       ?out@?$codecvt@DDU_Mbstatet@@@std@@QEBAHAEAU_Mbstatet@@PEBD1AEAPEBDPEAD3AEAPEAD@Z 000000014000c180 f i libcpmtd:cin.obj
 0001:0000b220       ?overflow@?$basic_filebuf@DU?$char_traits@D@std@@@std@@MEAAHH@Z 000000014000c220 f i libcpmtd:cin.obj
 0001:0000b4f0       ?pbackfail@?$basic_streambuf@DU?$char_traits@D@std@@@std@@MEAAHH@Z 000000014000c4f0 f i libcpmtd:cin.obj
 0001:0000b4f0       ?overflow@?$basic_streambuf@DU?$char_traits@D@std@@@std@@MEAAHH@Z 000000014000c4f0 f i libcpmtd:cin.obj
 0001:0000b510       ?pbackfail@?$basic_filebuf@DU?$char_traits@D@std@@@std@@MEAAHH@Z 000000014000c510 f i libcpmtd:cin.obj
 0001:0000b6a0       ?pbump@?$basic_streambuf@DU?$char_traits@D@std@@@std@@IEAAXH@Z 000000014000c6a0 f i libcpmtd:cin.obj
 0001:0000b6f0       ?pptr@?$basic_streambuf@DU?$char_traits@D@std@@@std@@IEBAPEADXZ 000000014000c6f0 f i libcpmtd:cin.obj
 0001:0000b710       ?push_back@?$basic_string@DU?$char_traits@D@std@@V?$allocator@D@2@@std@@QEAAXD@Z 000000014000c710 f i libcpmtd:cin.obj
 0001:0000b7c0       ?seekoff@?$basic_filebuf@DU?$char_traits@D@std@@@std@@MEAA?AV?$fpos@U_Mbstatet@@@2@_JHH@Z 000000014000c7c0 f i libcpmtd:cin.obj
 0001:0000b8c0       ?seekpos@?$basic_streambuf@DU?$char_traits@D@std@@@std@@MEAA?AV?$fpos@U_Mbstatet@@@2@V32@H@Z 000000014000c8c0 f i libcpmtd:cin.obj
 0001:0000b8c0       ?seekoff@?$basic_streambuf@DU?$char_traits@D@std@@@std@@MEAA?AV?$fpos@U_Mbstatet@@@2@_JHH@Z 000000014000c8c0 f i libcpmtd:cin.obj
 0001:0000b900       ?seekpos@?$basic_filebuf@DU?$char_traits@D@std@@@std@@MEAA?AV?$fpos@U_Mbstatet@@@2@V32@H@Z 000000014000c900 f i libcpmtd:cin.obj
 0001:0000b9c0       ?setbuf@?$basic_filebuf@DU?$char_traits@D@std@@@std@@MEAAPEAV?$basic_streambuf@DU?$char_traits@D@std@@@2@PEAD_J@Z 000000014000c9c0 f i libcpmtd:cin.obj
 0001:0000ba60       ?setbuf@?$basic_streambuf@DU?$char_traits@D@std@@@std@@MEAAPEAV12@PEAD_J@Z 000000014000ca60 f i libcpmtd:cin.obj
 0001:0000ba80       ?setg@?$basic_streambuf@DU?$char_traits@D@std@@@std@@IEAAXPEAD00@Z 000000014000ca80 f i libcpmtd:cin.obj
 0001:0000bae0       ?setp@?$basic_streambuf@DU?$char_traits@D@std@@@std@@IEAAXPEAD0@Z 000000014000cae0 f i libcpmtd:cin.obj
 0001:0000bb30       ?showmanyc@?$basic_streambuf@DU?$char_traits@D@std@@@std@@MEAA_JXZ 000000014000cb30 f i libcpmtd:cin.obj
 0001:0000bb30       _matherr                   000000014000cb30 f i LIBCMTD:matherr.obj
 0001:0000bb30       ?get_current_state_index@__crt_state_management@@YA_KAEBV__crt_scoped_get_last_error_reset@@@Z 000000014000cb30 f i libucrtd:per_thread_data.obj
 0001:0000bb30       ?sync@?$basic_streambuf@DU?$char_traits@D@std@@@std@@MEAAHXZ 000000014000cb30 f i libcpmtd:cin.obj
 0001:0000bb30       ?getESTypes@__FrameHandler4@@SAPEBU_s_ESTypeList@@PEAUFuncInfo4@FH4@@@Z 000000014000cb30 f i libvcruntimed:frame.obj
 0001:0000bb40       ?state@?$fpos@U_Mbstatet@@@std@@QEBA?AU_Mbstatet@@XZ 000000014000cb40 f i libcpmtd:cin.obj
 0001:0000bb70       ?sync@?$basic_filebuf@DU?$char_traits@D@std@@@std@@MEAAHXZ 000000014000cb70 f i libcpmtd:cin.obj
 0001:0000bc10       ?tie@?$basic_ios@DU?$char_traits@D@std@@@std@@QEAAPEAV?$basic_ostream@DU?$char_traits@D@std@@@2@PEAV32@@Z 000000014000cc10 f i libcpmtd:cin.obj
 0001:0000bc50       ?uflow@?$basic_filebuf@DU?$char_traits@D@std@@@std@@MEAAHXZ 000000014000cc50 f i libcpmtd:cin.obj
 0001:0000bfc0       ?uflow@?$basic_streambuf@DU?$char_traits@D@std@@@std@@MEAAHXZ 000000014000cfc0 f i libcpmtd:cin.obj
 0001:0000c040       ?underflow@?$basic_filebuf@DU?$char_traits@D@std@@@std@@MEAAHXZ 000000014000d040 f i libcpmtd:cin.obj
 0001:0000c120       ?underflow@?$basic_streambuf@DU?$char_traits@D@std@@@std@@MEAAHXZ 000000014000d120 f i libcpmtd:cin.obj
 0001:0000c140       ?unshift@?$codecvt@DDU_Mbstatet@@@std@@QEBAHAEAU_Mbstatet@@PEAD1AEAPEAD@Z 000000014000d140 f i libcpmtd:cin.obj
 0001:0000c1b0       ?widen@?$basic_ios@DU?$char_traits@D@std@@@std@@QEBADD@Z 000000014000d1b0 f i libcpmtd:cin.obj
 0001:0000c220       ?widen@?$ctype@D@std@@QEBADD@Z 000000014000d220 f i libcpmtd:cin.obj
 0001:0000c270       ?xsgetn@?$basic_filebuf@DU?$char_traits@D@std@@@std@@MEAA_JPEAD_J@Z 000000014000d270 f i libcpmtd:cin.obj
 0001:0000c460       ?xsgetn@?$basic_streambuf@DU?$char_traits@D@std@@@std@@MEAA_JPEAD_J@Z 000000014000d460 f i libcpmtd:cin.obj
 0001:0000c5a0       ?xsputn@?$basic_filebuf@DU?$char_traits@D@std@@@std@@MEAA_JPEBD_J@Z 000000014000d5a0 f i libcpmtd:cin.obj
 0001:0000c6d0       ?xsputn@?$basic_streambuf@DU?$char_traits@D@std@@@std@@MEAA_JPEBD_J@Z 000000014000d6d0 f i libcpmtd:cin.obj
 0001:0000c820       ??0?$basic_ostream@DU?$char_traits@D@std@@@std@@QEAA@PEAV?$basic_streambuf@DU?$char_traits@D@std@@@1@_N@Z 000000014000d820 f i libcpmtd:cout.obj
 0001:0000c8f0       ??0_Init_cout@std@@QEAA@XZ 000000014000d8f0 f i libcpmtd:cout.obj
 0001:0000c9d0       ??1?$basic_ostream@DU?$char_traits@D@std@@@std@@UEAA@XZ 000000014000d9d0 f i libcpmtd:cout.obj
 0001:0000ca20       ??_D?$basic_ostream@DU?$char_traits@D@std@@@std@@QEAAXXZ 000000014000da20 f i libcpmtd:cout.obj
 0001:0000ca50       ??_E?$basic_ostream@DU?$char_traits@D@std@@@std@@$4PPPPPPPM@A@EAAPEAXI@Z 000000014000da50 f i libcpmtd:cout.obj
 0001:0000ca60       ??_E?$basic_ostream@DU?$char_traits@D@std@@@std@@UEAAPEAXI@Z 000000014000da60 f i libcpmtd:cout.obj
 0001:0000ca60       ??_G?$basic_ostream@DU?$char_traits@D@std@@@std@@UEAAPEAXI@Z 000000014000da60 f i libcpmtd:cout.obj
 0001:0000cab0       _Mtxdst                    000000014000dab0 f   libcpmtd:xmtx.obj
 0001:0000cad0       _Mtxinit                   000000014000dad0 f   libcpmtd:xmtx.obj
 0001:0000cb00       _Mtxlock                   000000014000db00 f   libcpmtd:xmtx.obj
 0001:0000cb20       _Mtxunlock                 000000014000db20 f   libcpmtd:xmtx.obj
 0001:0000cb40       __local_stdio_printf_options 000000014000db40 f i libcpmtd:locale.obj
 0001:0000cb50       _vsprintf_s_l              000000014000db50 f i libcpmtd:locale.obj
 0001:0000cbc0       sprintf_s                  000000014000dbc0 f i libcpmtd:locale.obj
 0001:0000cc20       ??1_Init_atexit@@QEAA@XZ   000000014000dc20 f i libcpmtd:iosptrs.obj
 0001:0000cc90       ?_Atexit@@YAXP6AXXZ@Z      000000014000dc90 f   libcpmtd:iosptrs.obj
 0001:0000ccf0       ??1?$__crt_scoped_stack_ptr@_W@@QEAA@XZ 000000014000dcf0 f i libcpmtd:StlLCMapStringA.obj
 0001:0000cd10       ?is_valid@?$__crt_unique_heap_ptr@U__crt_multibyte_data@@U__crt_internal_free_policy@@@@QEBA_NXZ 000000014000dd10 f i libucrtd:wsetlocale.obj
 0001:0000cd10       ?valid@__crt_stdio_stream@@QEBA_NXZ 000000014000dd10 f i libucrtd:fclose.obj
 0001:0000cd10       ?is_valid@?$__crt_unique_heap_ptr@EU__crt_internal_free_policy@@@@QEBA_NXZ 000000014000dd10 f i libcpmtd:xwcsxfrm.obj
 0001:0000cd10       ?is_valid@?$__crt_unique_heap_ptr@U__crt_lowio_handle_data@@U__crt_internal_free_policy@@@@QEBA_NXZ 000000014000dd10 f i libucrtd:osfinfo.obj
 0001:0000cd10       ?is_valid@?$__crt_unique_heap_ptr@DU__crt_public_free_policy@@@@QEBA_NXZ 000000014000dd10 f i libvcruntimed:std_exception.obj
 0001:0000cd10       ??B?$__crt_scoped_stack_ptr@_W@@QEBA_NXZ 000000014000dd10 f i libcpmtd:StlLCMapStringA.obj
 0001:0000cd10       ?is_valid@?$__crt_unique_heap_ptr@U__vcrt_ptd@@U__crt_internal_free_policy@@@@QEBA_NXZ 000000014000dd10 f i libvcruntimed:per_thread_data.obj
 0001:0000cd10       ?is_valid@?$__crt_unique_heap_ptr@U__acrt_ptd@@U__crt_internal_free_policy@@@@QEBA_NXZ 000000014000dd10 f i libucrtd:per_thread_data.obj
 0001:0000cd10       ?is_valid@?$__crt_unique_heap_ptr@DU__crt_internal_free_policy@@@@QEBA_NXZ 000000014000dd10 f i libvcruntimed:std_type_info.obj
 0001:0000cd10       ?is_valid@?$__crt_unique_heap_ptr@U__crt_lc_time_data@@U__crt_internal_free_policy@@@@QEBA_NXZ 000000014000dd10 f i libucrtd:inittime.obj
 0001:0000cd40       ?get@?$__crt_unique_heap_ptr@_WU__crt_internal_free_policy@@@@QEBAPEA_WXZ 000000014000dd40 f i libucrtd:setlocale.obj
 0001:0000cd40       ?get@?$__crt_unique_heap_ptr@DU__crt_internal_free_policy@@@@QEBAPEADXZ 000000014000dd40 f i libvcruntimed:std_type_info.obj
 0001:0000cd40       ?get@?$__crt_unique_heap_ptr@U__vcrt_ptd@@U__crt_internal_free_policy@@@@QEBAPEAU__vcrt_ptd@@XZ 000000014000dd40 f i libvcruntimed:per_thread_data.obj
 0001:0000cd40       ?get@?$__crt_scoped_stack_ptr@_W@@QEBAPEA_WXZ 000000014000dd40 f i libcpmtd:StlLCMapStringA.obj
 0001:0000cd40       ?save_state@?$c_string_character_source@_W@__crt_strtox@@QEBAPEB_WXZ 000000014000dd40 f i libucrtd:strtod.obj
 0001:0000cd40       ?get@?$__crt_unique_heap_ptr@U__crt_multibyte_data@@U__crt_internal_free_policy@@@@QEBAPEAU__crt_multibyte_data@@XZ 000000014000dd40 f i libucrtd:wsetlocale.obj
 0001:0000cd40       ?get@?$__crt_unique_heap_ptr@U__acrt_ptd@@U__crt_internal_free_policy@@@@QEBAPEAU__acrt_ptd@@XZ 000000014000dd40 f i libucrtd:per_thread_data.obj
 0001:0000cd40       ?get@?$__crt_unique_heap_ptr@U__crt_lowio_handle_data@@U__crt_internal_free_policy@@@@QEBAPEAU__crt_lowio_handle_data@@XZ 000000014000dd40 f i libucrtd:osfinfo.obj
 0001:0000cd40       ?get@?$__crt_unique_heap_ptr@PEADU__crt_internal_free_policy@@@@QEBAPEAPEADXZ 000000014000dd40 f i libucrtd:argv_parsing.obj
 0001:0000cd40       ?get@?$__crt_unique_heap_ptr@U__crt_lc_time_data@@U__crt_internal_free_policy@@@@QEBAPEAU__crt_lc_time_data@@XZ 000000014000dd40 f i libucrtd:inittime.obj
 0001:0000cd40       ?get@?$__crt_unique_handle_t@U__crt_findfile_traits@@@@QEBAPEAXXZ 000000014000dd40 f i libucrtd:argv_wildcards.obj
 0001:0000cd40       ?get@?$__crt_unique_heap_ptr@EU__crt_internal_free_policy@@@@QEBAPEAEXZ 000000014000dd40 f i libcpmtd:xwcsxfrm.obj
 0001:0000cd40       ?save_state@?$c_string_character_source@D@__crt_strtox@@QEBAPEBDXZ 000000014000dd40 f i libucrtd:strtod.obj
 0001:0000cd40       ?public_stream@__crt_stdio_stream@@QEBAPEAU_iobuf@@XZ 000000014000dd40 f i libucrtd:fclose.obj
 0001:0000cd40       ??C__crt_stdio_stream@@QEBAPEAU__crt_stdio_stream_data@@XZ 000000014000dd40 f i libucrtd:fclose.obj
 0001:0000cd40       ?get@?$__crt_unique_handle_t@U__crt_hmodule_traits@@@@QEBAPEAUHINSTANCE__@@XZ 000000014000dd40 f i libucrtd:exit.obj
 0001:0000cd40       ?get@?$__crt_unique_heap_ptr@DU__crt_public_free_policy@@@@QEBAPEADXZ 000000014000dd40 f i libvcruntimed:std_exception.obj
 0001:0000cd50       _MallocaComputeSize        000000014000dd50 f i libcpmtd:StlLCMapStringA.obj
 0001:0000cd90       _MarkAllocaS               000000014000dd90 f i libcpmtd:StlLCMapStringA.obj
 0001:0000cdc0       __crtLCMapStringA          000000014000ddc0 f   libcpmtd:StlLCMapStringA.obj
 0001:0000d330       _freea_crt                 000000014000e330 f i libcpmtd:StlLCMapStringA.obj
 0001:0000d3d0       ?_Addstd@ios_base@std@@SAXPEAV12@@Z 000000014000e3d0 f   libcpmtd:ios.obj
 0001:0000d4a0       ?_Callfns@ios_base@std@@AEAAXW4event@12@@Z 000000014000e4a0 f i libcpmtd:ios.obj
 0001:0000d510       ?_Ios_base_dtor@ios_base@std@@CAXPEAV12@@Z 000000014000e510 f   libcpmtd:ios.obj
 0001:0000d5b0       ?_Tidy@ios_base@std@@AEAAXXZ 000000014000e5b0 f i libcpmtd:ios.obj
 0001:0000d670       ??$?RG@__crt_internal_free_policy@@QEBAXQEBG@Z 000000014000e670 f i libucrtd:initctype.obj
 0001:0000d670       ??$?RU__crt_locale_data@@@__crt_internal_free_policy@@QEBAXQEBU__crt_locale_data@@@Z 000000014000e670 f i libucrtd:wsetlocale.obj
 0001:0000d670       ??$?RP6AXXZ@__crt_internal_free_policy@@QEBAXQEBQ6AXXZ@Z 000000014000e670 f i libucrtd:onexit.obj
 0001:0000d670       ??$?RU__acrt_ptd@@@__crt_internal_free_policy@@QEBAXQEBU__acrt_ptd@@@Z 000000014000e670 f i libucrtd:per_thread_data.obj
 0001:0000d670       ??$?RPEAU__crt_stdio_stream_data@@@__crt_internal_free_policy@@QEBAXQEBQEAU__crt_stdio_stream_data@@@Z 000000014000e670 f i libucrtd:_file.obj
 0001:0000d670       ??$?RU__crt_stdio_stream_data@@@__crt_internal_free_policy@@QEBAXQEBU__crt_stdio_stream_data@@@Z 000000014000e670 f i libucrtd:stream.obj
 0001:0000d670       ??$?RPEAD@__crt_internal_free_policy@@QEBAXQEBQEAD@Z 000000014000e670 f i libucrtd:argv_parsing.obj
 0001:0000d670       ??$?RE@__crt_internal_free_policy@@QEBAXQEBE@Z 000000014000e670 f i libcpmtd:xwcsxfrm.obj
 0001:0000d670       ??$?RD@__crt_internal_free_policy@@QEBAXQEBD@Z 000000014000e670 f i libvcruntimed:std_type_info.obj
 0001:0000d670       ??$?RU__vcrt_ptd@@@__crt_internal_free_policy@@QEBAXQEBU__vcrt_ptd@@@Z 000000014000e670 f i libvcruntimed:per_thread_data.obj
 0001:0000d670       ??$?RU__crt_lowio_handle_data@@@__crt_internal_free_policy@@QEBAXQEBU__crt_lowio_handle_data@@@Z 000000014000e670 f i libucrtd:osfinfo.obj
 0001:0000d670       ??$?RU__crt_lc_time_data@@@__crt_internal_free_policy@@QEBAXQEBU__crt_lc_time_data@@@Z 000000014000e670 f i libucrtd:inittime.obj
 0001:0000d670       ??$?RU__crt_multibyte_data@@@__crt_internal_free_policy@@QEBAXQEBU__crt_multibyte_data@@@Z 000000014000e670 f i libucrtd:wsetlocale.obj
 0001:0000d670       ??$?RUlconv@@@__crt_internal_free_policy@@QEBAXQEBUlconv@@@Z 000000014000e670 f i libucrtd:initmon.obj
 0001:0000d670       ??$?RJ@__crt_internal_free_policy@@QEBAXQEBJ@Z 000000014000e670 f i libucrtd:initctype.obj
 0001:0000d670       ??$?R_W@__crt_internal_free_policy@@QEBAXQEB_W@Z 000000014000e670 f i libucrtd:setlocale.obj
 0001:0000d6a0       ??1?$__crt_unique_heap_ptr@U__crt_locale_data@@U__crt_internal_free_policy@@@@QEAA@XZ 000000014000e6a0 f i libucrtd:wsetlocale.obj
 0001:0000d6a0       ??1?$__crt_unique_heap_ptr@EU__crt_internal_free_policy@@@@QEAA@XZ 000000014000e6a0 f i libcpmtd:xwcsxfrm.obj
 0001:0000d6a0       ??1?$__crt_unique_heap_ptr@DU__crt_internal_free_policy@@@@QEAA@XZ 000000014000e6a0 f i libvcruntimed:std_type_info.obj
 0001:0000d6a0       ??1?$__crt_unique_heap_ptr@U__crt_multibyte_data@@U__crt_internal_free_policy@@@@QEAA@XZ 000000014000e6a0 f i libucrtd:wsetlocale.obj
 0001:0000d6a0       ??1?$__crt_unique_heap_ptr@Ulconv@@U__crt_internal_free_policy@@@@QEAA@XZ 000000014000e6a0 f i libucrtd:initmon.obj
 0001:0000d6a0       ??1?$__crt_unique_heap_ptr@GU__crt_internal_free_policy@@@@QEAA@XZ 000000014000e6a0 f i libucrtd:initctype.obj
 0001:0000d6a0       ??1?$__crt_unique_heap_ptr@PEAU__crt_stdio_stream_data@@U__crt_internal_free_policy@@@@QEAA@XZ 000000014000e6a0 f i libucrtd:_file.obj
 0001:0000d6a0       ??1?$__crt_unique_heap_ptr@U__crt_lc_time_data@@U__crt_internal_free_policy@@@@QEAA@XZ 000000014000e6a0 f i libucrtd:inittime.obj
 0001:0000d6a0       ??1?$__crt_unique_heap_ptr@PEADU__crt_internal_free_policy@@@@QEAA@XZ 000000014000e6a0 f i libucrtd:argv_parsing.obj
 0001:0000d6a0       ??1?$__crt_unique_heap_ptr@U__acrt_ptd@@U__crt_internal_free_policy@@@@QEAA@XZ 000000014000e6a0 f i libucrtd:per_thread_data.obj
 0001:0000d6a0       ??1?$__crt_unique_heap_ptr@JU__crt_internal_free_policy@@@@QEAA@XZ 000000014000e6a0 f i libucrtd:initctype.obj
 0001:0000d6a0       ??1?$__crt_unique_heap_ptr@_WU__crt_internal_free_policy@@@@QEAA@XZ 000000014000e6a0 f i libucrtd:setlocale.obj
 0001:0000d6a0       ??1?$__crt_unique_heap_ptr@U__crt_lowio_handle_data@@U__crt_internal_free_policy@@@@QEAA@XZ 000000014000e6a0 f i libucrtd:osfinfo.obj
 0001:0000d6a0       ??1?$__crt_unique_heap_ptr@P6AXXZU__crt_internal_free_policy@@@@QEAA@XZ 000000014000e6a0 f i libucrtd:onexit.obj
 0001:0000d6a0       ??1?$__crt_unique_heap_ptr@U__crt_stdio_stream_data@@U__crt_internal_free_policy@@@@QEAA@XZ 000000014000e6a0 f i libucrtd:stream.obj
 0001:0000d6a0       ??1?$__crt_unique_heap_ptr@U__vcrt_ptd@@U__crt_internal_free_policy@@@@QEAA@XZ 000000014000e6a0 f i libvcruntimed:per_thread_data.obj
 0001:0000d6c0       ??B?$__crt_unique_heap_ptr@DU__crt_public_free_policy@@@@QEBA_NXZ 000000014000e6c0 f i libvcruntimed:std_exception.obj
 0001:0000d6c0       ??B?$__crt_unique_heap_ptr@U__crt_multibyte_data@@U__crt_internal_free_policy@@@@QEBA_NXZ 000000014000e6c0 f i libucrtd:wsetlocale.obj
 0001:0000d6c0       ??B?$__crt_unique_heap_ptr@U__crt_lowio_handle_data@@U__crt_internal_free_policy@@@@QEBA_NXZ 000000014000e6c0 f i libucrtd:osfinfo.obj
 0001:0000d6c0       ??B?$__crt_unique_heap_ptr@U__acrt_ptd@@U__crt_internal_free_policy@@@@QEBA_NXZ 000000014000e6c0 f i libucrtd:per_thread_data.obj
 0001:0000d6c0       ??B?$__crt_unique_heap_ptr@DU__crt_internal_free_policy@@@@QEBA_NXZ 000000014000e6c0 f i libvcruntimed:std_type_info.obj
 0001:0000d6c0       ??B?$__crt_unique_heap_ptr@U__vcrt_ptd@@U__crt_internal_free_policy@@@@QEBA_NXZ 000000014000e6c0 f i libvcruntimed:per_thread_data.obj
 0001:0000d6c0       ??B?$__crt_unique_heap_ptr@U__crt_lc_time_data@@U__crt_internal_free_policy@@@@QEBA_NXZ 000000014000e6c0 f i libucrtd:inittime.obj
 0001:0000d6c0       ??B?$__crt_unique_heap_ptr@EU__crt_internal_free_policy@@@@QEBA_NXZ 000000014000e6c0 f i libcpmtd:xwcsxfrm.obj
 0001:0000d6e0       ?release@?$__crt_unique_heap_ptr@_WU__crt_internal_free_policy@@@@QEAAXXZ 000000014000e6e0 f i libucrtd:setlocale.obj
 0001:0000d6e0       ?release@?$__crt_unique_heap_ptr@PEADU__crt_internal_free_policy@@@@QEAAXXZ 000000014000e6e0 f i libucrtd:argv_parsing.obj
 0001:0000d6e0       ?release@?$__crt_unique_heap_ptr@U__crt_stdio_stream_data@@U__crt_internal_free_policy@@@@QEAAXXZ 000000014000e6e0 f i libucrtd:stream.obj
 0001:0000d6e0       ?release@?$__crt_unique_heap_ptr@U__crt_multibyte_data@@U__crt_internal_free_policy@@@@QEAAXXZ 000000014000e6e0 f i libucrtd:wsetlocale.obj
 0001:0000d6e0       ?release@?$__crt_unique_heap_ptr@DU__crt_internal_free_policy@@@@QEAAXXZ 000000014000e6e0 f i libvcruntimed:std_type_info.obj
 0001:0000d6e0       ?release@?$__crt_unique_heap_ptr@U__crt_lowio_handle_data@@U__crt_internal_free_policy@@@@QEAAXXZ 000000014000e6e0 f i libucrtd:osfinfo.obj
 0001:0000d6e0       ?release@?$__crt_unique_heap_ptr@U__vcrt_ptd@@U__crt_internal_free_policy@@@@QEAAXXZ 000000014000e6e0 f i libvcruntimed:per_thread_data.obj
 0001:0000d6e0       ?release@?$__crt_unique_heap_ptr@P6AXXZU__crt_internal_free_policy@@@@QEAAXXZ 000000014000e6e0 f i libucrtd:onexit.obj
[...]
 0003:00000080       ?__acrt_current_request_number@@3JA 0000000140085080     libucrtd:debug_heap.obj
 0003:000001b0       ?errno_no_memory@@3HA      00000001400851b0     libucrtd:errno.obj
 0003:000001b4       ?doserrno_no_memory@@3KA   00000001400851b4     libucrtd:errno.obj
 0003:00000270       _ctype_loc_style           0000000140085270     libucrtd:wsetlocale.obj
 0003:00000280       ?__acrt_flsindex@@3KA      0000000140085280     libucrtd:per_thread_data.obj
 0003:00000590       ?dazSupported@?1??_ctrlfp@@9@9 0000000140085590     libucrtd:fpctrl.obj
 0003:000005a0       ?__acrt_debug_fill_threshold@@3_KA 00000001400855a0     libucrtd:debug_fill_threshold.obj
 0003:000005b0       ?tzstd_program@@3PADA      00000001400855b0     libucrtd:timeset.obj
 0003:000005f0       ?tzdst_program@@3PADA      00000001400855f0     libucrtd:timeset.obj
 0003:00000630       ?w_tzstd_program@@3PA_WA   0000000140085630     libucrtd:timeset.obj
 0003:000006b0       ?w_tzdst_program@@3PA_WA   00000001400856b0     libucrtd:timeset.obj
 0003:00000730       ?tzname_states@@3PAY01PEADA 0000000140085730     libucrtd:timeset.obj
 0003:00000740       ?w_tzname_states@@3PAY01PEA_WA 0000000140085740     libucrtd:timeset.obj
 0003:00000980       _mbctypes                  0000000140085980     libucrtd:mbctype.obj
 0003:00000a90       _mbcasemaps                0000000140085a90     libucrtd:mbctype.obj
 0003:00000b90       ?__rgctypeflag@@3PADA      0000000140085b90     libucrtd:mbctype.obj
 0003:00000ba0       ?__rgcode_page_info@@3PAUcode_page_info@@A 0000000140085ba0     libucrtd:mbctype.obj
 0003:00000c90       ?__dcrt_lowio_console_output_handle@@3PEAXEA 0000000140085c90     libucrtd:initcon.obj
 0003:00000ca0       ?dazSupported@?1??common_control87@@9@9 0000000140085ca0     libucrtd:ieee.obj
 0003:00001260       ?vulkan@@3Uvulkan_engine@@A 0000000140086260     main.obj
 0003:00001950       ?vkCreateInstance@@3P6A?AW4VkResult@@PEBUVkInstanceCreateInfo@@PEBUVkAllocationCallbacks@@PEAPEAUVkInstance_T@@@ZEA 0000000140086950     main.obj
 0003:00001958       ?vkEnumerateInstanceLayerProperties@@3P6A?AW4VkResult@@PEAIPEAUVkLayerProperties@@@ZEA 0000000140086958     main.obj
 0003:00001960       ?vkEnumerateInstanceExtensionProperties@@3P6A?AW4VkResult@@PEBDPEAIPEAUVkExtensionProperties@@@ZEA 0000000140086960     main.obj
 0003:00001968       ?vkDestroyInstance@@3P6AXPEAUVkInstance_T@@PEBUVkAllocationCallbacks@@@ZEA 0000000140086968     main.obj
 0003:00001970       ?vkCreateDebugUtilsMessengerEXT@@3P6A?AW4VkResult@@PEAUVkInstance_T@@PEBUVkDebugUtilsMessengerCreateInfoEXT@@PEBUVkAllocationCallbacks@@PEAPEAUVkDebugUtilsMessengerEXT_T@@@ZEA 0000000140086970     main.obj
 0003:00001978       ?vkDestroyDebugUtilsMessengerEXT@@3P6AXPEAUVkInstance_T@@PEAUVkDebugUtilsMessengerEXT_T@@PEBUVkAllocationCallbacks@@@ZEA 0000000140086978     main.obj
 0003:00001980       ?vkEnumeratePhysicalDevices@@3P6A?AW4VkResult@@PEAUVkInstance_T@@PEAIPEAPEAUVkPhysicalDevice_T@@@ZEA 0000000140086980     main.obj
 0003:00001988       ?vkGetPhysicalDeviceQueueFamilyProperties@@3P6AXPEAUVkPhysicalDevice_T@@PEAIPEAUVkQueueFamilyProperties@@@ZEA 0000000140086988     main.obj
 0003:00001990       ?vkGetPhysicalDeviceFormatProperties@@3P6AXPEAUVkPhysicalDevice_T@@W4VkFormat@@PEAUVkFormatProperties@@@ZEA 0000000140086990     main.obj
 0003:00001998       ?vkGetPhysicalDeviceMemoryProperties@@3P6AXPEAUVkPhysicalDevice_T@@PEAUVkPhysicalDeviceMemoryProperties@@@ZEA 0000000140086998     main.obj
 0003:000019a0       ?vkGetPhysicalDeviceProperties@@3P6AXPEAUVkPhysicalDevice_T@@PEAUVkPhysicalDeviceProperties@@@ZEA 00000001400869a0     main.obj
 0003:000019a8       ?vkEnumerateDeviceExtensionProperties@@3P6A?AW4VkResult@@PEAUVkPhysicalDevice_T@@PEBDPEAIPEAUVkExtensionProperties@@@ZEA 00000001400869a8     main.obj
 0003:000019b0       ?vkCreateDevice@@3P6A?AW4VkResult@@PEAUVkPhysicalDevice_T@@PEBUVkDeviceCreateInfo@@PEBUVkAllocationCallbacks@@PEAPEAUVkDevice_T@@@ZEA 00000001400869b0     main.obj
 0003:000019b8       ?vkGetDeviceProcAddr@@3P6AP6AXXZPEAUVkDevice_T@@PEBD@ZEA 00000001400869b8     main.obj
 0003:000019c0       ?vkDeviceWaitIdle@@3P6A?AW4VkResult@@PEAUVkDevice_T@@@ZEA 00000001400869c0     main.obj
 0003:000019c8       ?vkDestroyDevice@@3P6AXPEAUVkDevice_T@@PEBUVkAllocationCallbacks@@@ZEA 00000001400869c8     main.obj
 0003:000019d0       ?vkGetDeviceQueue@@3P6AXPEAUVkDevice_T@@IIPEAPEAUVkQueue_T@@@ZEA 00000001400869d0     main.obj
 0003:000019d8       ?vkCreateSemaphore@@3P6A?AW4VkResult@@PEAUVkDevice_T@@PEBUVkSemaphoreCreateInfo@@PEBUVkAllocationCallbacks@@PEAPEAUVkSemaphore_T@@@ZEA 00000001400869d8     main.obj
 0003:000019e0       ?vkDestroySemaphore@@3P6AXPEAUVkDevice_T@@PEAUVkSemaphore_T@@PEBUVkAllocationCallbacks@@@ZEA 00000001400869e0     main.obj
 0003:000019e8       ?vkQueueSubmit@@3P6A?AW4VkResult@@PEAUVkQueue_T@@IPEBUVkSubmitInfo@@PEAUVkFence_T@@@ZEA 00000001400869e8     main.obj
 0003:000019f0       ?vkQueueWaitIdle@@3P6A?AW4VkResult@@PEAUVkQueue_T@@@ZEA 00000001400869f0     main.obj
 0003:000019f8       ?vkCreateCommandPool@@3P6A?AW4VkResult@@PEAUVkDevice_T@@PEBUVkCommandPoolCreateInfo@@PEBUVkAllocationCallbacks@@PEAPEAUVkCommandPool_T@@@ZEA 00000001400869f8     main.obj
 0003:00001a00       ?vkResetCommandPool@@3P6A?AW4VkResult@@PEAUVkDevice_T@@PEAUVkCommandPool_T@@I@ZEA 0000000140086a00     main.obj
 0003:00001a08       ?vkDestroyCommandPool@@3P6AXPEAUVkDevice_T@@PEAUVkCommandPool_T@@PEBUVkAllocationCallbacks@@@ZEA 0000000140086a08     main.obj
 0003:00001a10       ?vkAllocateCommandBuffers@@3P6A?AW4VkResult@@PEAUVkDevice_T@@PEBUVkCommandBufferAllocateInfo@@PEAPEAUVkCommandBuffer_T@@@ZEA 0000000140086a10     main.obj
 0003:00001a18       ?vkFreeCommandBuffers@@3P6AXPEAUVkDevice_T@@PEAUVkCommandPool_T@@IPEBQEAUVkCommandBuffer_T@@@ZEA 0000000140086a18     main.obj
 0003:00001a20       ?vkBeginCommandBuffer@@3P6A?AW4VkResult@@PEAUVkCommandBuffer_T@@PEBUVkCommandBufferBeginInfo@@@ZEA 0000000140086a20     main.obj
 0003:00001a28       ?vkEndCommandBuffer@@3P6A?AW4VkResult@@PEAUVkCommandBuffer_T@@@ZEA 0000000140086a28     main.obj
 0003:00001a30       ?vkResetCommandBuffer@@3P6A?AW4VkResult@@PEAUVkCommandBuffer_T@@I@ZEA 0000000140086a30     main.obj
 0003:00001a38       ?vkAllocateMemory@@3P6A?AW4VkResult@@PEAUVkDevice_T@@PEBUVkMemoryAllocateInfo@@PEBUVkAllocationCallbacks@@PEAPEAUVkDeviceMemory_T@@@ZEA 0000000140086a38     main.obj
 0003:00001a40       ?vkFreeMemory@@3P6AXPEAUVkDevice_T@@PEAUVkDeviceMemory_T@@PEBUVkAllocationCallbacks@@@ZEA 0000000140086a40     main.obj
 0003:00001a48       ?vkCreateFence@@3P6A?AW4VkResult@@PEAUVkDevice_T@@PEBUVkFenceCreateInfo@@PEBUVkAllocationCallbacks@@PEAPEAUVkFence_T@@@ZEA 0000000140086a48     main.obj
 0003:00001a50       ?vkResetFences@@3P6A?AW4VkResult@@PEAUVkDevice_T@@IPEBQEAUVkFence_T@@@ZEA 0000000140086a50     main.obj
 0003:00001a58       ?vkDestroyFence@@3P6AXPEAUVkDevice_T@@PEAUVkFence_T@@PEBUVkAllocationCallbacks@@@ZEA 0000000140086a58     main.obj
 0003:00001a60       ?vkWaitForFences@@3P6A?AW4VkResult@@PEAUVkDevice_T@@IPEBQEAUVkFence_T@@I_K@ZEA 0000000140086a60     main.obj
 0003:00001a68       ?vkCreateShaderModule@@3P6A?AW4VkResult@@PEAUVkDevice_T@@PEBUVkShaderModuleCreateInfo@@PEBUVkAllocationCallbacks@@PEAPEAUVkShaderModule_T@@@ZEA 0000000140086a68     main.obj
 0003:00001a70       ?vkDestroyShaderModule@@3P6AXPEAUVkDevice_T@@PEAUVkShaderModule_T@@PEBUVkAllocationCallbacks@@@ZEA 0000000140086a70     main.obj
 0003:00001a78       ?vkCreatePipelineLayout@@3P6A?AW4VkResult@@PEAUVkDevice_T@@PEBUVkPipelineLayoutCreateInfo@@PEBUVkAllocationCallbacks@@PEAPEAUVkPipelineLayout_T@@@ZEA 0000000140086a78     main.obj
 0003:00001a80       ?vkDestroyPipelineLayout@@3P6AXPEAUVkDevice_T@@PEAUVkPipelineLayout_T@@PEBUVkAllocationCallbacks@@@ZEA 0000000140086a80     main.obj
 0003:00001a88       ?vkCreateGraphicsPipelines@@3P6A?AW4VkResult@@PEAUVkDevice_T@@PEAUVkPipelineCache_T@@IPEBUVkGraphicsPipelineCreateInfo@@PEBUVkAllocationCallbacks@@PEAPEAUVkPipeline_T@@@ZEA 0000000140086a88     main.obj
 0003:00001a90       ?vkDestroyPipeline@@3P6AXPEAUVkDevice_T@@PEAUVkPipeline_T@@PEBUVkAllocationCallbacks@@@ZEA 0000000140086a90     main.obj
 0003:00001a98       ?vkCreateBuffer@@3P6A?AW4VkResult@@PEAUVkDevice_T@@PEBUVkBufferCreateInfo@@PEBUVkAllocationCallbacks@@PEAPEAUVkBuffer_T@@@ZEA 0000000140086a98     main.obj
 0003:00001aa0       ?vkDestroyBuffer@@3P6AXPEAUVkDevice_T@@PEAUVkBuffer_T@@PEBUVkAllocationCallbacks@@@ZEA 0000000140086aa0     main.obj
 0003:00001aa8       ?vkGetBufferMemoryRequirements@@3P6AXPEAUVkDevice_T@@PEAUVkBuffer_T@@PEAUVkMemoryRequirements@@@ZEA 0000000140086aa8     main.obj
 0003:00001ab0       ?vkBindBufferMemory@@3P6A?AW4VkResult@@PEAUVkDevice_T@@PEAUVkBuffer_T@@PEAUVkDeviceMemory_T@@_K@ZEA 0000000140086ab0     main.obj
 0003:00001ab8       ?vkMapMemory@@3P6A?AW4VkResult@@PEAUVkDevice_T@@PEAUVkDeviceMemory_T@@_K2IPEAPEAX@ZEA 0000000140086ab8     main.obj
 0003:00001ac0       ?vkUnmapMemory@@3P6AXPEAUVkDevice_T@@PEAUVkDeviceMemory_T@@@ZEA 0000000140086ac0     main.obj
 0003:00001ac8       ?vkFlushMappedMemoryRanges@@3P6A?AW4VkResult@@PEAUVkDevice_T@@IPEBUVkMappedMemoryRange@@@ZEA 0000000140086ac8     main.obj
 0003:00001ad0       ?vkCreateDescriptorSetLayout@@3P6A?AW4VkResult@@PEAUVkDevice_T@@PEBUVkDescriptorSetLayoutCreateInfo@@PEBUVkAllocationCallbacks@@PEAPEAUVkDescriptorSetLayout_T@@@ZEA 0000000140086ad0     main.obj
 0003:00001ad8       ?vkDestroyDescriptorSetLayout@@3P6AXPEAUVkDevice_T@@PEAUVkDescriptorSetLayout_T@@PEBUVkAllocationCallbacks@@@ZEA 0000000140086ad8     main.obj
 0003:00001ae0       ?vkCreateDescriptorPool@@3P6A?AW4VkResult@@PEAUVkDevice_T@@PEBUVkDescriptorPoolCreateInfo@@PEBUVkAllocationCallbacks@@PEAPEAUVkDescriptorPool_T@@@ZEA 0000000140086ae0     main.obj
 0003:00001ae8       ?vkDestroyDescriptorPool@@3P6AXPEAUVkDevice_T@@PEAUVkDescriptorPool_T@@PEBUVkAllocationCallbacks@@@ZEA 0000000140086ae8     main.obj
 0003:00001af0       ?vkAllocateDescriptorSets@@3P6A?AW4VkResult@@PEAUVkDevice_T@@PEBUVkDescriptorSetAllocateInfo@@PEAPEAUVkDescriptorSet_T@@@ZEA 0000000140086af0     main.obj
 0003:00001af8       ?vkUpdateDescriptorSets@@3P6AXPEAUVkDevice_T@@IPEBUVkWriteDescriptorSet@@IPEBUVkCopyDescriptorSet@@@ZEA 0000000140086af8     main.obj
 0003:00001b00       ?vkCreateComputePipelines@@3P6A?AW4VkResult@@PEAUVkDevice_T@@PEAUVkPipelineCache_T@@IPEBUVkComputePipelineCreateInfo@@PEBUVkAllocationCallbacks@@PEAPEAUVkPipeline_T@@@ZEA 0000000140086b00     main.obj
 0003:00001b08       ?vkCmdPipelineBarrier@@3P6AXPEAUVkCommandBuffer_T@@IIIIPEBUVkMemoryBarrier@@IPEBUVkBufferMemoryBarrier@@IPEBUVkImageMemoryBarrier@@@ZEA 0000000140086b08     main.obj
 0003:00001b10       ?vkCmdBindPipeline@@3P6AXPEAUVkCommandBuffer_T@@W4VkPipelineBindPoint@@PEAUVkPipeline_T@@@ZEA 0000000140086b10     main.obj
 0003:00001b18       ?vkCmdBindDescriptorSets@@3P6AXPEAUVkCommandBuffer_T@@W4VkPipelineBindPoint@@PEAUVkPipelineLayout_T@@IIPEBQEAUVkDescriptorSet_T@@IPEBI@ZEA 0000000140086b18     main.obj
 0003:00001b20       ?vkCmdPushConstants@@3P6AXPEAUVkCommandBuffer_T@@PEAUVkPipelineLayout_T@@IIIPEBX@ZEA 0000000140086b20     main.obj
 0003:00001b28       ?vkCmdDispatch@@3P6AXPEAUVkCommandBuffer_T@@III@ZEA 0000000140086b28     main.obj
 0003:00001b30       ?vkCmdCopyBuffer@@3P6AXPEAUVkCommandBuffer_T@@PEAUVkBuffer_T@@1IPEBUVkBufferCopy@@@ZEA 0000000140086b30     main.obj
 0003:00001b50       ?initlocks@std@@3V_Init_locks@1@A 0000000140086b50     libcpmtd:xlock.obj
 0003:00001b60       ?mtx@std@@3PAU_RTL_CRITICAL_SECTION@@A 0000000140086b60     libcpmtd:xlock.obj
 0003:00001cd0       ?classic_locale@std@@3Vlocale@1@A 0000000140086cd0     libcpmtd:locale0.obj
 0003:00001ce8       ?_Fac_head@std@@3PEAU_Fac_node@1@EA 0000000140086ce8     libcpmtd:locale0.obj
 0003:00001cf0       ?_Fac_tidy_reg@std@@3U_Fac_tidy_reg_t@1@B 0000000140086cf0     libcpmtd:locale0.obj
 0003:00001cf8       global_locale              0000000140086cf8     libcpmtd:locale0.obj
 0003:00001d00       ?registered@?1??_Setgloballocale@locale@std@@CAXPEAX@Z@4_NA 0000000140086d00     libcpmtd:locale0.obj
 0003:00001d10       ?initlocks@@3V_Init_locks@std@@A 0000000140086d10     libcpmtd:cin.obj
 0003:00001d11       ?init_cin@std@@3U_Init_cin@1@A 0000000140086d11     libcpmtd:cin.obj
 0003:00001d20       ?fin@std@@3V?$basic_filebuf@DU?$char_traits@D@std@@@1@A 0000000140086d20     libcpmtd:cin.obj
 0003:00001e50       ?initlocks@@3V_Init_locks@std@@A 0000000140086e50     libcpmtd:cout.obj
 0003:00001e51       ?init_cout@std@@3U_Init_cout@1@A 0000000140086e51     libcpmtd:cout.obj
 0003:00001ed0       ?fout@std@@3V?$basic_filebuf@DU?$char_traits@D@std@@@1@A 0000000140086ed0     libcpmtd:cout.obj
 0003:00001fc0       ?initlocks@std@@3V_Init_locks@1@A 0000000140086fc0     libcpmtd:iosptrs.obj
 0003:00001fc1       ?init_atexit@@3U_Init_atexit@@A 0000000140086fc1     libcpmtd:iosptrs.obj
 0003:00001fd0       ?atfuns_cdecl@@3PAP6AXXZA  0000000140086fd0     libcpmtd:iosptrs.obj
 0003:00002030       ?stdstr@std@@3PAPEAVios_base@1@A 0000000140087030     libcpmtd:ios.obj
 0003:00002080       ?stdopens@std@@3PADA       0000000140087080     libcpmtd:ios.obj
 0003:00002190       ?is_initialized_as_dll@@3_NA 0000000140087190     LIBCMTD:utility.obj
 0003:00002191       ?module_local_atexit_table_initialized@@3_NA 0000000140087191     LIBCMTD:utility.obj
 0003:00002198       ?module_local_atexit_table@@3U_onexit_table_t@@A 0000000140087198     LIBCMTD:utility.obj
 0003:000021b0       ?module_local_at_quick_exit_table@@3U_onexit_table_t@@A 00000001400871b0     LIBCMTD:utility.obj
 0003:000021d0       GS_ExceptionRecord         00000001400871d0     LIBCMTD:gs_report.obj
 0003:00002270       GS_ContextRecord           0000000140087270     LIBCMTD:gs_report.obj
 0003:00002770       ?__vcrt_startup_thread_ptd@@3U__vcrt_ptd@@A 0000000140087770     libvcruntimed:per_thread_data.obj
 0003:000027f0       __vcrt_lock_table          00000001400877f0     libvcruntimed:locks.obj
 0003:00002818       __vcrt_locks_initialized   0000000140087818     libvcruntimed:locks.obj
 0003:00002860       ?heap@@3V_HeapManager@@A   0000000140087860     libvcruntimed:undname.obj
 0003:00002888       ?module_handles@@3PAPEAUHINSTANCE__@@A 0000000140087888     libvcruntimed:winapi_downlevel.obj
 0003:000028a0       ?function_pointers@@3PAPEAXA 00000001400878a0     libvcruntimed:winapi_downlevel.obj
 0003:000028c8       ?__acrt_invalid_parameter_handler@@3V?$dual_state_global@P6AXPEB_W00I_K@Z@__crt_state_management@@A 00000001400878c8     libucrtd:invalid_parameter.obj
 0003:000028d0       ?__acrt_first_block@@3PEAU_CrtMemBlockHeader@@EA 00000001400878d0     libucrtd:debug_heap.obj
 0003:000028d8       ?__acrt_last_block@@3PEAU_CrtMemBlockHeader@@EA 00000001400878d8     libucrtd:debug_heap.obj
 0003:000028e0       ?__acrt_total_allocations@@3_KA 00000001400878e0     libucrtd:debug_heap.obj
 0003:000028e8       ?__acrt_current_allocations@@3_KA 00000001400878e8     libucrtd:debug_heap.obj
 0003:000028f0       ?__acrt_max_allocations@@3_KA 00000001400878f0     libucrtd:debug_heap.obj
 0003:000028f8       ?__acrt_check_frequency@@3IA 00000001400878f8     libucrtd:debug_heap.obj
 0003:000028fc       ?__acrt_check_counter@@3IA 00000001400878fc     libucrtd:debug_heap.obj
 0003:00002908       ?heap_validation_pending@@3_NA 0000000140087908     libucrtd:debug_heap.obj
 0003:00002910       ?__acrt_lock_table@@3PAU_RTL_CRITICAL_SECTION@@A 0000000140087910     libucrtd:locks.obj
 0003:00002b40       ?__acrt_locks_initialized@@3IA 0000000140087b40     libucrtd:locks.obj
 0003:00002b68       ?__acrt_new_handler@@3V?$dual_state_global@P6AH_K@Z@__crt_state_management@@A 0000000140087b68     libucrtd:new_handler.obj
 0003:00002b70       ?__acrt_app_type@@3W4_crt_app_type@@A 0000000140087b70     libucrtd:report_runtime_error.obj
 0003:00002b80       ?outmsg@?9??__acrt_report_runtime_error@@9@4PA_WA 0000000140087b80     libucrtd:report_runtime_error.obj
 0003:000031a8       ?user_matherr@@3V?$dual_state_global@P6AHPEAU_exception@@@Z@__crt_state_management@@A 00000001400881a8     libucrtd:matherr.obj
 0003:000031b0       ?program_name@?1???$common_configure_argv@D@@YAHW4_crt_argv_mode@@@Z@4PADA 00000001400881b0     libucrtd:argv_parsing.obj
 0003:000032d8       ?c_termination_complete@@3JA 00000001400882d8     libucrtd:exit.obj
 0003:000032e0       ?thread_local_exit_callback_func@@3P6AXPEAXK0@ZEA 00000001400882e0     libucrtd:exit.obj
 0003:00003324       ?__acrt_global_new_mode@@3V?$dual_state_global@J@__crt_state_management@@A 0000000140088324     libucrtd:new_mode.obj
 0003:00003388       ?ctrlc_action@@3V?$dual_state_global@P6AXH@Z@__crt_state_management@@A 0000000140088388     libucrtd:signal.obj
 0003:00003390       ?ctrlbreak_action@@3V?$dual_state_global@P6AXH@Z@__crt_state_management@@A 0000000140088390     libucrtd:signal.obj
 0003:00003398       ?abort_action@@3V?$dual_state_global@P6AXH@Z@__crt_state_management@@A 0000000140088398     libucrtd:signal.obj
 0003:000033a0       ?term_action@@3V?$dual_state_global@P6AXH@Z@__crt_state_management@@A 00000001400883a0     libucrtd:signal.obj
 0003:000033b0       ?module_handles@@3PAPEAUHINSTANCE__@@A 00000001400883b0     libucrtd:winapi_thunks.obj
 0003:00003450       ?encoded_function_pointers@@3PAPEAXA 0000000140088450     libucrtd:winapi_thunks.obj
 0003:00003560       ?static_enum_proc@?1??enum_system_locales_ex_nolock@@YAHQ6AHPEA_WK_J@Z@Z@4P6AH0K1@ZEA 0000000140088560     libucrtd:winapi_thunks.obj
 0003:00003990       ?internal_state@?1??_mbtowc_l@@9@4U_Mbstatet@@A 0000000140088990     libucrtd:mbtowc.obj
 0003:00003998       ?enable_percent_n@@3_KA    0000000140088998     libucrtd:printf_count_output.obj
 0003:000039b0       ?_tzname@@3V?$dual_state_global@PEAPEAD@__crt_state_management@@A 00000001400889b0     libucrtd:timeset.obj
 0003:000039b8       ?w_tzname@@3V?$dual_state_global@PEAPEA_W@__crt_state_management@@A 00000001400889b8     libucrtd:timeset.obj
 0003:000039c0       ?tz_api_used@@3HA          00000001400889c0     libucrtd:tzset.obj
 0003:000039c4       ?tzset_init_state@@3V?$dual_state_global@J@__crt_state_management@@A 00000001400889c4     libucrtd:tzset.obj
 0003:000039d0       ?tz_info@@3U_TIME_ZONE_INFORMATION@@A 00000001400889d0     libucrtd:tzset.obj
 0003:00003a7c       __acrt_error_mode          0000000140088a7c     libucrtd:set_error_mode.obj
 0003:00003a98       ?fSystemSet@@3HA           0000000140088a98     libucrtd:mbctype.obj
 0003:00003a9c       ?initialized@?1??__acrt_initialize_multibyte@@9@4_NA 0000000140088a9c     libucrtd:mbctype.obj
 0003:00003aa0       ?state_cache@?1???$get_cached_win_policy@Udeveloper_information_policy_properties@?1??__acrt_get_developer_information_policy@@YA?AW4developer_information_policy@@XZ@@@YA?AW4developer_information_policy@@W4AppPolicyShowDeveloperDiagnostic@@@Z@4JA 0000000140088aa0     libucrtd:win_policies.obj
 0003:00003aa4       ?state_cache@?1???$get_cached_win_policy@Uwindowing_model_policy_properties@?1??__acrt_get_windowing_model_policy@@YA?AW4windowing_model_policy@@XZ@@@YA?AW4windowing_model_policy@@W4AppPolicyWindowingModel@@@Z@4JA 0000000140088aa4     libucrtd:win_policies.obj
 0003:00003ab0       ?internal_pst@?1??__mbrtoc32_utf8@__crt_mbstring@@YA_KPEA_UPEBD_KPEAU_Mbstatet@@@Z@4U3@A 0000000140088ab0     libucrtd:mbrtoc32.obj
 0003:00003ab8       ?internal_pst@?1??__c16rtomb_utf8@__crt_mbstring@@YA_KPEAD_SPEAU_Mbstatet@@@Z@4U3@A 0000000140088ab8     libucrtd:c16rtomb.obj
 0005:00000000       MoveSmall                  000000014008f000     libvcruntimed:memcpy.obj
 0005:00000040       MoveSmallYmm               000000014008f040     libvcruntimed:memcpy.obj
 0005:00000064       MoveSmallYmmNT             000000014008f064     libvcruntimed:memcpy.obj
 0005:00000088       MoveSmallXmm               000000014008f088     libvcruntimed:memcpy.obj
 0005:000000b0       MsetTab                    000000014008f0b0     libvcruntimed:memset.obj
